2026-04-17T10:29:44.1774529Z Current runner version: '2.333.1'
2026-04-17T10:29:44.1806889Z ##[group]Runner Image Provisioner
2026-04-17T10:29:44.1808057Z Hosted Compute Agent
2026-04-17T10:29:44.1808865Z Version: 20260213.493
2026-04-17T10:29:44.1809894Z Commit: 5c115507f6dd24b8de37d8bbe0bb4509d0cc0fa3
2026-04-17T10:29:44.1810846Z Build Date: 2026-02-13T00:28:41Z
2026-04-17T10:29:44.1811884Z Worker ID: {5faaf12f-f567-4547-95e5-e58c98b04b88}
2026-04-17T10:29:44.1812860Z Azure Region: centralus
2026-04-17T10:29:44.1813671Z ##[endgroup]
2026-04-17T10:29:44.1815710Z ##[group]Operating System
2026-04-17T10:29:44.1816569Z Ubuntu
2026-04-17T10:29:44.1817185Z 24.04.4
2026-04-17T10:29:44.1817877Z LTS
2026-04-17T10:29:44.1818518Z ##[endgroup]
2026-04-17T10:29:44.1819230Z ##[group]Runner Image
2026-04-17T10:29:44.1820256Z Image: ubuntu-24.04
2026-04-17T10:29:44.1820923Z Version: 20260413.86.1
2026-04-17T10:29:44.1822725Z Included Software: https://github.com/actions/runner-images/blob/ubuntu24/20260413.86/images/ubuntu/Ubuntu2404-Readme.md
2026-04-17T10:29:44.1824904Z Image Release: https://github.com/actions/runner-images/releases/tag/ubuntu24%2F20260413.86
2026-04-17T10:29:44.1826426Z ##[endgroup]
2026-04-17T10:29:44.1828075Z ##[group]GITHUB_TOKEN Permissions
2026-04-17T10:29:44.1830990Z Contents: read
2026-04-17T10:29:44.1831822Z Metadata: read
2026-04-17T10:29:44.1832565Z ##[endgroup]
2026-04-17T10:29:44.1835231Z Secret source: Actions
2026-04-17T10:29:44.1836401Z Prepare workflow directory
2026-04-17T10:29:44.2257944Z Prepare all required actions
2026-04-17T10:29:44.2314070Z Getting action download info
2026-04-17T10:29:44.7642551Z Download action repository 'actions/github-script@3a2844b7e9c422d3c10d287c895573f7108da1b3' (SHA:3a2844b7e9c422d3c10d287c895573f7108da1b3)
2026-04-17T10:29:45.3153913Z Download action repository 'docker/metadata-action@030e881283bb7a6894de51c315a6bfe6a94e05cf' (SHA:030e881283bb7a6894de51c315a6bfe6a94e05cf)
2026-04-17T10:29:45.9375466Z Download action repository 'docker/setup-qemu-action@ce360397dd3f832beb865e1373c09c0e9f86d70a' (SHA:ce360397dd3f832beb865e1373c09c0e9f86d70a)
2026-04-17T10:29:46.4691594Z Download action repository 'crazy-max/ghaction-github-runtime@04d248b84655b509d8c44dc1d6f990c879747487' (SHA:04d248b84655b509d8c44dc1d6f990c879747487)
2026-04-17T10:29:46.9036856Z Download action repository 'docker/setup-buildx-action@4d04d5d9486b7bd6fa91e7baf45bbb4f8b9deedd' (SHA:4d04d5d9486b7bd6fa91e7baf45bbb4f8b9deedd)
2026-04-17T10:29:47.5481087Z Download action repository 'docker/login-action@4907a6ddec9925e35a0a9e82d7399ccc52663121' (SHA:4907a6ddec9925e35a0a9e82d7399ccc52663121)
2026-04-17T10:29:48.1381487Z Download action repository 'docker/bake-action@a66e1c87e2eca0503c343edf1d208c716d54b8a8' (SHA:a66e1c87e2eca0503c343edf1d208c716d54b8a8)
2026-04-17T10:29:48.7992806Z Download action repository 'actions/upload-artifact@043fb46d1a93c77aae656e7c1c64a875d1fc6a0a' (SHA:043fb46d1a93c77aae656e7c1c64a875d1fc6a0a)
2026-04-17T10:29:49.5742861Z Uses: docker/github-builder/.github/workflows/bake.yml@7d2a02426d4b989616ba5aaee4e879afd4134b0d
2026-04-17T10:29:49.5746599Z ##[group] Inputs
2026-04-17T10:29:49.5746854Z   runner: amd64
2026-04-17T10:29:49.5747355Z   distribute: true
2026-04-17T10:29:49.5747548Z   fail-fast: false
2026-04-17T10:29:49.5747718Z   setup-qemu: true
2026-04-17T10:29:49.5747933Z   artifact-name: buildkit-binaries
2026-04-17T10:29:49.5748175Z   artifact-upload: true
2026-04-17T10:29:49.5748372Z   cache: true
2026-04-17T10:29:49.5748541Z   cache-scope: binaries
2026-04-17T10:29:49.5748736Z   cache-mode: min
2026-04-17T10:29:49.5748902Z   context: .
2026-04-17T10:29:49.5749064Z   files: 
2026-04-17T10:29:49.5749214Z   output: local
2026-04-17T10:29:49.5749405Z   push: false
2026-04-17T10:29:49.5749558Z   sbom: true
2026-04-17T10:29:49.5749864Z   set: 
2026-04-17T10:29:49.5750033Z   sign: true
2026-04-17T10:29:49.5750196Z   target: release
2026-04-17T10:29:49.5750369Z   vars: 
2026-04-17T10:29:49.5750535Z   set-meta-annotations: false
2026-04-17T10:29:49.5750776Z   set-meta-labels: false
2026-04-17T10:29:49.5751261Z   meta-images: 
2026-04-17T10:29:49.5751526Z   meta-tags: 
2026-04-17T10:29:49.5751687Z   meta-flavor: 
2026-04-17T10:29:49.5751855Z   meta-labels: 
2026-04-17T10:29:49.5752017Z   meta-annotations: 
2026-04-17T10:29:49.5752203Z   meta-bake-target: 
2026-04-17T10:29:49.5752389Z ##[endgroup]
2026-04-17T10:29:49.5752648Z Complete job name: binaries / build (8, windows/amd64, ubuntu-24.04)
2026-04-17T10:29:49.6320318Z ##[group]Run actions/github-script@3a2844b7e9c422d3c10d287c895573f7108da1b3
2026-04-17T10:29:49.6321057Z with:
2026-04-17T10:29:49.6321708Z   script: await exec.exec('npm', [
  'install',
  '--prefer-offline',
  '--ignore-scripts',
  core.getInput('dat-module'),
  core.getInput('handlebars-module')
]);

2026-04-17T10:29:49.6322784Z   github-token: ***
2026-04-17T10:29:49.6323002Z   debug: false
2026-04-17T10:29:49.6323198Z   user-agent: actions/github-script
2026-04-17T10:29:49.6323453Z   result-encoding: json
2026-04-17T10:29:49.6323762Z   retries: 0
2026-04-17T10:29:49.6323972Z   retry-exempt-status-codes: 400,401,403,404,422
2026-04-17T10:29:49.6324452Z env:
2026-04-17T10:29:49.6324620Z   BUILDX_VERSION: v0.33.0
2026-04-17T10:29:49.6324844Z   BUILDKIT_IMAGE: moby/buildkit:v0.29.0
2026-04-17T10:29:49.6325110Z   SBOM_IMAGE: docker/buildkit-syft-scanner:1.10.0
2026-04-17T10:29:49.6325401Z   BINFMT_IMAGE: tonistiigi/binfmt:qemu-v10.2.1-65
2026-04-17T10:29:49.6325770Z   DOCKER_ACTIONS_TOOLKIT_MODULE: @docker/actions-toolkit@0.88.0
2026-04-17T10:29:49.6326076Z   HANDLEBARS_MODULE: handlebars@4.7.9
2026-04-17T10:29:49.6326307Z   COSIGN_VERSION: v3.0.6
2026-04-17T10:29:49.6326517Z   LOCAL_EXPORT_DIR: /tmp/buildx-output
2026-04-17T10:29:49.6326753Z   MATRIX_SIZE_LIMIT: 20
2026-04-17T10:29:49.6326960Z   BUILDX_SEND_GIT_QUERY_AS_INPUT: true
2026-04-17T10:29:49.6327219Z   INPUT_DAT-MODULE: @docker/actions-toolkit@0.88.0
2026-04-17T10:29:49.6327505Z   INPUT_HANDLEBARS-MODULE: handlebars@4.7.9
2026-04-17T10:29:49.6327740Z ##[endgroup]
2026-04-17T10:29:49.7288855Z [command]/usr/local/bin/npm install --prefer-offline --ignore-scripts @docker/actions-toolkit@0.88.0 handlebars@4.7.9
2026-04-17T10:29:57.8851948Z npm warn deprecated glob@10.5.0: Old versions of glob are not supported, and contain widely publicized security vulnerabilities, which have been fixed in the current version. Please update. Support for old versions may be purchased (at exorbitant rates) by contacting i@izs.me
2026-04-17T10:29:59.0163651Z 
2026-04-17T10:29:59.0409840Z added 243 packages in 9s
2026-04-17T10:29:59.0410178Z 
2026-04-17T10:29:59.0410498Z 30 packages are looking for funding
2026-04-17T10:29:59.0411083Z   run `npm fund` for details
2026-04-17T10:29:59.0561073Z ##[group]Run docker/setup-qemu-action@ce360397dd3f832beb865e1373c09c0e9f86d70a
2026-04-17T10:29:59.0561534Z with:
2026-04-17T10:29:59.0561805Z   image: tonistiigi/binfmt:qemu-v10.2.1-65
2026-04-17T10:29:59.0562137Z   cache-image: false
2026-04-17T10:29:59.0562409Z   platforms: all
2026-04-17T10:29:59.0562675Z env:
2026-04-17T10:29:59.0562893Z   BUILDX_VERSION: v0.33.0
2026-04-17T10:29:59.0563213Z   BUILDKIT_IMAGE: moby/buildkit:v0.29.0
2026-04-17T10:29:59.0563537Z   SBOM_IMAGE: docker/buildkit-syft-scanner:1.10.0
2026-04-17T10:29:59.0563945Z   BINFMT_IMAGE: tonistiigi/binfmt:qemu-v10.2.1-65
2026-04-17T10:29:59.0564372Z   DOCKER_ACTIONS_TOOLKIT_MODULE: @docker/actions-toolkit@0.88.0
2026-04-17T10:29:59.0564744Z   HANDLEBARS_MODULE: handlebars@4.7.9
2026-04-17T10:29:59.0565048Z   COSIGN_VERSION: v3.0.6
2026-04-17T10:29:59.0565329Z   LOCAL_EXPORT_DIR: /tmp/buildx-output
2026-04-17T10:29:59.0565650Z   MATRIX_SIZE_LIMIT: 20
2026-04-17T10:29:59.0565971Z   BUILDX_SEND_GIT_QUERY_AS_INPUT: true
2026-04-17T10:29:59.0566318Z ##[endgroup]
2026-04-17T10:29:59.1827532Z ##[group]Docker info
2026-04-17T10:29:59.1845279Z [command]/usr/bin/docker version
2026-04-17T10:29:59.5238835Z Client: Docker Engine - Community
2026-04-17T10:29:59.5239424Z  Version:           28.0.4
2026-04-17T10:29:59.5239963Z  API version:       1.48
2026-04-17T10:29:59.5240427Z  Go version:        go1.23.7
2026-04-17T10:29:59.5241189Z  Git commit:        b8034c0
2026-04-17T10:29:59.5241571Z  Built:             Tue Mar 25 15:07:16 2025
2026-04-17T10:29:59.5241975Z  OS/Arch:           linux/amd64
2026-04-17T10:29:59.5242324Z  Context:           default
2026-04-17T10:29:59.5242569Z 
2026-04-17T10:29:59.5249591Z Server: Docker Engine - Community
2026-04-17T10:29:59.5250453Z  Engine:
2026-04-17T10:29:59.5250805Z   Version:          28.0.4
2026-04-17T10:29:59.5251370Z   API version:      1.48 (minimum version 1.24)
2026-04-17T10:29:59.5251920Z   Go version:       go1.23.7
2026-04-17T10:29:59.5252364Z   Git commit:       6430e49
2026-04-17T10:29:59.5252958Z   Built:            Tue Mar 25 15:07:16 2025
2026-04-17T10:29:59.5253519Z   OS/Arch:          linux/amd64
2026-04-17T10:29:59.5254005Z   Experimental:     false
2026-04-17T10:29:59.5254390Z  containerd:
2026-04-17T10:29:59.5254661Z   Version:          v2.2.2
2026-04-17T10:29:59.5255064Z   GitCommit:        301b2dac98f15c27117da5c8af12118a041a31d9
2026-04-17T10:29:59.5255466Z  runc:
2026-04-17T10:29:59.5255761Z   Version:          1.3.4
2026-04-17T10:29:59.5256043Z   GitCommit:        v1.3.4-0-gd6d73eb8
2026-04-17T10:29:59.5256381Z  docker-init:
2026-04-17T10:29:59.5256605Z   Version:          0.19.0
2026-04-17T10:29:59.5256889Z   GitCommit:        de40ad0
2026-04-17T10:29:59.5291119Z [command]/usr/bin/docker info
2026-04-17T10:30:00.8685887Z Client: Docker Engine - Community
2026-04-17T10:30:00.8686392Z  Version:    28.0.4
2026-04-17T10:30:00.8686756Z  Context:    default
2026-04-17T10:30:00.8687267Z  Debug Mode: false
2026-04-17T10:30:00.8687670Z  Plugins:
2026-04-17T10:30:00.8697466Z   buildx: Docker Buildx (Docker Inc.)
2026-04-17T10:30:00.8698197Z     Version:  v0.33.0
2026-04-17T10:30:00.8698703Z     Path:     /usr/libexec/docker/cli-plugins/docker-buildx
2026-04-17T10:30:00.8699300Z   compose: Docker Compose (Docker Inc.)
2026-04-17T10:30:00.8700389Z     Version:  v2.38.2
2026-04-17T10:30:00.8700901Z     Path:     /usr/libexec/docker/cli-plugins/docker-compose
2026-04-17T10:30:00.8701523Z 
2026-04-17T10:30:00.8701648Z Server:
2026-04-17T10:30:00.8702046Z  Containers: 0
2026-04-17T10:30:00.8702421Z   Running: 0
2026-04-17T10:30:00.8702781Z   Paused: 0
2026-04-17T10:30:00.8703225Z   Stopped: 0
2026-04-17T10:30:00.8703590Z  Images: 6
2026-04-17T10:30:00.8703929Z  Server Version: 28.0.4
2026-04-17T10:30:00.8704412Z  Storage Driver: overlay2
2026-04-17T10:30:00.8704810Z   Backing Filesystem: extfs
2026-04-17T10:30:00.8705280Z   Supports d_type: true
2026-04-17T10:30:00.8705693Z   Using metacopy: false
2026-04-17T10:30:00.8706185Z   Native Overlay Diff: false
2026-04-17T10:30:00.8706985Z   userxattr: false
2026-04-17T10:30:00.8707464Z  Logging Driver: json-file
2026-04-17T10:30:00.8707935Z  Cgroup Driver: systemd
2026-04-17T10:30:00.8708316Z  Cgroup Version: 2
2026-04-17T10:30:00.8708774Z  Plugins:
2026-04-17T10:30:00.8709163Z   Volume: local
2026-04-17T10:30:00.8709606Z   Network: bridge host ipvlan macvlan null overlay
2026-04-17T10:30:00.8710346Z   Log: awslogs fluentd gcplogs gelf journald json-file local splunk syslog
2026-04-17T10:30:00.8711062Z  Swarm: inactive
2026-04-17T10:30:00.8711421Z  Runtimes: io.containerd.runc.v2 runc
2026-04-17T10:30:00.8711918Z  Default Runtime: runc
2026-04-17T10:30:00.8712409Z  Init Binary: docker-init
2026-04-17T10:30:00.8712940Z  containerd version: 301b2dac98f15c27117da5c8af12118a041a31d9
2026-04-17T10:30:00.8713585Z  runc version: v1.3.4-0-gd6d73eb8
2026-04-17T10:30:00.8714114Z  init version: de40ad0
2026-04-17T10:30:00.8714508Z  Security Options:
2026-04-17T10:30:00.8714868Z   apparmor
2026-04-17T10:30:00.8715245Z   seccomp
2026-04-17T10:30:00.8715567Z    Profile: builtin
2026-04-17T10:30:00.8715957Z   cgroupns
2026-04-17T10:30:00.8716327Z  Kernel Version: 6.17.0-1010-azure
2026-04-17T10:30:00.8716838Z  Operating System: Ubuntu 24.04.4 LTS
2026-04-17T10:30:00.8717362Z  OSType: linux
2026-04-17T10:30:00.8717745Z  Architecture: x86_64
2026-04-17T10:30:00.8718164Z  CPUs: 4
2026-04-17T10:30:00.8718492Z  Total Memory: 15.61GiB
2026-04-17T10:30:00.8718926Z  Name: runnervmeorf1
2026-04-17T10:30:00.8719583Z  ID: e27c7740-8587-4822-9bec-fa47c65630a3
2026-04-17T10:30:00.8720672Z  Docker Root Dir: /var/lib/docker
2026-04-17T10:30:00.8721086Z  Debug Mode: false
2026-04-17T10:30:00.8721586Z  Username: githubactions
2026-04-17T10:30:00.8722026Z  Experimental: false
2026-04-17T10:30:00.8722363Z  Insecure Registries:
2026-04-17T10:30:00.8727106Z   ::1/128
2026-04-17T10:30:00.8727462Z   127.0.0.0/8
2026-04-17T10:30:00.8727825Z  Live Restore Enabled: false
2026-04-17T10:30:00.8728169Z 
2026-04-17T10:30:00.8731981Z ##[endgroup]
2026-04-17T10:30:00.8733597Z ##[group]Pulling binfmt Docker image
2026-04-17T10:30:00.8757920Z [command]/usr/bin/docker pull tonistiigi/binfmt:qemu-v10.2.1-65
2026-04-17T10:30:01.3938136Z Error response from daemon: received unexpected HTTP status: 502 Bad Gateway
2026-04-17T10:30:01.3955567Z ##[endgroup]
2026-04-17T10:30:01.3974408Z ##[error]Error response from daemon: received unexpected HTTP status: 502 Bad Gateway
2026-04-17T10:30:01.4251939Z Post job cleanup.
2026-04-17T10:30:01.5388476Z ##[group]Post cache
2026-04-17T10:30:01.5389864Z State not set
2026-04-17T10:30:01.5391278Z ##[endgroup]
2026-04-17T10:30:01.5486769Z Evaluate and set job outputs
2026-04-17T10:30:01.5497508Z Cleaning up orphan processes
