2026-05-25T10:26:54.7455540Z Current runner version: '2.334.0'
2026-05-25T10:26:54.7480485Z ##[group]Runner Image Provisioner
2026-05-25T10:26:54.7481303Z Hosted Compute Agent
2026-05-25T10:26:54.7482001Z Version: 20260213.493
2026-05-25T10:26:54.7482624Z Commit: 5c115507f6dd24b8de37d8bbe0bb4509d0cc0fa3
2026-05-25T10:26:54.7483298Z Build Date: 2026-02-13T00:28:41Z
2026-05-25T10:26:54.7484033Z Worker ID: {33f0f149-cd47-475d-b292-5f03c7a55646}
2026-05-25T10:26:54.7484691Z Azure Region: westcentralus
2026-05-25T10:26:54.7485295Z ##[endgroup]
2026-05-25T10:26:54.7486540Z ##[group]Operating System
2026-05-25T10:26:54.7487510Z Ubuntu
2026-05-25T10:26:54.7488126Z 24.04.4
2026-05-25T10:26:54.7488596Z LTS
2026-05-25T10:26:54.7489102Z ##[endgroup]
2026-05-25T10:26:54.7489576Z ##[group]Runner Image
2026-05-25T10:26:54.7490220Z Image: ubuntu-24.04
2026-05-25T10:26:54.7490733Z Version: 20260518.149.1
2026-05-25T10:26:54.7491942Z Included Software: https://github.com/actions/runner-images/blob/ubuntu24/20260518.149/images/ubuntu/Ubuntu2404-Readme.md
2026-05-25T10:26:54.7493464Z Image Release: https://github.com/actions/runner-images/releases/tag/ubuntu24%2F20260518.149
2026-05-25T10:26:54.7494438Z ##[endgroup]
2026-05-25T10:26:54.7495477Z ##[group]GITHUB_TOKEN Permissions
2026-05-25T10:26:54.7497486Z Contents: read
2026-05-25T10:26:54.7498389Z Metadata: read
2026-05-25T10:26:54.7499018Z ##[endgroup]
2026-05-25T10:26:54.7501159Z Secret source: Actions
2026-05-25T10:26:54.7501826Z Prepare workflow directory
2026-05-25T10:26:54.7939993Z Prepare all required actions
2026-05-25T10:26:54.7976103Z Getting action download info
2026-05-25T10:26:55.2340917Z Download action repository 'actions/setup-go@4a3601121dd01d1626a1e23e37211e3254c1c06c' (SHA:4a3601121dd01d1626a1e23e37211e3254c1c06c)
2026-05-25T10:26:56.1513827Z Download action repository 'actions/download-artifact@3e5f45b2cfb9172054b4087a40e8e0b5a5461e7c' (SHA:3e5f45b2cfb9172054b4087a40e8e0b5a5461e7c)
2026-05-25T10:26:56.9734734Z Uses: moby/moby/.github/workflows/.windows.yml@refs/heads/master (56f28965b15d9336b93db6b4300343b1d30d1319)
2026-05-25T10:26:56.9741044Z ##[group] Inputs
2026-05-25T10:26:56.9741881Z   os: windows-2025
2026-05-25T10:26:56.9742666Z   storage: snapshotter
2026-05-25T10:26:56.9744234Z   send_coverage: false
2026-05-25T10:26:56.9745079Z ##[endgroup]
2026-05-25T10:26:56.9746021Z Complete job name: run (snapshotter) / unit-test-report
2026-05-25T10:26:57.0522261Z ##[group]Run actions/setup-go@4a3601121dd01d1626a1e23e37211e3254c1c06c
2026-05-25T10:26:57.0523867Z with:
2026-05-25T10:26:57.0524537Z   go-version: 1.26.3
2026-05-25T10:26:57.0525275Z   cache: false
2026-05-25T10:26:57.0526055Z   check-latest: false
2026-05-25T10:26:57.0527344Z   token: ***
2026-05-25T10:26:57.0528243Z env:
2026-05-25T10:26:57.0528905Z   GO_VERSION: 1.26.3
2026-05-25T10:26:57.0529684Z   GOTESTLIST_VERSION: v0.3.1
2026-05-25T10:26:57.0530574Z   TESTSTAT_VERSION: v0.1.25
2026-05-25T10:26:57.0531655Z   WINDOWS_BASE_IMAGE: mcr.microsoft.com/windows/servercore
2026-05-25T10:26:57.0532890Z   WINDOWS_BASE_TAG_2022: ltsc2022
2026-05-25T10:26:57.0533855Z   WINDOWS_BASE_TAG_2025: ltsc2025
2026-05-25T10:26:57.0534775Z   TEST_IMAGE_NAME: moby:test
2026-05-25T10:26:57.0535628Z   TEST_CTN_NAME: moby
2026-05-25T10:26:57.0536397Z   DOCKER_BUILDKIT: 0
2026-05-25T10:26:57.0537292Z   ITG_CLI_MATRIX_SIZE: 6
2026-05-25T10:26:57.0538086Z ##[endgroup]
2026-05-25T10:26:57.2059307Z Setup go version spec 1.26.3
2026-05-25T10:26:57.2076340Z Attempting to download 1.26.3...
2026-05-25T10:26:58.0542389Z matching 1.26.3...
2026-05-25T10:26:58.0567948Z Acquiring 1.26.3 from https://github.com/actions/go-versions/releases/download/1.26.3-25533533231/go-1.26.3-linux-x64.tar.gz
2026-05-25T10:26:58.8128006Z Extracting Go...
2026-05-25T10:26:58.8225085Z [command]/usr/bin/tar xz --warning=no-unknown-keyword --overwrite -C /home/runner/work/_temp/2e6ce64e-8bc6-47d1-943a-72cccb698df4 -f /home/runner/work/_temp/b99ddbb4-1df7-48de-b125-d9920ee43ae5
2026-05-25T10:27:00.5549554Z Successfully extracted go to /home/runner/work/_temp/2e6ce64e-8bc6-47d1-943a-72cccb698df4
2026-05-25T10:27:00.5550881Z Adding to the cache ...
2026-05-25T10:27:05.3674221Z Successfully cached go to /opt/hostedtoolcache/go/1.26.3/x64
2026-05-25T10:27:05.3682867Z Added go to the path
2026-05-25T10:27:05.3683307Z Successfully set up Go version 1.26.3
2026-05-25T10:27:05.3966546Z go version go1.26.3 linux/amd64
2026-05-25T10:27:05.3966832Z 
2026-05-25T10:27:05.3968187Z ##[group]go env
2026-05-25T10:27:05.5168366Z AR='ar'
2026-05-25T10:27:05.5168718Z CC='gcc'
2026-05-25T10:27:05.5169008Z CGO_CFLAGS='-O2 -g'
2026-05-25T10:27:05.5169346Z CGO_CPPFLAGS=''
2026-05-25T10:27:05.5169699Z CGO_CXXFLAGS='-O2 -g'
2026-05-25T10:27:05.5170064Z CGO_ENABLED='1'
2026-05-25T10:27:05.5170354Z CGO_FFLAGS='-O2 -g'
2026-05-25T10:27:05.5170923Z CGO_LDFLAGS='-O2 -g'
2026-05-25T10:27:05.5171240Z CXX='g++'
2026-05-25T10:27:05.5171513Z GCCGO='gccgo'
2026-05-25T10:27:05.5171799Z GO111MODULE=''
2026-05-25T10:27:05.5172073Z GOAMD64='v1'
2026-05-25T10:27:05.5172360Z GOARCH='amd64'
2026-05-25T10:27:05.5172624Z GOAUTH='netrc'
2026-05-25T10:27:05.5172935Z GOBIN=''
2026-05-25T10:27:05.5173240Z GOCACHE='/home/runner/.cache/go-build'
2026-05-25T10:27:05.5173652Z GOCACHEPROG=''
2026-05-25T10:27:05.5173990Z GODEBUG=''
2026-05-25T10:27:05.5174293Z GOENV='/home/runner/.config/go/env'
2026-05-25T10:27:05.5174778Z GOEXE=''
2026-05-25T10:27:05.5175056Z GOEXPERIMENT=''
2026-05-25T10:27:05.5175415Z GOFIPS140='off'
2026-05-25T10:27:05.5175703Z GOFLAGS=''
2026-05-25T10:27:05.5176773Z GOGCCFLAGS='-fPIC -m64 -pthread -Wl,--no-gc-sections -fmessage-length=0 -ffile-prefix-map=/tmp/go-build3915402090=/tmp/go-build -gno-record-gcc-switches'
2026-05-25T10:27:05.5177978Z GOHOSTARCH='amd64'
2026-05-25T10:27:05.5178221Z GOHOSTOS='linux'
2026-05-25T10:27:05.5178412Z GOINSECURE=''
2026-05-25T10:27:05.5178598Z GOMOD='/dev/null'
2026-05-25T10:27:05.5178842Z GOMODCACHE='/home/runner/go/pkg/mod'
2026-05-25T10:27:05.5179195Z GONOPROXY=''
2026-05-25T10:27:05.5179376Z GONOSUMDB=''
2026-05-25T10:27:05.5179537Z GOOS='linux'
2026-05-25T10:27:05.5179727Z GOPATH='/home/runner/go'
2026-05-25T10:27:05.5179942Z GOPRIVATE=''
2026-05-25T10:27:05.5180197Z GOPROXY='https://proxy.golang.org,direct'
2026-05-25T10:27:05.5180553Z GOROOT='/opt/hostedtoolcache/go/1.26.3/x64'
2026-05-25T10:27:05.5180838Z GOSUMDB='sum.golang.org'
2026-05-25T10:27:05.5181049Z GOTELEMETRY='local'
2026-05-25T10:27:05.5181569Z GOTELEMETRYDIR='/home/runner/.config/go/telemetry'
2026-05-25T10:27:05.5181865Z GOTMPDIR=''
2026-05-25T10:27:05.5182044Z GOTOOLCHAIN='local'
2026-05-25T10:27:05.5182354Z GOTOOLDIR='/opt/hostedtoolcache/go/1.26.3/x64/pkg/tool/linux_amd64'
2026-05-25T10:27:05.5182679Z GOVCS=''
2026-05-25T10:27:05.5182873Z GOVERSION='go1.26.3'
2026-05-25T10:27:05.5183067Z GOWORK=''
2026-05-25T10:27:05.5183261Z PKG_CONFIG='pkg-config'
2026-05-25T10:27:05.5183400Z 
2026-05-25T10:27:05.5184060Z ##[endgroup]
2026-05-25T10:27:05.5470082Z ##[group]Run actions/download-artifact@3e5f45b2cfb9172054b4087a40e8e0b5a5461e7c
2026-05-25T10:27:05.5470476Z with:
2026-05-25T10:27:05.5470699Z   name: windows-2025-snapshotter-unit-reports
2026-05-25T10:27:05.5470986Z   path: /tmp/artifacts
2026-05-25T10:27:05.5471264Z   merge-multiple: false
2026-05-25T10:27:05.5471469Z   repository: moby/moby
2026-05-25T10:27:05.5471670Z   run-id: 26395704089
2026-05-25T10:27:05.5471869Z   skip-decompress: false
2026-05-25T10:27:05.5472090Z   digest-mismatch: error
2026-05-25T10:27:05.5472285Z env:
2026-05-25T10:27:05.5472455Z   GO_VERSION: 1.26.3
2026-05-25T10:27:05.5472665Z   GOTESTLIST_VERSION: v0.3.1
2026-05-25T10:27:05.5472885Z   TESTSTAT_VERSION: v0.1.25
2026-05-25T10:27:05.5473173Z   WINDOWS_BASE_IMAGE: mcr.microsoft.com/windows/servercore
2026-05-25T10:27:05.5473479Z   WINDOWS_BASE_TAG_2022: ltsc2022
2026-05-25T10:27:05.5473714Z   WINDOWS_BASE_TAG_2025: ltsc2025
2026-05-25T10:27:05.5473934Z   TEST_IMAGE_NAME: moby:test
2026-05-25T10:27:05.5474191Z   TEST_CTN_NAME: moby
2026-05-25T10:27:05.5474381Z   DOCKER_BUILDKIT: 0
2026-05-25T10:27:05.5474582Z   ITG_CLI_MATRIX_SIZE: 6
2026-05-25T10:27:05.5474784Z   GOTOOLCHAIN: local
2026-05-25T10:27:05.5475151Z ##[endgroup]
2026-05-25T10:27:05.6823124Z Downloading single artifact
2026-05-25T10:27:05.9242831Z ##[error]Unable to download artifact(s): Artifact not found for name: windows-2025-snapshotter-unit-reports
        Please ensure that your artifact is not expired and the artifact was uploaded using a compatible version of toolkit/upload-artifact.
        For more information, visit the GitHub Artifacts FAQ: https://github.com/actions/toolkit/blob/main/packages/artifact/docs/faq.md
2026-05-25T10:27:05.9373417Z Cleaning up orphan processes
