2026-06-03T08:27:56.1930716Z Current runner version: '2.334.0'
2026-06-03T08:27:56.1954074Z ##[group]Runner Image Provisioner
2026-06-03T08:27:56.1954886Z Hosted Compute Agent
2026-06-03T08:27:56.1955514Z Version: 20260520.533
2026-06-03T08:27:56.1956076Z Commit: 189110e25284a9812c124fd27b339e2fb4f2f9db
2026-06-03T08:27:56.1956812Z Build Date: 2026-05-20T17:44:04Z
2026-06-03T08:27:56.1957450Z Worker ID: {78b5b134-060e-4484-ac76-0d92f46e5dd8}
2026-06-03T08:27:56.1958105Z Azure Region: westus3
2026-06-03T08:27:56.1958612Z ##[endgroup]
2026-06-03T08:27:56.1960191Z ##[group]Operating System
2026-06-03T08:27:56.1960814Z Ubuntu
2026-06-03T08:27:56.1961284Z 24.04.4
2026-06-03T08:27:56.1961787Z LTS
2026-06-03T08:27:56.1962263Z ##[endgroup]
2026-06-03T08:27:56.1962772Z ##[group]Runner Image
2026-06-03T08:27:56.1963311Z Image: ubuntu-24.04
2026-06-03T08:27:56.1963816Z Version: 20260525.161.1
2026-06-03T08:27:56.1964968Z Included Software: https://github.com/actions/runner-images/blob/ubuntu24/20260525.161/images/ubuntu/Ubuntu2404-Readme.md
2026-06-03T08:27:56.1966330Z Image Release: https://github.com/actions/runner-images/releases/tag/ubuntu24%2F20260525.161
2026-06-03T08:27:56.1967209Z ##[endgroup]
2026-06-03T08:27:56.1968189Z ##[group]GITHUB_TOKEN Permissions
2026-06-03T08:27:56.1970454Z Contents: read
2026-06-03T08:27:56.1971005Z Metadata: read
2026-06-03T08:27:56.1971594Z ##[endgroup]
2026-06-03T08:27:56.1973633Z Secret source: Actions
2026-06-03T08:27:56.1974294Z Prepare workflow directory
2026-06-03T08:27:56.2378689Z Prepare all required actions
2026-06-03T08:27:56.2417107Z Getting action download info
2026-06-03T08:27:56.9822600Z Download action repository 'actions/github-script@3a2844b7e9c422d3c10d287c895573f7108da1b3' (SHA:3a2844b7e9c422d3c10d287c895573f7108da1b3)
2026-06-03T08:27:57.8872216Z Download action repository 'docker/metadata-action@80c7e94dd9b9319bd5eb7a0e0fe9291e23a2a2e9' (SHA:80c7e94dd9b9319bd5eb7a0e0fe9291e23a2a2e9)
2026-06-03T08:27:59.0979147Z Download action repository 'docker/setup-qemu-action@06116385d9baf250c9f4dcb4858b16962ea869c3' (SHA:06116385d9baf250c9f4dcb4858b16962ea869c3)
2026-06-03T08:28:00.0322000Z Download action repository 'docker/setup-buildx-action@d7f5e7f509e45cec5c76c4d5afdd7de93d0b3df5' (SHA:d7f5e7f509e45cec5c76c4d5afdd7de93d0b3df5)
2026-06-03T08:28:00.9888709Z Download action repository 'docker/login-action@650006c6eb7dba73a995cc03b0b2d7f5ca915bee' (SHA:650006c6eb7dba73a995cc03b0b2d7f5ca915bee)
2026-06-03T08:28:01.8967604Z Download action repository 'docker/bake-action@6614cfa25eff9a0b2b2697efb0b6159e7680d584' (SHA:6614cfa25eff9a0b2b2697efb0b6159e7680d584)
2026-06-03T08:28:03.2778645Z Download action repository 'actions/upload-artifact@043fb46d1a93c77aae656e7c1c64a875d1fc6a0a' (SHA:043fb46d1a93c77aae656e7c1c64a875d1fc6a0a)
2026-06-03T08:28:03.5146990Z Uses: docker/github-builder/.github/workflows/bake.yml@17bd7d64200cae4ba58ffc099934e8012ae320f2
2026-06-03T08:28:03.5154402Z ##[group] Inputs
2026-06-03T08:28:03.5155217Z   runner: amd64
2026-06-03T08:28:03.5156055Z   distribute: true
2026-06-03T08:28:03.5156387Z   fail-fast: false
2026-06-03T08:28:03.5156663Z   setup-qemu: false
2026-06-03T08:28:03.5157038Z   artifact-name: buildx
2026-06-03T08:28:03.5157304Z   artifact-upload: true
2026-06-03T08:28:03.5157596Z   cache: true
2026-06-03T08:28:03.5157870Z   cache-scope: bin-image
2026-06-03T08:28:03.5158136Z   cache-mode: min
2026-06-03T08:28:03.5158395Z   context: .
2026-06-03T08:28:03.5158663Z   files: 
2026-06-03T08:28:03.5158896Z   output: local
2026-06-03T08:28:03.5159183Z   push: false
2026-06-03T08:28:03.5159421Z   sbom: true
2026-06-03T08:28:03.5159640Z   set: 
2026-06-03T08:28:03.5160048Z   sign: true
2026-06-03T08:28:03.5160324Z   target: release
2026-06-03T08:28:03.5160575Z   vars: 
2026-06-03T08:28:03.5160830Z   set-meta-annotations: false
2026-06-03T08:28:03.5161422Z   set-meta-labels: false
2026-06-03T08:28:03.5161710Z   meta-images: 
2026-06-03T08:28:03.5161998Z   meta-tags: 
2026-06-03T08:28:03.5162322Z   meta-flavor: 
2026-06-03T08:28:03.5162557Z   meta-labels: 
2026-06-03T08:28:03.5163588Z   meta-annotations: 
2026-06-03T08:28:03.5164006Z   meta-bake-target: 
2026-06-03T08:28:03.5164266Z ##[endgroup]
2026-06-03T08:28:03.5164611Z Complete job name: binaries / build (6, linux/arm/v7, ubuntu-24.04)
2026-06-03T08:28:03.5907737Z ##[group]Run actions/github-script@3a2844b7e9c422d3c10d287c895573f7108da1b3
2026-06-03T08:28:03.5908555Z with:
2026-06-03T08:28:03.5909988Z   script: const runnerEnvironment = core.getInput('runner-environment');
const runnerOS = core.getInput('runner-os');
if (runnerEnvironment !== 'github-hosted' || runnerOS !== 'Linux') {
  core.setFailed(`This workflow requires a GitHub-hosted Linux runner, got: environment=${runnerEnvironment || 'unknown'}, os=${runnerOS || 'unknown'}`);
}

2026-06-03T08:28:03.5914399Z   github-token: ***
2026-06-03T08:28:03.5914724Z   debug: false
2026-06-03T08:28:03.5915088Z   user-agent: actions/github-script
2026-06-03T08:28:03.5915439Z   result-encoding: json
2026-06-03T08:28:03.5915719Z   retries: 0
2026-06-03T08:28:03.5916057Z   retry-exempt-status-codes: 400,401,403,404,422
2026-06-03T08:28:03.5916712Z env:
2026-06-03T08:28:03.5917004Z   BUILDX_VERSION: v0.34.1
2026-06-03T08:28:03.5917342Z   BUILDKIT_IMAGE: moby/buildkit:v0.30.0
2026-06-03T08:28:03.5917839Z   SBOM_IMAGE: docker/buildkit-syft-scanner:1.11.0
2026-06-03T08:28:03.5918242Z   BINFMT_IMAGE: tonistiigi/binfmt:qemu-v10.2.1-65
2026-06-03T08:28:03.5918692Z   RUNTIME_MODULE: @docker/github-builder-runtime@0.91.0
2026-06-03T08:28:03.5919496Z   RUNTIME_INSTALL_ARGS: --loglevel=error
--no-save
--package-lock=false
--ignore-scripts
--omit=dev
--prefer-offline
--fund=false
--audit=false

2026-06-03T08:28:03.5920329Z   COSIGN_VERSION: v3.0.6
2026-06-03T08:28:03.5920669Z   LOCAL_EXPORT_DIR: /tmp/buildx-output
2026-06-03T08:28:03.5921019Z   MATRIX_SIZE_LIMIT: 20
2026-06-03T08:28:03.5921350Z   BUILDX_SEND_GIT_QUERY_AS_INPUT: true
2026-06-03T08:28:03.5921712Z   NPM_CONFIG_FETCH_RETRIES: 5
2026-06-03T08:28:03.5922045Z   INPUT_RUNNER-ENVIRONMENT: github-hosted
2026-06-03T08:28:03.5922393Z   INPUT_RUNNER-OS: Linux
2026-06-03T08:28:03.5922725Z ##[endgroup]
2026-06-03T08:28:03.7068581Z ##[group]Run actions/github-script@3a2844b7e9c422d3c10d287c895573f7108da1b3
2026-06-03T08:28:03.7069127Z with:
2026-06-03T08:28:03.7071475Z   script: const npmArgs = ['install', ...core.getMultilineInput('runtime-install-args'), core.getInput('runtime-module')];
const maxAttempts = 3;
for (let attempt = 1; attempt <= maxAttempts; attempt++) {
  const exitCode = await exec.exec('npm', npmArgs, {ignoreReturnCode: true});
  if (exitCode === 0) {
    return;
  }
  if (attempt === maxAttempts) {
    core.setFailed(`npm install failed after ${maxAttempts} attempts`);
    return;
  }
  const retryDelayMs = attempt * 50;
  core.info(`npm install failed with exit code ${exitCode}; retrying in ${retryDelayMs}ms`);
  await new Promise(resolve => setTimeout(resolve, retryDelayMs));
}

2026-06-03T08:28:03.7076349Z   github-token: ***
2026-06-03T08:28:03.7076635Z   debug: false
2026-06-03T08:28:03.7076922Z   user-agent: actions/github-script
2026-06-03T08:28:03.7077336Z   result-encoding: json
2026-06-03T08:28:03.7077704Z   retries: 0
2026-06-03T08:28:03.7078040Z   retry-exempt-status-codes: 400,401,403,404,422
2026-06-03T08:28:03.7078403Z env:
2026-06-03T08:28:03.7078669Z   BUILDX_VERSION: v0.34.1
2026-06-03T08:28:03.7079012Z   BUILDKIT_IMAGE: moby/buildkit:v0.30.0
2026-06-03T08:28:03.7079406Z   SBOM_IMAGE: docker/buildkit-syft-scanner:1.11.0
2026-06-03T08:28:03.7079953Z   BINFMT_IMAGE: tonistiigi/binfmt:qemu-v10.2.1-65
2026-06-03T08:28:03.7080365Z   RUNTIME_MODULE: @docker/github-builder-runtime@0.91.0
2026-06-03T08:28:03.7081108Z   RUNTIME_INSTALL_ARGS: --loglevel=error
--no-save
--package-lock=false
--ignore-scripts
--omit=dev
--prefer-offline
--fund=false
--audit=false

2026-06-03T08:28:03.7081818Z   COSIGN_VERSION: v3.0.6
2026-06-03T08:28:03.7082139Z   LOCAL_EXPORT_DIR: /tmp/buildx-output
2026-06-03T08:28:03.7082514Z   MATRIX_SIZE_LIMIT: 20
2026-06-03T08:28:03.7082814Z   BUILDX_SEND_GIT_QUERY_AS_INPUT: true
2026-06-03T08:28:03.7083134Z   NPM_CONFIG_FETCH_RETRIES: 5
2026-06-03T08:28:03.7083751Z   INPUT_RUNTIME-MODULE: @docker/github-builder-runtime@0.91.0
2026-06-03T08:28:03.7084555Z   INPUT_RUNTIME-INSTALL-ARGS: --loglevel=error
--no-save
--package-lock=false
--ignore-scripts
--omit=dev
--prefer-offline
--fund=false
--audit=false

2026-06-03T08:28:03.7085261Z ##[endgroup]
2026-06-03T08:28:03.8033531Z [command]/usr/local/bin/npm install --loglevel=error --no-save --package-lock=false --ignore-scripts --omit=dev --prefer-offline --fund=false --audit=false @docker/github-builder-runtime@0.91.0
2026-06-03T08:28:09.9506252Z 
2026-06-03T08:28:09.9506796Z added 244 packages in 5s
2026-06-03T08:28:09.9915254Z ##[group]Run actions/github-script@3a2844b7e9c422d3c10d287c895573f7108da1b3
2026-06-03T08:28:09.9915653Z with:
2026-06-03T08:28:09.9917145Z   script: const idTokenRequestToken = process.env.ACTIONS_ID_TOKEN_REQUEST_TOKEN || '';
const idTokenRequestUrl = process.env.ACTIONS_ID_TOKEN_REQUEST_URL || '';
if (idTokenRequestToken) {
  core.setSecret(idTokenRequestToken);
}
if (idTokenRequestUrl) {
  core.setSecret(idTokenRequestUrl);
}
core.setOutput('actions-id-token-request-token', idTokenRequestToken);
core.setOutput('actions-id-token-request-url', idTokenRequestUrl);

2026-06-03T08:28:09.9921782Z   github-token: ***
2026-06-03T08:28:09.9922004Z   debug: false
2026-06-03T08:28:09.9922237Z   user-agent: actions/github-script
2026-06-03T08:28:09.9922515Z   result-encoding: json
2026-06-03T08:28:09.9922747Z   retries: 0
2026-06-03T08:28:09.9922984Z   retry-exempt-status-codes: 400,401,403,404,422
2026-06-03T08:28:09.9923282Z env:
2026-06-03T08:28:09.9923478Z   BUILDX_VERSION: v0.34.1
2026-06-03T08:28:09.9923782Z   BUILDKIT_IMAGE: moby/buildkit:v0.30.0
2026-06-03T08:28:09.9924091Z   SBOM_IMAGE: docker/buildkit-syft-scanner:1.11.0
2026-06-03T08:28:09.9924448Z   BINFMT_IMAGE: tonistiigi/binfmt:qemu-v10.2.1-65
2026-06-03T08:28:09.9924786Z   RUNTIME_MODULE: @docker/github-builder-runtime@0.91.0
2026-06-03T08:28:09.9925453Z   RUNTIME_INSTALL_ARGS: --loglevel=error
--no-save
--package-lock=false
--ignore-scripts
--omit=dev
--prefer-offline
--fund=false
--audit=false

2026-06-03T08:28:09.9926069Z   COSIGN_VERSION: v3.0.6
2026-06-03T08:28:09.9926318Z   LOCAL_EXPORT_DIR: /tmp/buildx-output
2026-06-03T08:28:09.9926587Z   MATRIX_SIZE_LIMIT: 20
2026-06-03T08:28:09.9926826Z   BUILDX_SEND_GIT_QUERY_AS_INPUT: true
2026-06-03T08:28:09.9927102Z   NPM_CONFIG_FETCH_RETRIES: 5
2026-06-03T08:28:09.9927338Z ##[endgroup]
2026-06-03T08:28:10.0989537Z ##[group]Run docker/setup-buildx-action@d7f5e7f509e45cec5c76c4d5afdd7de93d0b3df5
2026-06-03T08:28:10.0990153Z with:
2026-06-03T08:28:10.0990382Z   version: v0.34.1
2026-06-03T08:28:10.0990613Z   cache-binary: false
2026-06-03T08:28:10.0990856Z   buildkitd-flags: --debug
2026-06-03T08:28:10.1098799Z   driver-opts: image=moby/buildkit:v0.30.0
env.ACTIONS_ID_TOKEN_REQUEST_TOKEN=***
env.ACTIONS_ID_TOKEN_REQUEST_URL=***

2026-06-03T08:28:10.1101183Z   buildkitd-config-inline: [cache]
  [cache.gha]
    [cache.gha.sign]
      command = ["ghacache-sign-script.sh"]
    [cache.gha.verify]
      required = true
      [cache.gha.verify.policy]
        timestampThreshold = 1
        tlogThreshold = 1
        subjectAlternativeName = "https://github.com/docker/github-builder/.github/workflows/bake.yml*"
        githubWorkflowRepository = "docker/buildx"
        issuer = "https://token.actions.githubusercontent.com"
        runnerEnvironment = "github-hosted"
        sourceRepositoryURI = "https://github.com/docker/buildx"

2026-06-03T08:28:10.1103147Z   driver: docker-container
2026-06-03T08:28:10.1103385Z   use: true
2026-06-03T08:28:10.1103590Z   keep-state: false
2026-06-03T08:28:10.1103810Z   cleanup: true
2026-06-03T08:28:10.1104015Z env:
2026-06-03T08:28:10.1104212Z   BUILDX_VERSION: v0.34.1
2026-06-03T08:28:10.1104460Z   BUILDKIT_IMAGE: moby/buildkit:v0.30.0
2026-06-03T08:28:10.1104771Z   SBOM_IMAGE: docker/buildkit-syft-scanner:1.11.0
2026-06-03T08:28:10.1105098Z   BINFMT_IMAGE: tonistiigi/binfmt:qemu-v10.2.1-65
2026-06-03T08:28:10.1105444Z   RUNTIME_MODULE: @docker/github-builder-runtime@0.91.0
2026-06-03T08:28:10.1106271Z   RUNTIME_INSTALL_ARGS: --loglevel=error
--no-save
--package-lock=false
--ignore-scripts
--omit=dev
--prefer-offline
--fund=false
--audit=false

2026-06-03T08:28:10.1106887Z   COSIGN_VERSION: v3.0.6
2026-06-03T08:28:10.1107136Z   LOCAL_EXPORT_DIR: /tmp/buildx-output
2026-06-03T08:28:10.1107405Z   MATRIX_SIZE_LIMIT: 20
2026-06-03T08:28:10.1107645Z   BUILDX_SEND_GIT_QUERY_AS_INPUT: true
2026-06-03T08:28:10.1107916Z   NPM_CONFIG_FETCH_RETRIES: 5
2026-06-03T08:28:10.1108169Z ##[endgroup]
2026-06-03T08:28:10.3395863Z ##[group]Docker info
2026-06-03T08:28:10.3414857Z [command]/usr/bin/docker version
2026-06-03T08:28:10.4309633Z Client: Docker Engine - Community
2026-06-03T08:28:10.4312646Z  Version:           28.0.4
2026-06-03T08:28:10.4313167Z  API version:       1.48
2026-06-03T08:28:10.4313563Z  Go version:        go1.23.7
2026-06-03T08:28:10.4313888Z  Git commit:        b8034c0
2026-06-03T08:28:10.4314141Z  Built:             Tue Mar 25 15:07:16 2025
2026-06-03T08:28:10.4314447Z  OS/Arch:           linux/amd64
2026-06-03T08:28:10.4314689Z  Context:           default
2026-06-03T08:28:10.4314839Z 
2026-06-03T08:28:10.4314950Z Server: Docker Engine - Community
2026-06-03T08:28:10.4315195Z  Engine:
2026-06-03T08:28:10.4315401Z   Version:          28.0.4
2026-06-03T08:28:10.4315653Z   API version:      1.48 (minimum version 1.24)
2026-06-03T08:28:10.4315950Z   Go version:       go1.23.7
2026-06-03T08:28:10.4316181Z   Git commit:       6430e49
2026-06-03T08:28:10.4316421Z   Built:            Tue Mar 25 15:07:16 2025
2026-06-03T08:28:10.4316690Z   OS/Arch:          linux/amd64
2026-06-03T08:28:10.4316935Z   Experimental:     false
2026-06-03T08:28:10.4317167Z  containerd:
2026-06-03T08:28:10.4317363Z   Version:          v2.2.4
2026-06-03T08:28:10.4317669Z   GitCommit:        193637f7ee8ae5f5aa5248f49e7baa3e6164966e
2026-06-03T08:28:10.4317985Z  runc:
2026-06-03T08:28:10.4318175Z   Version:          1.3.5
2026-06-03T08:28:10.4318409Z   GitCommit:        v1.3.5-0-g488fc13e
2026-06-03T08:28:10.4318677Z  docker-init:
2026-06-03T08:28:10.4318887Z   Version:          0.19.0
2026-06-03T08:28:10.4319117Z   GitCommit:        de40ad0
2026-06-03T08:28:10.4359307Z [command]/usr/bin/docker info
2026-06-03T08:28:12.1049303Z Client: Docker Engine - Community
2026-06-03T08:28:12.1049760Z  Version:    28.0.4
2026-06-03T08:28:12.1050233Z  Context:    default
2026-06-03T08:28:12.1050955Z  Debug Mode: false
2026-06-03T08:28:12.1051246Z  Plugins:
2026-06-03T08:28:12.1051540Z   buildx: Docker Buildx (Docker Inc.)
2026-06-03T08:28:12.1052013Z     Version:  v0.34.1
2026-06-03T08:28:12.1052298Z     Path:     /usr/libexec/docker/cli-plugins/docker-buildx
2026-06-03T08:28:12.1052644Z   compose: Docker Compose (Docker Inc.)
2026-06-03T08:28:12.1052906Z     Version:  v2.38.2
2026-06-03T08:28:12.1053177Z     Path:     /usr/libexec/docker/cli-plugins/docker-compose
2026-06-03T08:28:12.1053418Z 
2026-06-03T08:28:12.1053543Z Server:
2026-06-03T08:28:12.1053805Z  Containers: 0
2026-06-03T08:28:12.1054167Z   Running: 0
2026-06-03T08:28:12.1054379Z   Paused: 0
2026-06-03T08:28:12.1054563Z   Stopped: 0
2026-06-03T08:28:12.1054829Z  Images: 6
2026-06-03T08:28:12.1055556Z  Server Version: 28.0.4
2026-06-03T08:28:12.1055930Z  Storage Driver: overlay2
2026-06-03T08:28:12.1056395Z   Backing Filesystem: extfs
2026-06-03T08:28:12.1056902Z   Supports d_type: true
2026-06-03T08:28:12.1057329Z   Using metacopy: false
2026-06-03T08:28:12.1058227Z   Native Overlay Diff: false
2026-06-03T08:28:12.1058592Z   userxattr: false
2026-06-03T08:28:12.1058917Z  Logging Driver: json-file
2026-06-03T08:28:12.1059317Z  Cgroup Driver: systemd
2026-06-03T08:28:12.1059664Z  Cgroup Version: 2
2026-06-03T08:28:12.1060193Z  Plugins:
2026-06-03T08:28:12.1060607Z   Volume: local
2026-06-03T08:28:12.1061005Z   Network: bridge host ipvlan macvlan null overlay
2026-06-03T08:28:12.1061702Z   Log: awslogs fluentd gcplogs gelf journald json-file local splunk syslog
2026-06-03T08:28:12.1062327Z  Swarm: inactive
2026-06-03T08:28:12.1062716Z  Runtimes: io.containerd.runc.v2 runc
2026-06-03T08:28:12.1063593Z  Default Runtime: runc
2026-06-03T08:28:12.1063965Z  Init Binary: docker-init
2026-06-03T08:28:12.1064437Z  containerd version: 193637f7ee8ae5f5aa5248f49e7baa3e6164966e
2026-06-03T08:28:12.1065015Z  runc version: v1.3.5-0-g488fc13e
2026-06-03T08:28:12.1065388Z  init version: de40ad0
2026-06-03T08:28:12.1065730Z  Security Options:
2026-06-03T08:28:12.1066063Z   apparmor
2026-06-03T08:28:12.1066352Z   seccomp
2026-06-03T08:28:12.1066636Z    Profile: builtin
2026-06-03T08:28:12.1066954Z   cgroupns
2026-06-03T08:28:12.1067245Z  Kernel Version: 6.17.0-1015-azure
2026-06-03T08:28:12.1067669Z  Operating System: Ubuntu 24.04.4 LTS
2026-06-03T08:28:12.1068083Z  OSType: linux
2026-06-03T08:28:12.1068389Z  Architecture: x86_64
2026-06-03T08:28:12.1068702Z  CPUs: 4
2026-06-03T08:28:12.1068963Z  Total Memory: 15.61GiB
2026-06-03T08:28:12.1069273Z  Name: runnervm3jyl0
2026-06-03T08:28:12.1069624Z  ID: d0edc0b0-60b3-4f7a-aee7-b8b49cb2e501
2026-06-03T08:28:12.1070893Z  Docker Root Dir: /var/lib/docker
2026-06-03T08:28:12.1071309Z  Debug Mode: false
2026-06-03T08:28:12.1071636Z  Username: githubactions
2026-06-03T08:28:12.1071997Z  Experimental: false
2026-06-03T08:28:12.1072327Z  Insecure Registries:
2026-06-03T08:28:12.1077048Z   ::1/128
2026-06-03T08:28:12.1077362Z   127.0.0.0/8
2026-06-03T08:28:12.1077579Z  Live Restore Enabled: false
2026-06-03T08:28:12.1077744Z 
2026-06-03T08:28:12.1078253Z ##[endgroup]
2026-06-03T08:28:12.1787528Z ##[group]Download buildx from GitHub Releases
2026-06-03T08:28:12.2630917Z Use 0.34.1 version spec cache key for v0.34.1
2026-06-03T08:28:12.2642763Z GitHub Actions cache disabled
2026-06-03T08:28:12.2645306Z Downloading https://github.com/docker/buildx/releases/download/v0.34.1/buildx-v0.34.1.linux-amd64
2026-06-03T08:28:12.8113048Z Copying /home/runner/work/_temp/0a5d65c3-5d4a-4295-919a-24d4f58a0789 to /home/runner/.docker/buildx/.bin/0.34.1/linux-x64/docker-buildx
2026-06-03T08:28:12.8810335Z Cached to /home/runner/.docker/buildx/.bin/0.34.1/linux-x64/docker-buildx
2026-06-03T08:28:12.8811460Z ##[endgroup]
2026-06-03T08:28:12.8812056Z ##[group]Install buildx
2026-06-03T08:28:12.8812429Z Docker plugin mode
2026-06-03T08:28:12.9733170Z Fixing perms
2026-06-03T08:28:12.9733692Z Plugin path: /home/runner/.docker/cli-plugins/docker-buildx
2026-06-03T08:28:12.9735006Z ##[endgroup]
2026-06-03T08:28:12.9735543Z ##[group]Buildx version
2026-06-03T08:28:12.9764360Z [command]/usr/bin/docker buildx version
2026-06-03T08:28:13.0209179Z github.com/docker/buildx v0.34.1 e0b0e77d18d3379bc1e0d55f3b37de288d36fe47
2026-06-03T08:28:13.0231112Z ##[endgroup]
2026-06-03T08:28:13.0369195Z ##[group]Inspecting default docker context
2026-06-03T08:28:13.0495837Z [
2026-06-03T08:28:13.0496161Z   {
2026-06-03T08:28:13.0496463Z     "Name": "default",
2026-06-03T08:28:13.0496819Z     "Metadata": {},
2026-06-03T08:28:13.0497036Z     "Endpoints": {
2026-06-03T08:28:13.0497240Z       "docker": {
2026-06-03T08:28:13.0497472Z         "Host": "unix:///var/run/docker.sock",
2026-06-03T08:28:13.0497800Z         "SkipTLSVerify": false
2026-06-03T08:28:13.0498160Z       }
2026-06-03T08:28:13.0498338Z     },
2026-06-03T08:28:13.0498525Z     "TLSMaterial": {},
2026-06-03T08:28:13.0498825Z     "Storage": {
2026-06-03T08:28:13.0499143Z       "MetadataPath": "<IN MEMORY>",
2026-06-03T08:28:13.0499460Z       "TLSPath": "<IN MEMORY>"
2026-06-03T08:28:13.0499760Z     }
2026-06-03T08:28:13.0500110Z   }
2026-06-03T08:28:13.0500299Z ]
2026-06-03T08:28:13.0500813Z ##[endgroup]
2026-06-03T08:28:13.0501270Z ##[group]Creating a new builder instance
2026-06-03T08:28:13.1616968Z [command]/usr/bin/docker buildx create --name builder-bfd6a24a-7f5a-44c8-b301-e7b82aaf4559 --driver docker-container --driver-opt image=moby/buildkit:v0.30.0 --driver-opt env.ACTIONS_ID_TOKEN_REQUEST_TOKEN=*** --driver-opt env.ACTIONS_ID_TOKEN_REQUEST_URL=*** --buildkitd-flags --debug --use --config /home/runner/work/_temp/docker-actions-toolkit-AUDS6j/tmp-2151-2BqsSW548drc
2026-06-03T08:28:13.2034394Z builder-bfd6a24a-7f5a-44c8-b301-e7b82aaf4559
2026-06-03T08:28:13.2050323Z ##[endgroup]
2026-06-03T08:28:13.2050989Z ##[group]Booting builder
2026-06-03T08:28:13.2082389Z [command]/usr/bin/docker buildx inspect --bootstrap --builder builder-bfd6a24a-7f5a-44c8-b301-e7b82aaf4559
2026-06-03T08:28:13.2529911Z #1 [internal] booting buildkit
2026-06-03T08:28:13.4036431Z #1 pulling image moby/buildkit:v0.30.0
2026-06-03T08:28:28.2595094Z #1 pulling image moby/buildkit:v0.30.0 15.0s done
2026-06-03T08:28:28.2600996Z #1 ERROR: Error response from daemon: Get "https://registry-1.docker.io/v2/": context deadline exceeded
2026-06-03T08:28:28.2601510Z ------
2026-06-03T08:28:28.2601725Z  > [internal] booting buildkit:
2026-06-03T08:28:28.2602000Z ------
2026-06-03T08:28:28.2602439Z ERROR: Error response from daemon: Get "https://registry-1.docker.io/v2/": context deadline exceeded
2026-06-03T08:28:28.2620434Z ##[endgroup]
2026-06-03T08:28:28.2642124Z ##[error]ERROR: Error response from daemon: Get "https://registry-1.docker.io/v2/": context deadline exceeded
2026-06-03T08:28:28.2857969Z Post job cleanup.
2026-06-03T08:28:28.5040118Z ##[group]Removing builder
2026-06-03T08:28:28.5587234Z [command]/usr/bin/docker buildx rm builder-bfd6a24a-7f5a-44c8-b301-e7b82aaf4559
2026-06-03T08:28:28.6052896Z builder-bfd6a24a-7f5a-44c8-b301-e7b82aaf4559 removed
2026-06-03T08:28:28.6071083Z ##[endgroup]
2026-06-03T08:28:28.6071664Z ##[group]Cleaning up certificates
2026-06-03T08:28:28.6073828Z ##[endgroup]
2026-06-03T08:28:28.6075508Z ##[group]Post cache
2026-06-03T08:28:28.6076856Z State not set
2026-06-03T08:28:28.6077761Z ##[endgroup]
2026-06-03T08:28:28.6191432Z Evaluate and set job outputs
2026-06-03T08:28:28.6202347Z Cleaning up orphan processes
