2026-05-11T17:58:12.4936456Z Current runner version: '2.334.0'
2026-05-11T17:58:12.4963444Z ##[group]Runner Image Provisioner
2026-05-11T17:58:12.4964266Z Hosted Compute Agent
2026-05-11T17:58:12.4964985Z Version: 20260213.493
2026-05-11T17:58:12.4965656Z Commit: 5c115507f6dd24b8de37d8bbe0bb4509d0cc0fa3
2026-05-11T17:58:12.4966410Z Build Date: 2026-02-13T00:28:41Z
2026-05-11T17:58:12.4967141Z Worker ID: {e8443677-2d43-4345-9f06-7dee651d4184}
2026-05-11T17:58:12.4967807Z Azure Region: eastus2
2026-05-11T17:58:12.4968414Z ##[endgroup]
2026-05-11T17:58:12.4970002Z ##[group]Operating System
2026-05-11T17:58:12.4970618Z Ubuntu
2026-05-11T17:58:12.4971119Z 24.04.4
2026-05-11T17:58:12.4971685Z LTS
2026-05-11T17:58:12.4972201Z ##[endgroup]
2026-05-11T17:58:12.4972945Z ##[group]Runner Image
2026-05-11T17:58:12.4973602Z Image: ubuntu-24.04
2026-05-11T17:58:12.4974116Z Version: 20260413.86.1
2026-05-11T17:58:12.4975421Z Included Software: https://github.com/actions/runner-images/blob/ubuntu24/20260413.86/images/ubuntu/Ubuntu2404-Readme.md
2026-05-11T17:58:12.4976926Z Image Release: https://github.com/actions/runner-images/releases/tag/ubuntu24%2F20260413.86
2026-05-11T17:58:12.4977991Z ##[endgroup]
2026-05-11T17:58:12.4979739Z ##[group]GITHUB_TOKEN Permissions
2026-05-11T17:58:12.4982833Z Contents: read
2026-05-11T17:58:12.4983719Z Metadata: read
2026-05-11T17:58:12.4984362Z Packages: read
2026-05-11T17:58:12.4984959Z ##[endgroup]
2026-05-11T17:58:12.4987481Z Secret source: None
2026-05-11T17:58:12.4988228Z Prepare workflow directory
2026-05-11T17:58:12.5328261Z Prepare all required actions
2026-05-11T17:58:12.5366369Z Getting action download info
2026-05-11T17:58:12.8990345Z Download action repository 'github/dependabot-action@main' (SHA:5e6cbdad2bccd3ce21754f29c4486f4f05a3ae28)
2026-05-11T17:58:13.3564930Z Complete job name: update-go_modules-graph
2026-05-11T17:58:13.4353211Z ##[group]Run mkdir -p  ./dependabot-job-1360289371-1778522276
2026-05-11T17:58:13.4354232Z [36;1mmkdir -p  ./dependabot-job-1360289371-1778522276[0m
2026-05-11T17:58:13.4381340Z shell: /usr/bin/bash -e {0}
2026-05-11T17:58:13.4382116Z ##[endgroup]
2026-05-11T17:58:13.6318098Z ##[group]Run github/dependabot-action@main
2026-05-11T17:58:13.6318808Z env:
2026-05-11T17:58:13.6319260Z   DEPENDABOT_DISABLE_CLEANUP: 1
2026-05-11T17:58:13.6319842Z   DEPENDABOT_ENABLE_CONNECTIVITY_CHECK: 0
2026-05-11T17:58:13.6320772Z   GITHUB_TOKEN: ***
2026-05-11T17:58:13.6321628Z   GITHUB_DEPENDABOT_JOB_TOKEN: ***
2026-05-11T17:58:13.6322831Z   GITHUB_DEPENDABOT_CRED_TOKEN: ***
2026-05-11T17:58:13.6323441Z   GITHUB_REGISTRIES_PROXY: ***
2026-05-11T17:58:13.6323972Z ##[endgroup]
2026-05-11T17:58:13.8475209Z 🤖 ~ starting update ~
2026-05-11T17:58:13.8494281Z Fetching job details
2026-05-11T17:58:14.3481595Z ##[group]Pulling updater images
2026-05-11T17:58:14.3529033Z Pulling image ghcr.io/dependabot/dependabot-updater-gomod:c18e86bfff4502eef87ac40962270e9bd968aadd (attempt 1)...
2026-05-11T17:58:14.4142213Z Successfully sent metric (dependabot.action.ghcr_image_pull) to remote API endpoint
2026-05-11T17:58:33.9831916Z Pulled image ghcr.io/dependabot/dependabot-updater-gomod:c18e86bfff4502eef87ac40962270e9bd968aadd
2026-05-11T17:58:33.9846442Z Pulling image ghcr.io/dependabot/proxy:v2.0.20260427232629@sha256:4b22239a1bf296fb9a95264b395e965d41044bdb14ffd2caa95dc612fa9db64a (attempt 1)...
2026-05-11T17:58:34.0538953Z Successfully sent metric (dependabot.action.ghcr_image_pull) to remote API endpoint
2026-05-11T17:58:34.4726302Z Pulled image ghcr.io/dependabot/proxy:v2.0.20260427232629@sha256:4b22239a1bf296fb9a95264b395e965d41044bdb14ffd2caa95dc612fa9db64a
2026-05-11T17:58:34.4734455Z ##[endgroup]
2026-05-11T17:58:34.4753260Z Starting update process
2026-05-11T17:58:34.7057506Z Created proxy container: f45710ea4be60c8292de1e9d5fab8b34f8d170c1b768af82864e675076aa9d5a
2026-05-11T17:58:34.8984407Z Created container: 9a9f59dba746a30263e929dcd273fef3a7b13910005f7f7bdcc443e512c0c008
2026-05-11T17:58:35.0095201Z Started container 9a9f59dba746a30263e929dcd273fef3a7b13910005f7f7bdcc443e512c0c008
2026-05-11T17:58:35.0517826Z updater | Updating certificates in /etc/ssl/certs...
2026-05-11T17:58:35.1453278Z   proxy | 2026/05/11 17:58:35 proxy starting, commit: 2803a0f0dec888dc2b556d1a9bea8a9d771f8167
2026-05-11T17:58:35.1454449Z   proxy | 2026/05/11 17:58:35 Listening (:1080)
2026-05-11T17:58:35.7828312Z updater | rehash: warning: skipping ca-certificates.crt,it does not contain exactly one certificate or CRL
2026-05-11T17:58:35.7885945Z updater | 1 added, 0 removed; done.
2026-05-11T17:58:35.7886700Z Running hooks in /etc/ca-certificates/update.d...
2026-05-11T17:58:35.7897963Z updater | done.
2026-05-11T17:58:36.0782573Z updater | fetch_files command is no longer used directly
2026-05-11T17:58:37.8666717Z updater | 2026/05/11 17:58:37 INFO <job_1360289371> Starting job processing
2026-05-11T17:58:37.8676872Z updater | 2026/05/11 17:58:37 INFO <job_1360289371> Job definition: {"job":{"command":"graph","allowed-updates":[{"dependency-type":"direct","update-type":"all"}],"commit-message-options":{"prefix":null,"prefix-development":null,"include-scope":null},"credentials-metadata":[{"type":"git_source","host":"github.com"}],"debug":null,"dependencies":null,"dependency-groups":[],"dependency-group-to-refresh":null,"existing-pull-requests":[],"existing-group-pull-requests":[],"experiments":{"record-ecosystem-versions":true,"record-update-job-unknown-error":true,"proxy-cached":true,"enable-corepack-for-npm-and-yarn":true,"enable-private-registry-for-corepack":true,"allow-refresh-for-existing-pr-dependencies":true,"allow-refresh-group-with-all-dependencies":true,"azure-registry-backup":true,"enable-enhanced-error-details-for-updater":true,"gradle-lockfile-updater":true,"enable-exclude-paths-subdirectory-manifest-files":true,"group-membership-enforcement":true,"goprivate":"*"},"ignore-conditions":[],"lockfile-only":false,"max-updater-run-time":2700,"package-manager":"go_modules","requirements-update-strategy":null,"reject-external-code":false,"security-advisories":[],"security-updates-only":false,"source":{"provider":"github","repo":"moby/moby","branch":"refs/heads/master","api-endpoint":"https://api.github.com/","hostname":"github.com","directories":["/."]},"updating-a-pull-request":false,"update-subdependencies":false,"vendor-dependencies":false,"enable-beta-ecosystems":false,"repo-private":true,"multi-ecosystem-update":false,"exclude-paths":[]}}
2026-05-11T17:58:37.9857300Z   proxy | 2026/05/11 17:58:37 [002] GET https://github.com:443/moby/moby.git/info/refs?service=git-upload-pack
2026-05-11T17:58:37.9858147Z 2026/05/11 17:58:37 [002] * authenticating git server request (host: github.com)
2026-05-11T17:58:38.1254058Z   proxy | 2026/05/11 17:58:38 [002] 200 https://github.com:443/moby/moby.git/info/refs?service=git-upload-pack
2026-05-11T17:58:38.3794521Z updater | 2026/05/11 17:58:38 ERROR <job_1360289371> Error during file fetching; aborting: The branch 'refs/heads/master' specified in the target-branch field does not exist. Please check that the branch name is correct and that the branch exists in the repository.
2026-05-11T17:58:38.5395130Z   proxy | 2026/05/11 17:58:38 [004] POST /update_jobs/1360289371/record_update_job_error
2026-05-11T17:58:38.6203778Z   proxy | 2026/05/11 17:58:38 [004] 204 /update_jobs/1360289371/record_update_job_error
2026-05-11T17:58:38.7110631Z   proxy | 2026/05/11 17:58:38 [006] PATCH /update_jobs/1360289371/mark_as_processed
2026-05-11T17:58:38.7793976Z   proxy | 2026/05/11 17:58:38 [006] 204 /update_jobs/1360289371/mark_as_processed
2026-05-11T17:58:38.7851284Z updater | 2026/05/11 17:58:38 INFO <job_1360289371> Finished job processing
2026-05-11T17:58:38.7863851Z updater | 2026/05/11 17:58:38 INFO Results:
2026-05-11T17:58:38.7865949Z Dependabot encountered '1' error(s) during execution, please check the logs for more details.
2026-05-11T17:58:38.7867310Z +------------------------------------------------------------------------------------------------------------------------------------------------------------------------------------------------------------------+
2026-05-11T17:58:38.7868789Z |                                                                                                      Errors                                                                                                      |
2026-05-11T17:58:38.7870539Z +------------------+-----------------------------------------------------------------------------------------------------------------------------------------------------------------------------------------------+
2026-05-11T17:58:38.7871793Z | Type             | Details                                                                                                                                                                                       |
2026-05-11T17:58:38.7872869Z +------------------+-----------------------------------------------------------------------------------------------------------------------------------------------------------------------------------------------+
2026-05-11T17:58:38.7873758Z | branch_not_found | {                                                                                                                                                                                             |
2026-05-11T17:58:38.7874524Z |                  |   "branch-name": "refs/heads/master",                                                                                                                                                         |
2026-05-11T17:58:38.7875523Z |                  |   "message": "The branch 'refs/heads/master' specified in the target-branch field does not exist. Please check that the branch name is correct and that the branch exists in the repository." |
2026-05-11T17:58:38.7876462Z |                  | }                                                                                                                                                                                             |
2026-05-11T17:58:38.7877481Z +------------------+-----------------------------------------------------------------------------------------------------------------------------------------------------------------------------------------------+
2026-05-11T17:58:38.9162165Z Failure running container 9a9f59dba746a30263e929dcd273fef3a7b13910005f7f7bdcc443e512c0c008: Error: Command failed with exit code 1: /bin/sh -c $DEPENDABOT_HOME/dependabot-updater/bin/run update_graph
2026-05-11T17:58:38.9996755Z Cleaned up container 9a9f59dba746a30263e929dcd273fef3a7b13910005f7f7bdcc443e512c0c008
2026-05-11T17:58:39.0084932Z   proxy | 2026/05/11 17:58:39 0/3 calls cached (0%)
2026-05-11T17:58:39.0091310Z   proxy | 2026/05/11 17:58:39 Posting metrics to remote API endpoint
2026-05-11T17:58:39.3760253Z ##[error]Dependabot encountered an error performing the update

Error: The updater encountered one or more errors.

For more information see: https://github.com/moby/moby/network/updates/1360289371 (write access to the repository is required to view the log)
2026-05-11T17:58:39.3771639Z 🤖 ~ finished: error reported to Dependabot ~
2026-05-11T17:58:39.3865174Z Post job cleanup.
2026-05-11T17:58:39.5621050Z Cleaning up orphan processes
2026-05-11T17:58:39.5953921Z ##[warning]Node.js 20 actions are deprecated. The following actions are running on Node.js 20 and may not work as expected: github/dependabot-action@main. Actions will be forced to run with Node.js 24 by default starting June 2nd, 2026. Node.js 20 will be removed from the runner on September 16th, 2026. Please check if updated versions of these actions are available that support Node.js 24. To opt into Node.js 24 now, set the FORCE_JAVASCRIPT_ACTIONS_TO_NODE24=true environment variable on the runner or in your workflow file. Once Node.js 24 becomes the default, you can temporarily opt out by setting ACTIONS_ALLOW_USE_UNSECURE_NODE_VERSION=true. For more information see: https://github.blog/changelog/2025-09-19-deprecation-of-node-20-on-github-actions-runners/
