2026-05-27T10:41:14.7238946Z Current runner version: '2.334.0'
2026-05-27T10:41:14.7267720Z ##[group]Runner Image Provisioner
2026-05-27T10:41:14.7268724Z Hosted Compute Agent
2026-05-27T10:41:14.7269441Z Version: 20260213.493
2026-05-27T10:41:14.7270208Z Commit: 5c115507f6dd24b8de37d8bbe0bb4509d0cc0fa3
2026-05-27T10:41:14.7270982Z Build Date: 2026-02-13T00:28:41Z
2026-05-27T10:41:14.7271802Z Worker ID: {7f379e56-55b8-447d-94eb-c7fd1bb21d87}
2026-05-27T10:41:14.7272651Z Azure Region: northcentralus
2026-05-27T10:41:14.7273367Z ##[endgroup]
2026-05-27T10:41:14.7275121Z ##[group]Operating System
2026-05-27T10:41:14.7275886Z Ubuntu
2026-05-27T10:41:14.7276845Z 24.04.4
2026-05-27T10:41:14.7277531Z LTS
2026-05-27T10:41:14.7278182Z ##[endgroup]
2026-05-27T10:41:14.7278800Z ##[group]Runner Image
2026-05-27T10:41:14.7279554Z Image: ubuntu-24.04
2026-05-27T10:41:14.7280218Z Version: 20260518.149.1
2026-05-27T10:41:14.7281625Z Included Software: https://github.com/actions/runner-images/blob/ubuntu24/20260518.149/images/ubuntu/Ubuntu2404-Readme.md
2026-05-27T10:41:14.7283289Z Image Release: https://github.com/actions/runner-images/releases/tag/ubuntu24%2F20260518.149
2026-05-27T10:41:14.7284342Z ##[endgroup]
2026-05-27T10:41:14.7285592Z ##[group]GITHUB_TOKEN Permissions
2026-05-27T10:41:14.7288292Z Contents: read
2026-05-27T10:41:14.7288964Z Metadata: read
2026-05-27T10:41:14.7289767Z ##[endgroup]
2026-05-27T10:41:14.7292055Z Secret source: None
2026-05-27T10:41:14.7293226Z Prepare workflow directory
2026-05-27T10:41:14.7714636Z Prepare all required actions
2026-05-27T10:41:14.7757279Z Getting action download info
2026-05-27T10:41:15.3341366Z Download action repository 'actions/github-script@3a2844b7e9c422d3c10d287c895573f7108da1b3' (SHA:3a2844b7e9c422d3c10d287c895573f7108da1b3)
2026-05-27T10:41:15.7409666Z Download action repository 'docker/metadata-action@030e881283bb7a6894de51c315a6bfe6a94e05cf' (SHA:030e881283bb7a6894de51c315a6bfe6a94e05cf)
2026-05-27T10:41:16.2162153Z Download action repository 'docker/login-action@4907a6ddec9925e35a0a9e82d7399ccc52663121' (SHA:4907a6ddec9925e35a0a9e82d7399ccc52663121)
2026-05-27T10:41:16.6147616Z Download action repository 'docker/setup-buildx-action@4d04d5d9486b7bd6fa91e7baf45bbb4f8b9deedd' (SHA:4d04d5d9486b7bd6fa91e7baf45bbb4f8b9deedd)
2026-05-27T10:41:17.0170569Z Download action repository 'actions/upload-artifact@043fb46d1a93c77aae656e7c1c64a875d1fc6a0a' (SHA:043fb46d1a93c77aae656e7c1c64a875d1fc6a0a)
2026-05-27T10:41:17.2446041Z Uses: docker/github-builder/.github/workflows/bake.yml@073833262a23a17675c95c4541ab063b7646756b
2026-05-27T10:41:17.2452400Z ##[group] Inputs
2026-05-27T10:41:17.2453985Z   runner: default=ubuntu-24.04
linux/arm=ubuntu-24.04-arm
linux/arm64=ubuntu-24.04-arm

2026-05-27T10:41:17.2456208Z   distribute: true
2026-05-27T10:41:17.2457402Z   fail-fast: false
2026-05-27T10:41:17.2458384Z   setup-qemu: true
2026-05-27T10:41:17.2459479Z   artifact-name: docker-github-builder-assets
2026-05-27T10:41:17.2460789Z   artifact-upload: false
2026-05-27T10:41:17.2461876Z   cache: true
2026-05-27T10:41:17.2462827Z   cache-scope: bin-image
2026-05-27T10:41:17.2463883Z   cache-mode: min
2026-05-27T10:41:17.2464823Z   context: .
2026-05-27T10:41:17.2465703Z   files: 
2026-05-27T10:41:17.2466977Z   output: image
2026-05-27T10:41:17.2467945Z   push: false
2026-05-27T10:41:17.2468864Z   sbom: false
2026-05-27T10:41:17.2469757Z   set: 
2026-05-27T10:41:17.2470610Z   sign: auto
2026-05-27T10:41:17.2471547Z   target: bin-image-cross
2026-05-27T10:41:17.2474342Z   vars: DOCKER_GITCOMMIT=c87862d022cb7987eee7f8a2bc8a14513d7771ec
VERSION=refs/pull/52710/merge
PLATFORM=Moby Engine - Nightly
PRODUCT=moby-bin
PACKAGER_NAME=The Moby Project

2026-05-27T10:41:17.2477425Z   set-meta-annotations: false
2026-05-27T10:41:17.2478556Z   set-meta-labels: false
2026-05-27T10:41:17.2479620Z   meta-images: moby/moby-bin

2026-05-27T10:41:17.2482961Z   meta-tags: type=ref,event=branch
type=ref,event=pr
type=semver,pattern={{version}},match=docker-(.*)
type=semver,pattern={{major}}.{{minor}},match=docker-(.*)
type=semver,pattern={{major}},match=docker-(.*)

2026-05-27T10:41:17.2486184Z   meta-flavor: 
2026-05-27T10:41:17.2487320Z   meta-labels: 
2026-05-27T10:41:17.2488270Z   meta-annotations: 
2026-05-27T10:41:17.2489250Z   meta-bake-target: 
2026-05-27T10:41:17.2490232Z ##[endgroup]
2026-05-27T10:41:17.2491186Z Complete job name: build / finalize
2026-05-27T10:41:17.3464832Z ##[group]Run actions/github-script@3a2844b7e9c422d3c10d287c895573f7108da1b3
2026-05-27T10:41:17.3467036Z with:
2026-05-27T10:41:17.3468745Z   script: await exec.exec('npm', ['install', '--prefer-offline', '--ignore-scripts', core.getInput('dat-module')]);

2026-05-27T10:41:17.3481347Z   github-token: ***
2026-05-27T10:41:17.3482320Z   debug: false
2026-05-27T10:41:17.3483276Z   user-agent: actions/github-script
2026-05-27T10:41:17.3484416Z   result-encoding: json
2026-05-27T10:41:17.3485394Z   retries: 0
2026-05-27T10:41:17.3486654Z   retry-exempt-status-codes: 400,401,403,404,422
2026-05-27T10:41:17.3488437Z env:
2026-05-27T10:41:17.3489323Z   BUILDX_VERSION: v0.34.1
2026-05-27T10:41:17.3490417Z   BUILDKIT_IMAGE: moby/buildkit:v0.30.0
2026-05-27T10:41:17.3491708Z   SBOM_IMAGE: docker/buildkit-syft-scanner:1.11.0
2026-05-27T10:41:17.3493095Z   BINFMT_IMAGE: tonistiigi/binfmt:qemu-v10.2.1-65
2026-05-27T10:41:17.3494665Z   DOCKER_ACTIONS_TOOLKIT_MODULE: @docker/actions-toolkit@0.90.0
2026-05-27T10:41:17.3496091Z   COSIGN_VERSION: v3.0.6
2026-05-27T10:41:17.3497398Z   LOCAL_EXPORT_DIR: /tmp/buildx-output
2026-05-27T10:41:17.3498561Z   MATRIX_SIZE_LIMIT: 20
2026-05-27T10:41:17.3499581Z   BUILDX_SEND_GIT_QUERY_AS_INPUT: true
2026-05-27T10:41:17.3500755Z   NPM_CONFIG_FETCH_RETRIES: 5
2026-05-27T10:41:17.3501944Z   INPUT_DAT-MODULE: @docker/actions-toolkit@0.90.0
2026-05-27T10:41:17.3503197Z ##[endgroup]
2026-05-27T10:41:17.4636080Z [command]/usr/local/bin/npm install --prefer-offline --ignore-scripts @docker/actions-toolkit@0.90.0
2026-05-27T10:41:25.8477165Z npm warn deprecated glob@10.5.0: Old versions of glob are not supported, and contain widely publicized security vulnerabilities, which have been fixed in the current version. Please update. Support for old versions may be purchased (at exorbitant rates) by contacting i@izs.me
2026-05-27T10:41:27.6248666Z npm error code ECONNRESET
2026-05-27T10:41:27.6249297Z npm error network aborted
2026-05-27T10:41:27.6249759Z npm error network This is a problem related to network connectivity.
2026-05-27T10:41:27.6250691Z npm error network In most cases you are behind a proxy or have bad network settings.
2026-05-27T10:41:27.6251246Z npm error network
2026-05-27T10:41:27.6251618Z npm error network If you are behind a proxy, please make sure that the
2026-05-27T10:41:27.6252333Z npm error network 'proxy' config is set properly.  See: 'npm help config'
2026-05-27T10:41:27.6264005Z npm error A complete log of this run can be found in: /home/runner/.npm/_logs/2026-05-27T10_41_17_764Z-debug-0.log
2026-05-27T10:41:27.6875754Z Error: The process '/usr/local/bin/npm' failed with exit code 1
2026-05-27T10:41:27.6877583Z     at ExecState._setResult (/home/runner/work/_actions/actions/github-script/3a2844b7e9c422d3c10d287c895573f7108da1b3/dist/index.js:1702:25)
2026-05-27T10:41:27.6879462Z     at ExecState.CheckComplete (/home/runner/work/_actions/actions/github-script/3a2844b7e9c422d3c10d287c895573f7108da1b3/dist/index.js:1685:18)
2026-05-27T10:41:27.6881198Z     at ChildProcess.<anonymous> (/home/runner/work/_actions/actions/github-script/3a2844b7e9c422d3c10d287c895573f7108da1b3/dist/index.js:1579:27)
2026-05-27T10:41:27.6882088Z     at ChildProcess.emit (node:events:509:28)
2026-05-27T10:41:27.6882601Z     at maybeClose (node:internal/child_process:1124:16)
2026-05-27T10:41:27.6883207Z     at ChildProcess._handle.onexit (node:internal/child_process:306:5)
2026-05-27T10:41:27.6919952Z ##[error]Unhandled error: Error: The process '/usr/local/bin/npm' failed with exit code 1
2026-05-27T10:41:27.7169677Z Evaluate and set job outputs
2026-05-27T10:41:27.7186179Z Set output 'cosign-version'
2026-05-27T10:41:27.7188485Z Set output 'output-type'
2026-05-27T10:41:27.7189437Z Set output 'signed'
2026-05-27T10:41:27.7190267Z Cleaning up orphan processes
