2026-05-18T17:14:28.3705088Z Current runner version: '2.334.0'
2026-05-18T17:14:28.3733153Z ##[group]Runner Image Provisioner
2026-05-18T17:14:28.3734030Z Hosted Compute Agent
2026-05-18T17:14:28.3734788Z Version: 20260213.493
2026-05-18T17:14:28.3735452Z Commit: 5c115507f6dd24b8de37d8bbe0bb4509d0cc0fa3
2026-05-18T17:14:28.3736156Z Build Date: 2026-02-13T00:28:41Z
2026-05-18T17:14:28.3736928Z Worker ID: {f280dde1-fe25-4bae-ad78-fcd9163c6d92}
2026-05-18T17:14:28.3737663Z Azure Region: eastus
2026-05-18T17:14:28.3738219Z ##[endgroup]
2026-05-18T17:14:28.3739630Z ##[group]Operating System
2026-05-18T17:14:28.3740281Z Ubuntu
2026-05-18T17:14:28.3740879Z 24.04.4
2026-05-18T17:14:28.3741415Z LTS
2026-05-18T17:14:28.3742273Z ##[endgroup]
2026-05-18T17:14:28.3742894Z ##[group]Runner Image
2026-05-18T17:14:28.3743527Z Image: ubuntu-24.04
2026-05-18T17:14:28.3744133Z Version: 20260513.135.3
2026-05-18T17:14:28.3745496Z Included Software: https://github.com/actions/runner-images/blob/ubuntu24/20260513.135/images/ubuntu/Ubuntu2404-Readme.md
2026-05-18T17:14:28.3747281Z Image Release: https://github.com/actions/runner-images/releases/tag/ubuntu24%2F20260513.135
2026-05-18T17:14:28.3748303Z ##[endgroup]
2026-05-18T17:14:28.3749370Z ##[group]GITHUB_TOKEN Permissions
2026-05-18T17:14:28.3751959Z Contents: read
2026-05-18T17:14:28.3752631Z Metadata: read
2026-05-18T17:14:28.3753313Z ##[endgroup]
2026-05-18T17:14:28.3756057Z Secret source: None
2026-05-18T17:14:28.3757052Z Prepare workflow directory
2026-05-18T17:14:28.4155690Z Prepare all required actions
2026-05-18T17:14:28.4192599Z Getting action download info
2026-05-18T17:14:28.8719186Z Download action repository 'actions/github-script@3a2844b7e9c422d3c10d287c895573f7108da1b3' (SHA:3a2844b7e9c422d3c10d287c895573f7108da1b3)
2026-05-18T17:14:29.1314799Z Download action repository 'docker/metadata-action@030e881283bb7a6894de51c315a6bfe6a94e05cf' (SHA:030e881283bb7a6894de51c315a6bfe6a94e05cf)
2026-05-18T17:14:29.3584234Z Download action repository 'docker/login-action@4907a6ddec9925e35a0a9e82d7399ccc52663121' (SHA:4907a6ddec9925e35a0a9e82d7399ccc52663121)
2026-05-18T17:14:29.5289058Z Download action repository 'docker/setup-buildx-action@4d04d5d9486b7bd6fa91e7baf45bbb4f8b9deedd' (SHA:4d04d5d9486b7bd6fa91e7baf45bbb4f8b9deedd)
2026-05-18T17:14:29.7184790Z Download action repository 'actions/upload-artifact@043fb46d1a93c77aae656e7c1c64a875d1fc6a0a' (SHA:043fb46d1a93c77aae656e7c1c64a875d1fc6a0a)
2026-05-18T17:14:29.9900529Z Uses: docker/github-builder/.github/workflows/bake.yml@c2782c55efa56a01b9c30021db8f5ec3993228a3
2026-05-18T17:14:29.9905950Z ##[group] Inputs
2026-05-18T17:14:29.9906886Z   runner: ubuntu-24.04
2026-05-18T17:14:29.9908171Z   distribute: true
2026-05-18T17:14:29.9909045Z   fail-fast: false
2026-05-18T17:14:29.9909907Z   setup-qemu: true
2026-05-18T17:14:29.9910888Z   artifact-name: docker-github-builder-assets
2026-05-18T17:14:29.9912356Z   artifact-upload: false
2026-05-18T17:14:29.9913289Z   cache: true
2026-05-18T17:14:29.9914121Z   cache-scope: image
2026-05-18T17:14:29.9915044Z   cache-mode: min
2026-05-18T17:14:29.9915897Z   context: .
2026-05-18T17:14:29.9916671Z   files: 
2026-05-18T17:14:29.9917460Z   output: image
2026-05-18T17:14:29.9918303Z   push: false
2026-05-18T17:14:29.9919111Z   sbom: true
2026-05-18T17:14:29.9919885Z   set: 
2026-05-18T17:14:29.9920666Z   sign: auto
2026-05-18T17:14:29.9921631Z   target: image-cross
2026-05-18T17:14:29.9922800Z   vars: IMAGE_TARGET=rootless
EXPORT_BASE=alpine
BUILDKITD_TAGS=

2026-05-18T17:14:29.9924178Z   set-meta-annotations: true
2026-05-18T17:14:29.9925176Z   set-meta-labels: false
2026-05-18T17:14:29.9926135Z   meta-images: moby/buildkit

2026-05-18T17:14:29.9928892Z   meta-tags: type=schedule,pattern=nightly,suffix=-rootless
type=ref,event=branch,suffix=-rootless
type=ref,event=pr,suffix=-rootless
type=semver,pattern={{raw}},suffix=-rootless
type=raw,value=

2026-05-18T17:14:29.9932042Z   meta-flavor: latest=false

2026-05-18T17:14:29.9933040Z   meta-labels: 
2026-05-18T17:14:29.9935013Z   meta-annotations: org.opencontainers.image.title=BuildKit
org.opencontainers.image.vendor=Moby

2026-05-18T17:14:29.9936999Z   meta-bake-target: meta-helper
2026-05-18T17:14:29.9938002Z ##[endgroup]
2026-05-18T17:14:29.9939258Z Complete job name: image (alpine, rootless, moby/buildkit, -rootless) / finalize
2026-05-18T17:14:30.0765972Z ##[group]Run actions/github-script@3a2844b7e9c422d3c10d287c895573f7108da1b3
2026-05-18T17:14:30.0851367Z with:
2026-05-18T17:14:30.0853475Z   script: await exec.exec('npm', ['install', '--prefer-offline', '--ignore-scripts', core.getInput('dat-module')]);

2026-05-18T17:14:30.0856025Z   github-token: ***
2026-05-18T17:14:30.0856881Z   debug: false
2026-05-18T17:14:30.0857732Z   user-agent: actions/github-script
2026-05-18T17:14:30.0858765Z   result-encoding: json
2026-05-18T17:14:30.0859632Z   retries: 0
2026-05-18T17:14:30.0860522Z   retry-exempt-status-codes: 400,401,403,404,422
2026-05-18T17:14:30.0862280Z env:
2026-05-18T17:14:30.0863069Z   BUILDX_VERSION: v0.33.0
2026-05-18T17:14:30.0864030Z   BUILDKIT_IMAGE: moby/buildkit:v0.29.0
2026-05-18T17:14:30.0865304Z   SBOM_IMAGE: docker/buildkit-syft-scanner:1.11.0
2026-05-18T17:14:30.0866586Z   BINFMT_IMAGE: tonistiigi/binfmt:qemu-v10.2.1-65
2026-05-18T17:14:30.0868060Z   DOCKER_ACTIONS_TOOLKIT_MODULE: @docker/actions-toolkit@0.89.1
2026-05-18T17:14:30.0869357Z   COSIGN_VERSION: v3.0.6
2026-05-18T17:14:30.0870307Z   LOCAL_EXPORT_DIR: /tmp/buildx-output
2026-05-18T17:14:30.0871327Z   MATRIX_SIZE_LIMIT: 20
2026-05-18T17:14:30.0872457Z   BUILDX_SEND_GIT_QUERY_AS_INPUT: true
2026-05-18T17:14:30.0873502Z   NPM_CONFIG_FETCH_RETRIES: 5
2026-05-18T17:14:30.0874570Z   INPUT_DAT-MODULE: @docker/actions-toolkit@0.89.1
2026-05-18T17:14:30.0875719Z ##[endgroup]
2026-05-18T17:14:30.1974521Z [command]/usr/local/bin/npm install --prefer-offline --ignore-scripts @docker/actions-toolkit@0.89.1
2026-05-18T17:14:38.4571277Z npm warn deprecated glob@10.5.0: Old versions of glob are not supported, and contain widely publicized security vulnerabilities, which have been fixed in the current version. Please update. Support for old versions may be purchased (at exorbitant rates) by contacting i@izs.me
2026-05-18T17:14:39.6982680Z npm error code ECONNRESET
2026-05-18T17:14:39.6993638Z npm error network aborted
2026-05-18T17:14:39.6994404Z npm error network This is a problem related to network connectivity.
2026-05-18T17:14:39.6995256Z npm error network In most cases you are behind a proxy or have bad network settings.
2026-05-18T17:14:39.6995925Z npm error network
2026-05-18T17:14:39.6996559Z npm error network If you are behind a proxy, please make sure that the
2026-05-18T17:14:39.6997381Z npm error network 'proxy' config is set properly.  See: 'npm help config'
2026-05-18T17:14:39.7002006Z npm error A complete log of this run can be found in: /home/runner/.npm/_logs/2026-05-18T17_14_30_443Z-debug-0.log
2026-05-18T17:14:39.7265703Z Error: The process '/usr/local/bin/npm' failed with exit code 1
2026-05-18T17:14:39.7266984Z     at ExecState._setResult (/home/runner/work/_actions/actions/github-script/3a2844b7e9c422d3c10d287c895573f7108da1b3/dist/index.js:1702:25)
2026-05-18T17:14:39.7268677Z     at ExecState.CheckComplete (/home/runner/work/_actions/actions/github-script/3a2844b7e9c422d3c10d287c895573f7108da1b3/dist/index.js:1685:18)
2026-05-18T17:14:39.7270445Z     at ChildProcess.<anonymous> (/home/runner/work/_actions/actions/github-script/3a2844b7e9c422d3c10d287c895573f7108da1b3/dist/index.js:1579:27)
2026-05-18T17:14:39.7271320Z     at ChildProcess.emit (node:events:509:28)
2026-05-18T17:14:39.7272212Z     at maybeClose (node:internal/child_process:1124:16)
2026-05-18T17:14:39.7272799Z     at ChildProcess._handle.onexit (node:internal/child_process:306:5)
2026-05-18T17:14:39.7308746Z ##[error]Unhandled error: Error: The process '/usr/local/bin/npm' failed with exit code 1
2026-05-18T17:14:39.7540368Z Evaluate and set job outputs
2026-05-18T17:14:39.7554948Z Set output 'cosign-version'
2026-05-18T17:14:39.7556435Z Set output 'output-type'
2026-05-18T17:14:39.7557242Z Set output 'signed'
2026-05-18T17:14:39.7557944Z Cleaning up orphan processes
