2026-05-25T11:25:16.3255164Z Current runner version: '2.334.0'
2026-05-25T11:25:16.3287354Z ##[group]Runner Image Provisioner
2026-05-25T11:25:16.3288382Z Hosted Compute Agent
2026-05-25T11:25:16.3289143Z Version: 20260213.493
2026-05-25T11:25:16.3289972Z Commit: 5c115507f6dd24b8de37d8bbe0bb4509d0cc0fa3
2026-05-25T11:25:16.3290952Z Build Date: 2026-02-13T00:28:41Z
2026-05-25T11:25:16.3291883Z Worker ID: {ec56cbde-1d7e-4470-9808-b46f749c4a78}
2026-05-25T11:25:16.3292849Z Azure Region: centralus
2026-05-25T11:25:16.3293600Z ##[endgroup]
2026-05-25T11:25:16.3295397Z ##[group]Operating System
2026-05-25T11:25:16.3296186Z Microsoft Windows Server 2022
2026-05-25T11:25:16.3296986Z 10.0.20348
2026-05-25T11:25:16.3297647Z Datacenter
2026-05-25T11:25:16.3298242Z ##[endgroup]
2026-05-25T11:25:16.3298899Z ##[group]Runner Image
2026-05-25T11:25:16.3299603Z Image: windows-2022
2026-05-25T11:25:16.3300460Z Version: 20260518.170.1
2026-05-25T11:25:16.3302423Z Included Software: https://github.com/actions/runner-images/blob/win22/20260518.170/images/windows/Windows2022-Readme.md
2026-05-25T11:25:16.3304761Z Image Release: https://github.com/actions/runner-images/releases/tag/win22%2F20260518.170
2026-05-25T11:25:16.3306222Z ##[endgroup]
2026-05-25T11:25:16.3307670Z ##[group]GITHUB_TOKEN Permissions
2026-05-25T11:25:16.3309868Z Contents: read
2026-05-25T11:25:16.3310630Z Metadata: read
2026-05-25T11:25:16.3311302Z ##[endgroup]
2026-05-25T11:25:16.3313686Z Secret source: Actions
2026-05-25T11:25:16.3314638Z Prepare workflow directory
2026-05-25T11:25:16.3719813Z Prepare all required actions
2026-05-25T11:25:16.3755492Z Getting action download info
2026-05-25T11:25:16.8903565Z Download action repository 'actions/checkout@de0fac2e4500dabe0009e67214ff5f5447ce83dd' (SHA:de0fac2e4500dabe0009e67214ff5f5447ce83dd)
2026-05-25T11:25:16.9970771Z Download action repository 'crazy-max/ghaction-github-runtime@04d248b84655b509d8c44dc1d6f990c879747487' (SHA:04d248b84655b509d8c44dc1d6f990c879747487)
2026-05-25T11:25:17.3520640Z Download action repository 'actions/setup-go@4a3601121dd01d1626a1e23e37211e3254c1c06c' (SHA:4a3601121dd01d1626a1e23e37211e3254c1c06c)
2026-05-25T11:25:17.7797084Z Download action repository 'actions/download-artifact@3e5f45b2cfb9172054b4087a40e8e0b5a5461e7c' (SHA:3e5f45b2cfb9172054b4087a40e8e0b5a5461e7c)
2026-05-25T11:25:18.2095964Z Download action repository 'codecov/codecov-action@57e3a136b779b570ffcdbf80b3bdc90e7fab3de2' (SHA:57e3a136b779b570ffcdbf80b3bdc90e7fab3de2)
2026-05-25T11:25:18.4795266Z Download action repository 'crazy-max/.github@9ba6e6f9450baf3b1237f8035c1fdc45932510bd' (SHA:9ba6e6f9450baf3b1237f8035c1fdc45932510bd)
2026-05-25T11:25:18.6775484Z Download action repository 'actions/upload-artifact@043fb46d1a93c77aae656e7c1c64a875d1fc6a0a' (SHA:043fb46d1a93c77aae656e7c1c64a875d1fc6a0a)
2026-05-25T11:25:18.9357157Z Getting action download info
2026-05-25T11:25:19.1672952Z Download action repository 'actions/github-script@ed597411d8f924073f98dfc5c65a23a2325f34cd' (SHA:ed597411d8f924073f98dfc5c65a23a2325f34cd)
2026-05-25T11:25:19.5216123Z Getting action download info
2026-05-25T11:25:19.7300360Z Complete job name: test-windows-amd64 (windows-2022, containerd, ./frontend/dockerfile#11-12)
2026-05-25T11:25:19.8634363Z ##[group]Run TESTPKG=$(echo "./frontend/dockerfile#11-12" | awk '-F#' '{print $1}')
2026-05-25T11:25:19.8635370Z [36;1mTESTPKG=$(echo "./frontend/dockerfile#11-12" | awk '-F#' '{print $1}')[0m
2026-05-25T11:25:19.8636075Z [36;1mecho "TESTPKG=$TESTPKG" >> $GITHUB_ENV[0m
2026-05-25T11:25:19.8637172Z [36;1mecho "TEST_REPORT_NAME=test-windows-amd64-$(echo "./frontend/dockerfile#11-12--containerd" | tr -dc '[:alnum:]-\n\r' | tr '[:upper:]' '[:lower:]')" >> $GITHUB_ENV[0m
2026-05-25T11:25:19.8638209Z [36;1mtestFlags="-v --timeout=60m"[0m
2026-05-25T11:25:19.8638826Z [36;1mtestSlice=$(echo "./frontend/dockerfile#11-12" | awk '-F#' '{print $2}')[0m
2026-05-25T11:25:19.8639444Z [36;1mtestSliceOffset=""[0m
2026-05-25T11:25:19.8639853Z [36;1mif [ -n "$testSlice" ]; then[0m
2026-05-25T11:25:19.8642008Z [36;1m  testSliceOffset="slice=$testSlice/"[0m
2026-05-25T11:25:19.8642351Z [36;1mfi[0m
2026-05-25T11:25:19.8642607Z [36;1mif [ -n "containerd" ]; then[0m
2026-05-25T11:25:19.8643150Z [36;1m  testFlags="${testFlags} --run=TestIntegration/$testSliceOffset.*/worker=containerd"[0m
2026-05-25T11:25:19.8643646Z [36;1mfi[0m
2026-05-25T11:25:19.8643935Z [36;1mecho "TESTFLAGS=${testFlags}" >> $GITHUB_ENV[0m
2026-05-25T11:25:19.8660293Z shell: C:\Program Files\Git\bin\bash.EXE --noprofile --norc -e -o pipefail {0}
2026-05-25T11:25:19.8661073Z env:
2026-05-25T11:25:19.8661315Z   GO_VERSION: 1.26
2026-05-25T11:25:19.8661586Z   SETUP_BUILDX_VERSION: edge
2026-05-25T11:25:19.8661928Z   SETUP_BUILDKIT_IMAGE: moby/buildkit:latest
2026-05-25T11:25:19.8662262Z   DESTDIR: ./bin
2026-05-25T11:25:19.8662528Z   TESTFLAGS: -v --timeout=60m
2026-05-25T11:25:19.8662842Z   GOTESTSUM_FORMAT: standard-verbose
2026-05-25T11:25:19.8663138Z ##[endgroup]
2026-05-25T11:25:20.6695124Z ##[group]Run actions/checkout@de0fac2e4500dabe0009e67214ff5f5447ce83dd
2026-05-25T11:25:20.6695637Z with:
2026-05-25T11:25:20.6695849Z   repository: moby/buildkit
2026-05-25T11:25:20.6696269Z   token: ***
2026-05-25T11:25:20.6696468Z   ssh-strict: true
2026-05-25T11:25:20.6696677Z   ssh-user: git
2026-05-25T11:25:20.6696904Z   persist-credentials: true
2026-05-25T11:25:20.6697138Z   clean: true
2026-05-25T11:25:20.6697355Z   sparse-checkout-cone-mode: true
2026-05-25T11:25:20.6697606Z   fetch-depth: 1
2026-05-25T11:25:20.6697807Z   fetch-tags: false
2026-05-25T11:25:20.6698015Z   show-progress: true
2026-05-25T11:25:20.6698221Z   lfs: false
2026-05-25T11:25:20.6698412Z   submodules: false
2026-05-25T11:25:20.6698627Z   set-safe-directory: true
2026-05-25T11:25:20.6698852Z env:
2026-05-25T11:25:20.6699033Z   GO_VERSION: 1.26
2026-05-25T11:25:20.6699507Z   SETUP_BUILDX_VERSION: edge
2026-05-25T11:25:20.6699929Z   SETUP_BUILDKIT_IMAGE: moby/buildkit:latest
2026-05-25T11:25:20.6700278Z   DESTDIR: ./bin
2026-05-25T11:25:20.6700683Z   TESTFLAGS: -v --timeout=60m --run=TestIntegration/slice=11-12/.*/worker=containerd
2026-05-25T11:25:20.6701111Z   GOTESTSUM_FORMAT: standard-verbose
2026-05-25T11:25:20.6701391Z   TESTPKG: ./frontend/dockerfile
2026-05-25T11:25:20.6701759Z   TEST_REPORT_NAME: test-windows-amd64-frontenddockerfile11-12--containerd
2026-05-25T11:25:20.6702147Z ##[endgroup]
2026-05-25T11:25:20.8064454Z Syncing repository: moby/buildkit
2026-05-25T11:25:20.8065763Z ##[group]Getting Git version info
2026-05-25T11:25:20.8066131Z Working directory is 'D:\a\buildkit\buildkit'
2026-05-25T11:25:20.8961433Z [command]"C:\Program Files\Git\bin\git.exe" version
2026-05-25T11:25:21.2334285Z git version 2.54.0.windows.1
2026-05-25T11:25:21.2386782Z ##[endgroup]
2026-05-25T11:25:21.2406730Z Temporarily overriding HOME='D:\a\_temp\c71b189d-299b-4326-be02-197d24005209' before making global git config changes
2026-05-25T11:25:21.2407543Z Adding repository directory to the temporary git global config as a safe directory
2026-05-25T11:25:21.2416935Z [command]"C:\Program Files\Git\bin\git.exe" config --global --add safe.directory D:\a\buildkit\buildkit
2026-05-25T11:25:21.2879485Z Deleting the contents of 'D:\a\buildkit\buildkit'
2026-05-25T11:25:21.2884578Z ##[group]Initializing the repository
2026-05-25T11:25:21.2892865Z [command]"C:\Program Files\Git\bin\git.exe" init D:\a\buildkit\buildkit
2026-05-25T11:25:21.3618439Z Initialized empty Git repository in D:/a/buildkit/buildkit/.git/
2026-05-25T11:25:21.3653812Z [command]"C:\Program Files\Git\bin\git.exe" remote add origin https://github.com/moby/buildkit
2026-05-25T11:25:21.4104073Z ##[endgroup]
2026-05-25T11:25:21.4104917Z ##[group]Disabling automatic garbage collection
2026-05-25T11:25:21.4113327Z [command]"C:\Program Files\Git\bin\git.exe" config --local gc.auto 0
2026-05-25T11:25:21.4345012Z ##[endgroup]
2026-05-25T11:25:21.4345481Z ##[group]Setting up auth
2026-05-25T11:25:21.4347380Z Removing SSH command configuration
2026-05-25T11:25:21.4362571Z [command]"C:\Program Files\Git\bin\git.exe" config --local --name-only --get-regexp core\.sshCommand
2026-05-25T11:25:21.4597463Z [command]"C:\Program Files\Git\bin\git.exe" submodule foreach --recursive "sh -c \"git config --local --name-only --get-regexp 'core\.sshCommand' && git config --local --unset-all 'core.sshCommand' || :\""
2026-05-25T11:25:22.3847939Z Removing HTTP extra header
2026-05-25T11:25:22.3857430Z [command]"C:\Program Files\Git\bin\git.exe" config --local --name-only --get-regexp http\.https\:\/\/github\.com\/\.extraheader
2026-05-25T11:25:22.4090358Z [command]"C:\Program Files\Git\bin\git.exe" submodule foreach --recursive "sh -c \"git config --local --name-only --get-regexp 'http\.https\:\/\/github\.com\/\.extraheader' && git config --local --unset-all 'http.https://github.com/.extraheader' || :\""
2026-05-25T11:25:22.8320990Z Removing includeIf entries pointing to credentials config files
2026-05-25T11:25:22.8334122Z [command]"C:\Program Files\Git\bin\git.exe" config --local --name-only --get-regexp ^includeIf\.gitdir:
2026-05-25T11:25:22.8553532Z [command]"C:\Program Files\Git\bin\git.exe" submodule foreach --recursive "git config --local --show-origin --name-only --get-regexp remote.origin.url"
2026-05-25T11:25:23.2727139Z [command]"C:\Program Files\Git\bin\git.exe" config --file D:\a\_temp\git-credentials-62320c0a-2758-4ab6-95da-328a8c029bea.config http.https://github.com/.extraheader "AUTHORIZATION: basic ***"
2026-05-25T11:25:23.2957111Z [command]"C:\Program Files\Git\bin\git.exe" config --local includeIf.gitdir:D:/a/buildkit/buildkit/.git.path D:\a\_temp\git-credentials-62320c0a-2758-4ab6-95da-328a8c029bea.config
2026-05-25T11:25:23.3173780Z [command]"C:\Program Files\Git\bin\git.exe" config --local includeIf.gitdir:D:/a/buildkit/buildkit/.git/worktrees/*.path D:\a\_temp\git-credentials-62320c0a-2758-4ab6-95da-328a8c029bea.config
2026-05-25T11:25:23.3433507Z [command]"C:\Program Files\Git\bin\git.exe" config --local includeIf.gitdir:/github/workspace/.git.path /github/runner_temp/git-credentials-62320c0a-2758-4ab6-95da-328a8c029bea.config
2026-05-25T11:25:23.3662491Z [command]"C:\Program Files\Git\bin\git.exe" config --local includeIf.gitdir:/github/workspace/.git/worktrees/*.path /github/runner_temp/git-credentials-62320c0a-2758-4ab6-95da-328a8c029bea.config
2026-05-25T11:25:23.3889196Z ##[endgroup]
2026-05-25T11:25:23.3889757Z ##[group]Fetching the repository
2026-05-25T11:25:23.3902776Z [command]"C:\Program Files\Git\bin\git.exe" -c protocol.version=2 fetch --no-tags --prune --no-recurse-submodules --depth=1 origin +d6b444d4e18204d7f7e6fac28037ab1e28666d1b:refs/remotes/origin/master
2026-05-25T11:25:25.4693570Z From https://github.com/moby/buildkit
2026-05-25T11:25:25.4694378Z  * [new ref]         d6b444d4e18204d7f7e6fac28037ab1e28666d1b -> origin/master
2026-05-25T11:25:25.5009010Z [command]"C:\Program Files\Git\bin\git.exe" branch --list --remote origin/master
2026-05-25T11:25:25.5258044Z   origin/master
2026-05-25T11:25:25.5287335Z [command]"C:\Program Files\Git\bin\git.exe" rev-parse refs/remotes/origin/master
2026-05-25T11:25:25.5516567Z d6b444d4e18204d7f7e6fac28037ab1e28666d1b
2026-05-25T11:25:25.5538518Z ##[endgroup]
2026-05-25T11:25:25.5538880Z ##[group]Determining the checkout info
2026-05-25T11:25:25.5540396Z ##[endgroup]
2026-05-25T11:25:25.5548670Z [command]"C:\Program Files\Git\bin\git.exe" sparse-checkout disable
2026-05-25T11:25:25.5885957Z [command]"C:\Program Files\Git\bin\git.exe" config --local --unset-all extensions.worktreeConfig
2026-05-25T11:25:25.6101825Z ##[group]Checking out the ref
2026-05-25T11:25:25.6109299Z [command]"C:\Program Files\Git\bin\git.exe" checkout --progress --force -B master refs/remotes/origin/master
2026-05-25T11:25:26.6974692Z Updating files:  68% (5042/7334)
2026-05-25T11:25:26.7133214Z Updating files:  69% (5061/7334)
2026-05-25T11:25:26.7272386Z Updating files:  70% (5134/7334)
2026-05-25T11:25:26.7414272Z Updating files:  71% (5208/7334)
2026-05-25T11:25:26.7544017Z Updating files:  72% (5281/7334)
2026-05-25T11:25:26.7675777Z Updating files:  73% (5354/7334)
2026-05-25T11:25:26.7803813Z Updating files:  74% (5428/7334)
2026-05-25T11:25:26.7939171Z Updating files:  75% (5501/7334)
2026-05-25T11:25:26.8099245Z Updating files:  76% (5574/7334)
2026-05-25T11:25:26.8222472Z Updating files:  77% (5648/7334)
2026-05-25T11:25:26.8368871Z Updating files:  78% (5721/7334)
2026-05-25T11:25:26.8509873Z Updating files:  79% (5794/7334)
2026-05-25T11:25:26.8658671Z Updating files:  80% (5868/7334)
2026-05-25T11:25:26.8791276Z Updating files:  81% (5941/7334)
2026-05-25T11:25:26.8921112Z Updating files:  82% (6014/7334)
2026-05-25T11:25:26.9092775Z Updating files:  83% (6088/7334)
2026-05-25T11:25:26.9269736Z Updating files:  84% (6161/7334)
2026-05-25T11:25:26.9441472Z Updating files:  85% (6234/7334)
2026-05-25T11:25:26.9659976Z Updating files:  86% (6308/7334)
2026-05-25T11:25:26.9784135Z Updating files:  87% (6381/7334)
2026-05-25T11:25:26.9897335Z Updating files:  88% (6454/7334)
2026-05-25T11:25:27.0027285Z Updating files:  89% (6528/7334)
2026-05-25T11:25:27.0226776Z Updating files:  90% (6601/7334)
2026-05-25T11:25:27.0402755Z Updating files:  91% (6674/7334)
2026-05-25T11:25:27.0565799Z Updating files:  92% (6748/7334)
2026-05-25T11:25:27.0813986Z Updating files:  93% (6821/7334)
2026-05-25T11:25:27.0966844Z Updating files:  94% (6894/7334)
2026-05-25T11:25:27.1121909Z Updating files:  95% (6968/7334)
2026-05-25T11:25:27.1288964Z Updating files:  96% (7041/7334)
2026-05-25T11:25:27.1434844Z Updating files:  97% (7114/7334)
2026-05-25T11:25:27.1612805Z Updating files:  98% (7188/7334)
2026-05-25T11:25:27.1750956Z Updating files:  99% (7261/7334)
2026-05-25T11:25:27.1751494Z Updating files: 100% (7334/7334)
2026-05-25T11:25:27.1751932Z Updating files: 100% (7334/7334), done.
2026-05-25T11:25:27.1959372Z Reset branch 'master'
2026-05-25T11:25:27.1979840Z branch 'master' set up to track 'origin/master'.
2026-05-25T11:25:27.2030997Z ##[endgroup]
2026-05-25T11:25:27.2328026Z [command]"C:\Program Files\Git\bin\git.exe" log -1 --format=%H
2026-05-25T11:25:27.2530508Z d6b444d4e18204d7f7e6fac28037ab1e28666d1b
2026-05-25T11:25:27.2808130Z ##[group]Run crazy-max/ghaction-github-runtime@04d248b84655b509d8c44dc1d6f990c879747487
2026-05-25T11:25:27.2808726Z with:
2026-05-25T11:25:27.2809060Z   github-token: ***
2026-05-25T11:25:27.2809237Z env:
2026-05-25T11:25:27.2809384Z   GO_VERSION: 1.26
2026-05-25T11:25:27.2809568Z   SETUP_BUILDX_VERSION: edge
2026-05-25T11:25:27.2809817Z   SETUP_BUILDKIT_IMAGE: moby/buildkit:latest
2026-05-25T11:25:27.2810075Z   DESTDIR: ./bin
2026-05-25T11:25:27.2810400Z   TESTFLAGS: -v --timeout=60m --run=TestIntegration/slice=11-12/.*/worker=containerd
2026-05-25T11:25:27.2810830Z   GOTESTSUM_FORMAT: standard-verbose
2026-05-25T11:25:27.2811080Z   TESTPKG: ./frontend/dockerfile
2026-05-25T11:25:27.2811473Z   TEST_REPORT_NAME: test-windows-amd64-frontenddockerfile11-12--containerd
2026-05-25T11:25:27.2811865Z ##[endgroup]
2026-05-25T11:25:27.3765661Z ACTIONS_CACHE_SERVICE_V2=True
2026-05-25T11:25:27.3773542Z ACTIONS_CACHE_URL=https://acghubeus1.actions.githubusercontent.com/VSeSJsGRiRCTiu0PRaYdcZnubUW6TSVddo0DTZpqG1wDqsIbXb/
2026-05-25T11:25:27.3776269Z ACTIONS_ORCHESTRATION_ID=d30baca3-6942-46a4-9bfd-7d16fe92e363.test-windows-amd64.windows-2022_container_19
2026-05-25T11:25:27.3778440Z ACTIONS_RESULTS_URL=https://results-receiver.actions.githubusercontent.com/
2026-05-25T11:25:27.3783137Z ACTIONS_RUNNER_ACTION_ARCHIVE_CACHE=C:\actionarchivecache\
2026-05-25T11:25:27.3867655Z ACTIONS_RUNTIME_TOKEN=***
2026-05-25T11:25:27.3868709Z ACTIONS_RUNTIME_URL=https://pipelinesghubeus2.actions.githubusercontent.com/VSeSJsGRiRCTiu0PRaYdcZnubUW6TSVddo0DTZpqG1wDqsIbXb/
2026-05-25T11:25:27.4088338Z ##[group]Run actions/setup-go@4a3601121dd01d1626a1e23e37211e3254c1c06c
2026-05-25T11:25:27.4088740Z with:
2026-05-25T11:25:27.4088902Z   go-version: 1.26
2026-05-25T11:25:27.4089069Z   cache: false
2026-05-25T11:25:27.4089220Z   check-latest: false
2026-05-25T11:25:27.4089678Z   token: ***
2026-05-25T11:25:27.4090095Z env:
2026-05-25T11:25:27.4090234Z   GO_VERSION: 1.26
2026-05-25T11:25:27.4090407Z   SETUP_BUILDX_VERSION: edge
2026-05-25T11:25:27.4090627Z   SETUP_BUILDKIT_IMAGE: moby/buildkit:latest
2026-05-25T11:25:27.4090864Z   DESTDIR: ./bin
2026-05-25T11:25:27.4091229Z   TESTFLAGS: -v --timeout=60m --run=TestIntegration/slice=11-12/.*/worker=containerd
2026-05-25T11:25:27.4091635Z   GOTESTSUM_FORMAT: standard-verbose
2026-05-25T11:25:27.4091868Z   TESTPKG: ./frontend/dockerfile
2026-05-25T11:25:27.4092267Z   TEST_REPORT_NAME: test-windows-amd64-frontenddockerfile11-12--containerd
2026-05-25T11:25:27.4092621Z   ACTIONS_CACHE_SERVICE_V2: True
2026-05-25T11:25:27.4093190Z   ACTIONS_CACHE_URL: https://acghubeus1.actions.githubusercontent.com/VSeSJsGRiRCTiu0PRaYdcZnubUW6TSVddo0DTZpqG1wDqsIbXb/
2026-05-25T11:25:27.4093991Z   ACTIONS_ORCHESTRATION_ID: d30baca3-6942-46a4-9bfd-7d16fe92e363.test-windows-amd64.windows-2022_container_19
2026-05-25T11:25:27.4094613Z   ACTIONS_RESULTS_URL: https://results-receiver.actions.githubusercontent.com/
2026-05-25T11:25:27.4095056Z   ACTIONS_RUNNER_ACTION_ARCHIVE_CACHE: C:\actionarchivecache\
2026-05-25T11:25:27.4142011Z   ACTIONS_RUNTIME_TOKEN: ***
2026-05-25T11:25:27.4142595Z   ACTIONS_RUNTIME_URL: https://pipelinesghubeus2.actions.githubusercontent.com/VSeSJsGRiRCTiu0PRaYdcZnubUW6TSVddo0DTZpqG1wDqsIbXb/
2026-05-25T11:25:27.4143178Z ##[endgroup]
2026-05-25T11:25:27.5732043Z Setup go version spec 1.26
2026-05-25T11:25:27.6004245Z Attempting to download 1.26...
2026-05-25T11:25:28.2077988Z matching 1.26...
2026-05-25T11:25:28.2088998Z Acquiring 1.26.3 from https://github.com/actions/go-versions/releases/download/1.26.3-25533533231/go-1.26.3-win32-x64.zip
2026-05-25T11:25:28.9094863Z Extracting Go...
2026-05-25T11:25:29.0364358Z [command]"C:\Program Files\PowerShell\7\pwsh.exe" -NoLogo -NoProfile -NonInteractive -ExecutionPolicy Unrestricted -Command "$ErrorActionPreference = 'Stop' ; try { Add-Type -AssemblyName System.IO.Compression.ZipFile } catch { } ; try { [System.IO.Compression.ZipFile]::ExtractToDirectory('D:\a\_temp\go-1.26.3-win32-x64.zip', 'D:\a\_temp\2181a018-1a0c-4d78-93ec-96901dccb9e2', $true) } catch { if (($_.Exception.GetType().FullName -eq 'System.Management.Automation.MethodException') -or ($_.Exception.GetType().FullName -eq 'System.Management.Automation.RuntimeException') ){ Expand-Archive -LiteralPath 'D:\a\_temp\go-1.26.3-win32-x64.zip' -DestinationPath 'D:\a\_temp\2181a018-1a0c-4d78-93ec-96901dccb9e2' -Force } else { throw $_ } } ;"
2026-05-25T11:25:37.3661806Z Successfully extracted go to D:\a\_temp\2181a018-1a0c-4d78-93ec-96901dccb9e2
2026-05-25T11:25:37.3662362Z Adding to the cache ...
2026-05-25T11:25:47.8320401Z Created link C:\hostedtoolcache\windows\go\1.26.3\x64 => D:\hostedtoolcache\windows\go\1.26.3\x64
2026-05-25T11:25:47.8327413Z Created link C:\hostedtoolcache\windows\go\1.26.3\x64.complete => D:\hostedtoolcache\windows\go\1.26.3\x64.complete
2026-05-25T11:25:47.8328427Z Successfully cached go to C:\hostedtoolcache\windows\go\1.26.3\x64
2026-05-25T11:25:47.8334128Z Added go to the path
2026-05-25T11:25:47.8336772Z Successfully set up Go version 1.26
2026-05-25T11:25:48.0879827Z go version go1.26.3 windows/amd64
2026-05-25T11:25:48.0880045Z 
2026-05-25T11:25:48.0880331Z ##[group]go env
2026-05-25T11:25:50.7097442Z set AR=ar
2026-05-25T11:25:50.7097733Z set CC=gcc
2026-05-25T11:25:50.7097933Z set CGO_CFLAGS=-O2 -g
2026-05-25T11:25:50.7098170Z set CGO_CPPFLAGS=
2026-05-25T11:25:50.7098362Z set CGO_CXXFLAGS=-O2 -g
2026-05-25T11:25:50.7098546Z set CGO_ENABLED=1
2026-05-25T11:25:50.7098720Z set CGO_FFLAGS=-O2 -g
2026-05-25T11:25:50.7099022Z set CGO_LDFLAGS=-O2 -g
2026-05-25T11:25:50.7101301Z set CXX=g++
2026-05-25T11:25:50.7101542Z set GCCGO=gccgo
2026-05-25T11:25:50.7101719Z set GO111MODULE=
2026-05-25T11:25:50.7101899Z set GOAMD64=v1
2026-05-25T11:25:50.7102057Z set GOARCH=amd64
2026-05-25T11:25:50.7102221Z set GOAUTH=netrc
2026-05-25T11:25:50.7102378Z set GOBIN=
2026-05-25T11:25:50.7103636Z set GOCACHE=C:\Users\runneradmin\AppData\Local\go-build
2026-05-25T11:25:50.7104164Z set GOCACHEPROG=
2026-05-25T11:25:50.7104458Z set GODEBUG=
2026-05-25T11:25:50.7104845Z set GOENV=C:\Users\runneradmin\AppData\Roaming\go\env
2026-05-25T11:25:50.7105344Z set GOEXE=.exe
2026-05-25T11:25:50.7105638Z set GOEXPERIMENT=
2026-05-25T11:25:50.7105872Z set GOFIPS140=off
2026-05-25T11:25:50.7106041Z set GOFLAGS=
2026-05-25T11:25:50.7106751Z set GOGCCFLAGS=-m64 -mthreads -Wl,--no-gc-sections -fmessage-length=0 -ffile-prefix-map=C:\Users\RUNNER~1\AppData\Local\Temp\go-build2366723851=/tmp/go-build -gno-record-gcc-switches
2026-05-25T11:25:50.7107493Z set GOHOSTARCH=amd64
2026-05-25T11:25:50.7107684Z set GOHOSTOS=windows
2026-05-25T11:25:50.7107855Z set GOINSECURE=
2026-05-25T11:25:50.7108041Z set GOMOD=D:\a\buildkit\buildkit\go.mod
2026-05-25T11:25:50.7108309Z set GOMODCACHE=C:\Users\runneradmin\go\pkg\mod
2026-05-25T11:25:50.7108556Z set GONOPROXY=
2026-05-25T11:25:50.7108710Z set GONOSUMDB=
2026-05-25T11:25:50.7108863Z set GOOS=windows
2026-05-25T11:25:50.7109047Z set GOPATH=C:\Users\runneradmin\go
2026-05-25T11:25:50.7109255Z set GOPRIVATE=
2026-05-25T11:25:50.7109483Z set GOPROXY=https://proxy.golang.org,direct
2026-05-25T11:25:50.7109800Z set GOROOT=C:\hostedtoolcache\windows\go\1.26.3\x64
2026-05-25T11:25:50.7110079Z set GOSUMDB=sum.golang.org
2026-05-25T11:25:50.7110284Z set GOTELEMETRY=local
2026-05-25T11:25:50.7110570Z set GOTELEMETRYDIR=C:\Users\runneradmin\AppData\Roaming\go\telemetry
2026-05-25T11:25:50.7110894Z set GOTMPDIR=
2026-05-25T11:25:50.7111059Z set GOTOOLCHAIN=local
2026-05-25T11:25:50.7111367Z set GOTOOLDIR=C:\hostedtoolcache\windows\go\1.26.3\x64\pkg\tool\windows_amd64
2026-05-25T11:25:50.7111713Z set GOVCS=
2026-05-25T11:25:50.7111869Z set GOVERSION=go1.26.3
2026-05-25T11:25:50.7112047Z set GOWORK=
2026-05-25T11:25:50.7112503Z set PKG_CONFIG=pkg-config
2026-05-25T11:25:50.7112736Z 
2026-05-25T11:25:50.7113188Z ##[endgroup]
2026-05-25T11:25:50.7350668Z ##[group]Run actions/download-artifact@3e5f45b2cfb9172054b4087a40e8e0b5a5461e7c
2026-05-25T11:25:50.7351112Z with:
2026-05-25T11:25:50.7351277Z   name: buildkit-windows-amd64
2026-05-25T11:25:50.7351500Z   path: D:\a\buildkit\buildkit\bin
2026-05-25T11:25:50.7351719Z   merge-multiple: false
2026-05-25T11:25:50.7351912Z   repository: moby/buildkit
2026-05-25T11:25:50.7352101Z   run-id: 26397932013
2026-05-25T11:25:50.7352267Z   skip-decompress: false
2026-05-25T11:25:50.7352461Z   digest-mismatch: error
2026-05-25T11:25:50.7352629Z env:
2026-05-25T11:25:50.7352755Z   GO_VERSION: 1.26
2026-05-25T11:25:50.7352922Z   SETUP_BUILDX_VERSION: edge
2026-05-25T11:25:50.7353131Z   SETUP_BUILDKIT_IMAGE: moby/buildkit:latest
2026-05-25T11:25:50.7353361Z   DESTDIR: ./bin
2026-05-25T11:25:50.7353663Z   TESTFLAGS: -v --timeout=60m --run=TestIntegration/slice=11-12/.*/worker=containerd
2026-05-25T11:25:50.7354027Z   GOTESTSUM_FORMAT: standard-verbose
2026-05-25T11:25:50.7354281Z   TESTPKG: ./frontend/dockerfile
2026-05-25T11:25:50.7354606Z   TEST_REPORT_NAME: test-windows-amd64-frontenddockerfile11-12--containerd
2026-05-25T11:25:50.7354999Z   ACTIONS_CACHE_SERVICE_V2: True
2026-05-25T11:25:50.7355546Z   ACTIONS_CACHE_URL: https://acghubeus1.actions.githubusercontent.com/VSeSJsGRiRCTiu0PRaYdcZnubUW6TSVddo0DTZpqG1wDqsIbXb/
2026-05-25T11:25:50.7356358Z   ACTIONS_ORCHESTRATION_ID: d30baca3-6942-46a4-9bfd-7d16fe92e363.test-windows-amd64.windows-2022_container_19
2026-05-25T11:25:50.7356999Z   ACTIONS_RESULTS_URL: https://results-receiver.actions.githubusercontent.com/
2026-05-25T11:25:50.7357438Z   ACTIONS_RUNNER_ACTION_ARCHIVE_CACHE: C:\actionarchivecache\
2026-05-25T11:25:50.7404863Z   ACTIONS_RUNTIME_TOKEN: ***
2026-05-25T11:25:50.7405440Z   ACTIONS_RUNTIME_URL: https://pipelinesghubeus2.actions.githubusercontent.com/VSeSJsGRiRCTiu0PRaYdcZnubUW6TSVddo0DTZpqG1wDqsIbXb/
2026-05-25T11:25:50.7406029Z   GOTOOLCHAIN: local
2026-05-25T11:25:50.7406193Z ##[endgroup]
2026-05-25T11:25:50.8968311Z Downloading single artifact
2026-05-25T11:25:51.0484122Z Preparing to download the following artifacts:
2026-05-25T11:25:51.0485162Z - buildkit-windows-amd64 (ID: 7197227828, Size: 108508962, Expected Digest: sha256:148c4dbc48c3fa28cafdc50c47a38d3a38ae03e5b3755627e9a104331bcadc66)
2026-05-25T11:25:51.3181513Z Redirecting to blob download url: https://productionresultssa8.blob.core.windows.net/actions-results/d30baca3-6942-46a4-9bfd-7d16fe92e363/workflow-job-run-781bb7e3-8bee-5776-84c9-13fa0203fecc/artifacts/96a48dace6e5a3119bfcbb37a81f89001da66254ecc475028d8ffd3cf8ee952a.zip
2026-05-25T11:25:51.3183379Z Starting download of artifact to: D:\a\buildkit\buildkit\bin
2026-05-25T11:25:51.4996230Z (node:8168) [DEP0005] DeprecationWarning: Buffer() is deprecated due to security and usability issues. Please use the Buffer.alloc(), Buffer.allocUnsafe(), or Buffer.from() methods instead.
2026-05-25T11:25:51.4997552Z (Use `node --trace-deprecation ...` to show where the warning was created)
2026-05-25T11:25:54.2774654Z SHA256 digest of downloaded artifact is 148c4dbc48c3fa28cafdc50c47a38d3a38ae03e5b3755627e9a104331bcadc66
2026-05-25T11:25:54.2775867Z Artifact download completed successfully.
2026-05-25T11:25:54.2776157Z Total of 1 artifact(s) downloaded
2026-05-25T11:25:54.2785467Z Download artifact has finished successfully
2026-05-25T11:25:54.2997571Z ##[group]Run echo "D:\a\buildkit\buildkit\bin" | Out-File -FilePath $env:GITHUB_PATH -Encoding utf8 -Append
2026-05-25T11:25:54.2998393Z [36;1mecho "D:\a\buildkit\buildkit\bin" | Out-File -FilePath $env:GITHUB_PATH -Encoding utf8 -Append[0m
2026-05-25T11:25:54.3030364Z shell: C:\Program Files\PowerShell\7\pwsh.EXE -command ". '{0}'"
2026-05-25T11:25:54.3030741Z env:
2026-05-25T11:25:54.3030890Z   GO_VERSION: 1.26
2026-05-25T11:25:54.3031068Z   SETUP_BUILDX_VERSION: edge
2026-05-25T11:25:54.3031301Z   SETUP_BUILDKIT_IMAGE: moby/buildkit:latest
2026-05-25T11:25:54.3031534Z   DESTDIR: ./bin
2026-05-25T11:25:54.3031838Z   TESTFLAGS: -v --timeout=60m --run=TestIntegration/slice=11-12/.*/worker=containerd
2026-05-25T11:25:54.3032237Z   GOTESTSUM_FORMAT: standard-verbose
2026-05-25T11:25:54.3032468Z   TESTPKG: ./frontend/dockerfile
2026-05-25T11:25:54.3032802Z   TEST_REPORT_NAME: test-windows-amd64-frontenddockerfile11-12--containerd
2026-05-25T11:25:54.3033198Z   ACTIONS_CACHE_SERVICE_V2: True
2026-05-25T11:25:54.3033752Z   ACTIONS_CACHE_URL: https://acghubeus1.actions.githubusercontent.com/VSeSJsGRiRCTiu0PRaYdcZnubUW6TSVddo0DTZpqG1wDqsIbXb/
2026-05-25T11:25:54.3034558Z   ACTIONS_ORCHESTRATION_ID: d30baca3-6942-46a4-9bfd-7d16fe92e363.test-windows-amd64.windows-2022_container_19
2026-05-25T11:25:54.3035183Z   ACTIONS_RESULTS_URL: https://results-receiver.actions.githubusercontent.com/
2026-05-25T11:25:54.3035630Z   ACTIONS_RUNNER_ACTION_ARCHIVE_CACHE: C:\actionarchivecache\
2026-05-25T11:25:54.3082880Z   ACTIONS_RUNTIME_TOKEN: ***
2026-05-25T11:25:54.3083486Z   ACTIONS_RUNTIME_URL: https://pipelinesghubeus2.actions.githubusercontent.com/VSeSJsGRiRCTiu0PRaYdcZnubUW6TSVddo0DTZpqG1wDqsIbXb/
2026-05-25T11:25:54.3084164Z   GOTOOLCHAIN: local
2026-05-25T11:25:54.3084337Z ##[endgroup]
2026-05-25T11:25:54.8319234Z ##[group]Run mkdir -p ./bin/testreports
2026-05-25T11:25:54.8319621Z [36;1mmkdir -p ./bin/testreports[0m
2026-05-25T11:25:54.8319865Z [36;1mgotestsum \[0m
2026-05-25T11:25:54.8320381Z [36;1m  --jsonfile="./bin/testreports/go-test-report-test-windows-amd64-frontenddockerfile11-12--containerd.json" \[0m
2026-05-25T11:25:54.8321243Z [36;1m  --junitfile="./bin/testreports/junit-report-test-windows-amd64-frontenddockerfile11-12--containerd.xml" \[0m
2026-05-25T11:25:54.8321817Z [36;1m  --packages="./frontend/dockerfile" \[0m
2026-05-25T11:25:54.8322064Z [36;1m  -- \[0m
2026-05-25T11:25:54.8322240Z [36;1m    "-mod=vendor" \[0m
2026-05-25T11:25:54.8322740Z [36;1m    "-coverprofile" "./bin/testreports/coverage-test-windows-amd64-frontenddockerfile11-12--containerd.txt" \[0m
2026-05-25T11:25:54.8323526Z [36;1m    "-covermode" "atomic" -v --timeout=60m --run=TestIntegration/slice=11-12/.*/worker=containerd[0m
2026-05-25T11:25:54.8336515Z shell: C:\Program Files\Git\bin\bash.EXE --noprofile --norc -e -o pipefail {0}
2026-05-25T11:25:54.8336884Z env:
2026-05-25T11:25:54.8337028Z   GO_VERSION: 1.26
2026-05-25T11:25:54.8337210Z   SETUP_BUILDX_VERSION: edge
2026-05-25T11:25:54.8337439Z   SETUP_BUILDKIT_IMAGE: moby/buildkit:latest
2026-05-25T11:25:54.8337678Z   DESTDIR: ./bin
2026-05-25T11:25:54.8337985Z   TESTFLAGS: -v --timeout=60m --run=TestIntegration/slice=11-12/.*/worker=containerd
2026-05-25T11:25:54.8338368Z   GOTESTSUM_FORMAT: standard-verbose
2026-05-25T11:25:54.8338601Z   TESTPKG: ./frontend/dockerfile
2026-05-25T11:25:54.8338932Z   TEST_REPORT_NAME: test-windows-amd64-frontenddockerfile11-12--containerd
2026-05-25T11:25:54.8339284Z   ACTIONS_CACHE_SERVICE_V2: True
2026-05-25T11:25:54.8339830Z   ACTIONS_CACHE_URL: https://acghubeus1.actions.githubusercontent.com/VSeSJsGRiRCTiu0PRaYdcZnubUW6TSVddo0DTZpqG1wDqsIbXb/
2026-05-25T11:25:54.8340650Z   ACTIONS_ORCHESTRATION_ID: d30baca3-6942-46a4-9bfd-7d16fe92e363.test-windows-amd64.windows-2022_container_19
2026-05-25T11:25:54.8341306Z   ACTIONS_RESULTS_URL: https://results-receiver.actions.githubusercontent.com/
2026-05-25T11:25:54.8341757Z   ACTIONS_RUNNER_ACTION_ARCHIVE_CACHE: C:\actionarchivecache\
2026-05-25T11:25:54.8388813Z   ACTIONS_RUNTIME_TOKEN: ***
2026-05-25T11:25:54.8389401Z   ACTIONS_RUNTIME_URL: https://pipelinesghubeus2.actions.githubusercontent.com/VSeSJsGRiRCTiu0PRaYdcZnubUW6TSVddo0DTZpqG1wDqsIbXb/
2026-05-25T11:25:54.8390006Z   GOTOOLCHAIN: local
2026-05-25T11:25:54.8390178Z   TMPDIR: D:\a\_temp
2026-05-25T11:25:54.8390352Z   SKIP_INTEGRATION_TESTS: 
2026-05-25T11:25:54.8390537Z ##[endgroup]
2026-05-25T11:26:54.2704834Z time="2026-05-25T11:26:54Z" level=info msg="OCI Worker not supported on Windows."
2026-05-25T11:26:54.2705348Z === RUN   TestIntegration
2026-05-25T11:26:54.2727062Z === RUN   TestIntegration/slice=11-12/TestGitProvenanceAttestationSHA1/worker=containerd/frontend=builtin
2026-05-25T11:26:54.3716915Z time="2026-05-25T11:26:54Z" level=info msg="fetch failed after status: 404 Not Found" host="localhost:49994"
2026-05-25T11:26:54.4272597Z time="2026-05-25T11:26:54Z" level=info msg="fetch failed after status: 403 Forbidden" host=mcr.microsoft.com
2026-05-25T11:26:54.4274223Z     run.go:412: 
2026-05-25T11:26:54.4276549Z         	Error Trace:	D:/a/buildkit/buildkit/util/testutil/integration/run.go:412
2026-05-25T11:26:54.4279037Z         	            				C:/hostedtoolcache/windows/go/1.26.3/x64/src/sync/once.go:78
2026-05-25T11:26:54.4280490Z         	            				C:/hostedtoolcache/windows/go/1.26.3/x64/src/sync/once.go:69
2026-05-25T11:26:54.4281909Z         	            				D:/a/buildkit/buildkit/util/testutil/integration/run.go:409
2026-05-25T11:26:54.4283469Z         	            				D:/a/buildkit/buildkit/util/testutil/integration/run.go:239
2026-05-25T11:26:54.4285307Z         	            				C:/hostedtoolcache/windows/go/1.26.3/x64/src/runtime/asm_amd64.s:1771
2026-05-25T11:26:54.4286210Z         	Error:      	Received unexpected error:
2026-05-25T11:26:54.4291138Z         	            	unexpected status from HEAD request to https://mcr.microsoft.com/v2/windows/nanoserver/manifests/ltsc2022: 403 Forbidden
2026-05-25T11:26:54.4292387Z         	Test:       	TestIntegration
2026-05-25T11:26:54.4293532Z     testing.go:1913: test executed panic(nil) or runtime.Goexit: subtest may have called FailNow on a parent test
2026-05-25T11:26:54.4294461Z --- FAIL: TestIntegration (0.16s)
2026-05-25T11:26:54.4295580Z     --- FAIL: TestIntegration/slice=11-12/TestGitProvenanceAttestationSHA1/worker=containerd/frontend=builtin (0.15s)
2026-05-25T11:26:54.4296492Z FAIL
2026-05-25T11:26:54.4298537Z coverage: [no statements]
2026-05-25T11:26:54.4352778Z FAIL	github.com/moby/buildkit/frontend/dockerfile	0.232s
2026-05-25T11:26:56.8841454Z 
2026-05-25T11:26:56.8842390Z === [31mFailed[0m
2026-05-25T11:26:56.8843939Z === [31mFAIL[0m: frontend/dockerfile TestIntegration/slice=11-12/TestGitProvenanceAttestationSHA1/worker=containerd/frontend=builtin (0.15s)
2026-05-25T11:26:56.8846448Z time="2026-05-25T11:26:54Z" level=info msg="fetch failed after status: 404 Not Found" host="localhost:49994"
2026-05-25T11:26:56.8847700Z time="2026-05-25T11:26:54Z" level=info msg="fetch failed after status: 403 Forbidden" host=mcr.microsoft.com
2026-05-25T11:26:56.8849160Z     testing.go:1913: test executed panic(nil) or runtime.Goexit: subtest may have called FailNow on a parent test
2026-05-25T11:26:56.8850956Z     --- FAIL: TestIntegration/slice=11-12/TestGitProvenanceAttestationSHA1/worker=containerd/frontend=builtin (0.15s)
2026-05-25T11:26:56.8851813Z 
2026-05-25T11:26:56.8852258Z === [31mFAIL[0m: frontend/dockerfile TestIntegration (0.16s)
2026-05-25T11:26:56.8852848Z     run.go:412: 
2026-05-25T11:26:56.8853642Z         	Error Trace:	D:/a/buildkit/buildkit/util/testutil/integration/run.go:412
2026-05-25T11:26:56.8855318Z         	            				C:/hostedtoolcache/windows/go/1.26.3/x64/src/sync/once.go:78
2026-05-25T11:26:56.8857009Z         	            				C:/hostedtoolcache/windows/go/1.26.3/x64/src/sync/once.go:69
2026-05-25T11:26:56.8858420Z         	            				D:/a/buildkit/buildkit/util/testutil/integration/run.go:409
2026-05-25T11:26:56.8859762Z         	            				D:/a/buildkit/buildkit/util/testutil/integration/run.go:239
2026-05-25T11:26:56.8861178Z         	            				C:/hostedtoolcache/windows/go/1.26.3/x64/src/runtime/asm_amd64.s:1771
2026-05-25T11:26:56.8861989Z         	Error:      	Received unexpected error:
2026-05-25T11:26:56.8864182Z         	            	unexpected status from HEAD request to https://mcr.microsoft.com/v2/windows/nanoserver/manifests/ltsc2022: 403 Forbidden
2026-05-25T11:26:56.8865286Z         	Test:       	TestIntegration
2026-05-25T11:26:56.8865564Z 
2026-05-25T11:26:56.8865717Z DONE 2 tests, 2 failures in 0.233s
2026-05-25T11:26:56.9206313Z ##[error]Process completed with exit code 1.
2026-05-25T11:26:56.9554052Z ##[group]Run codecov/codecov-action@57e3a136b779b570ffcdbf80b3bdc90e7fab3de2
2026-05-25T11:26:56.9554475Z with:
2026-05-25T11:26:56.9554647Z   directory: ./bin/testreports
2026-05-25T11:26:56.9554857Z   env_vars: RUNNER_OS
2026-05-25T11:26:56.9555029Z   flags: unit
2026-05-25T11:26:56.9555181Z   disable_file_fixes: true
2026-05-25T11:26:56.9555465Z   token: ***
2026-05-25T11:26:56.9555628Z   disable_search: false
2026-05-25T11:26:56.9555822Z   disable_safe_directory: false
2026-05-25T11:26:56.9556018Z   disable_telem: false
2026-05-25T11:26:56.9556192Z   dry_run: false
2026-05-25T11:26:56.9556355Z   fail_ci_if_error: false
2026-05-25T11:26:56.9556539Z   git_service: github
2026-05-25T11:26:56.9556708Z   gcov_executable: gcov
2026-05-25T11:26:56.9556900Z   handle_no_reports_found: false
2026-05-25T11:26:56.9557123Z   recurse_submodules: false
2026-05-25T11:26:56.9557328Z   run_command: upload-coverage
2026-05-25T11:26:56.9557534Z   skip_validation: false
2026-05-25T11:26:56.9557775Z   use_legacy_upload_endpoint: false
2026-05-25T11:26:56.9558007Z   use_oidc: false
2026-05-25T11:26:56.9558162Z   use_pypi: false
2026-05-25T11:26:56.9558314Z   verbose: false
2026-05-25T11:26:56.9558468Z   version: latest
2026-05-25T11:26:56.9558616Z env:
2026-05-25T11:26:56.9558751Z   GO_VERSION: 1.26
2026-05-25T11:26:56.9558918Z   SETUP_BUILDX_VERSION: edge
2026-05-25T11:26:56.9559137Z   SETUP_BUILDKIT_IMAGE: moby/buildkit:latest
2026-05-25T11:26:56.9559363Z   DESTDIR: ./bin
2026-05-25T11:26:56.9559671Z   TESTFLAGS: -v --timeout=60m --run=TestIntegration/slice=11-12/.*/worker=containerd
2026-05-25T11:26:56.9560066Z   GOTESTSUM_FORMAT: standard-verbose
2026-05-25T11:26:56.9560291Z   TESTPKG: ./frontend/dockerfile
2026-05-25T11:26:56.9560621Z   TEST_REPORT_NAME: test-windows-amd64-frontenddockerfile11-12--containerd
2026-05-25T11:26:56.9560980Z   ACTIONS_CACHE_SERVICE_V2: True
2026-05-25T11:26:56.9561519Z   ACTIONS_CACHE_URL: https://acghubeus1.actions.githubusercontent.com/VSeSJsGRiRCTiu0PRaYdcZnubUW6TSVddo0DTZpqG1wDqsIbXb/
2026-05-25T11:26:56.9563245Z   ACTIONS_ORCHESTRATION_ID: d30baca3-6942-46a4-9bfd-7d16fe92e363.test-windows-amd64.windows-2022_container_19
2026-05-25T11:26:56.9563871Z   ACTIONS_RESULTS_URL: https://results-receiver.actions.githubusercontent.com/
2026-05-25T11:26:56.9564318Z   ACTIONS_RUNNER_ACTION_ARCHIVE_CACHE: C:\actionarchivecache\
2026-05-25T11:26:56.9611257Z   ACTIONS_RUNTIME_TOKEN: ***
2026-05-25T11:26:56.9611830Z   ACTIONS_RUNTIME_URL: https://pipelinesghubeus2.actions.githubusercontent.com/VSeSJsGRiRCTiu0PRaYdcZnubUW6TSVddo0DTZpqG1wDqsIbXb/
2026-05-25T11:26:56.9612419Z   GOTOOLCHAIN: local
2026-05-25T11:26:56.9612591Z ##[endgroup]
2026-05-25T11:26:56.9773706Z ##[group]Run missing_deps=""
2026-05-25T11:26:56.9773955Z [36;1mmissing_deps=""[0m
2026-05-25T11:26:56.9774149Z [36;1m[0m
2026-05-25T11:26:56.9774339Z [36;1m# Check for always-required commands[0m
2026-05-25T11:26:56.9774603Z [36;1mfor cmd in bash git curl; do[0m
2026-05-25T11:26:56.9774898Z [36;1m  if ! command -v "$cmd" >/dev/null 2>&1; then[0m
2026-05-25T11:26:56.9775230Z [36;1m    missing_deps="$missing_deps $cmd"[0m
2026-05-25T11:26:56.9775478Z [36;1m  fi[0m
2026-05-25T11:26:56.9775630Z [36;1mdone[0m
2026-05-25T11:26:56.9775783Z [36;1m[0m
2026-05-25T11:26:56.9776017Z [36;1m# Check for gpg only if validation is not being skipped[0m
2026-05-25T11:26:56.9776329Z [36;1mif [ "false" != "true" ]; then[0m
2026-05-25T11:26:56.9776596Z [36;1m  if ! command -v gpg >/dev/null 2>&1; then[0m
2026-05-25T11:26:56.9776884Z [36;1m    missing_deps="$missing_deps gpg"[0m
2026-05-25T11:26:56.9777122Z [36;1m  fi[0m
2026-05-25T11:26:56.9777278Z [36;1mfi[0m
2026-05-25T11:26:56.9777423Z [36;1m[0m
2026-05-25T11:26:56.9777611Z [36;1m# Report missing required dependencies[0m
2026-05-25T11:26:56.9777883Z [36;1mif [ -n "$missing_deps" ]; then[0m
2026-05-25T11:26:56.9779848Z [36;1m  echo "Error: The following required dependencies are missing:$missing_deps"[0m
2026-05-25T11:26:56.9780437Z [36;1m  echo "Please install these dependencies before using this action."[0m
2026-05-25T11:26:56.9780785Z [36;1m  exit 1[0m
2026-05-25T11:26:56.9780965Z [36;1mfi[0m
2026-05-25T11:26:56.9781119Z [36;1m[0m
2026-05-25T11:26:56.9781360Z [36;1mecho "All required system dependencies are available."[0m
2026-05-25T11:26:56.9793187Z shell: C:\Program Files\Git\bin\sh.EXE -e {0}
2026-05-25T11:26:56.9793455Z env:
2026-05-25T11:26:56.9793613Z   GO_VERSION: 1.26
2026-05-25T11:26:56.9793789Z   SETUP_BUILDX_VERSION: edge
2026-05-25T11:26:56.9794026Z   SETUP_BUILDKIT_IMAGE: moby/buildkit:latest
2026-05-25T11:26:56.9794270Z   DESTDIR: ./bin
2026-05-25T11:26:56.9794582Z   TESTFLAGS: -v --timeout=60m --run=TestIntegration/slice=11-12/.*/worker=containerd
2026-05-25T11:26:56.9794959Z   GOTESTSUM_FORMAT: standard-verbose
2026-05-25T11:26:56.9795196Z   TESTPKG: ./frontend/dockerfile
2026-05-25T11:26:56.9795548Z   TEST_REPORT_NAME: test-windows-amd64-frontenddockerfile11-12--containerd
2026-05-25T11:26:56.9795929Z   ACTIONS_CACHE_SERVICE_V2: True
2026-05-25T11:26:56.9796472Z   ACTIONS_CACHE_URL: https://acghubeus1.actions.githubusercontent.com/VSeSJsGRiRCTiu0PRaYdcZnubUW6TSVddo0DTZpqG1wDqsIbXb/
2026-05-25T11:26:56.9797277Z   ACTIONS_ORCHESTRATION_ID: d30baca3-6942-46a4-9bfd-7d16fe92e363.test-windows-amd64.windows-2022_container_19
2026-05-25T11:26:56.9797907Z   ACTIONS_RESULTS_URL: https://results-receiver.actions.githubusercontent.com/
2026-05-25T11:26:56.9798353Z   ACTIONS_RUNNER_ACTION_ARCHIVE_CACHE: C:\actionarchivecache\
2026-05-25T11:26:56.9845369Z   ACTIONS_RUNTIME_TOKEN: ***
2026-05-25T11:26:56.9845955Z   ACTIONS_RUNTIME_URL: https://pipelinesghubeus2.actions.githubusercontent.com/VSeSJsGRiRCTiu0PRaYdcZnubUW6TSVddo0DTZpqG1wDqsIbXb/
2026-05-25T11:26:56.9846628Z   GOTOOLCHAIN: local
2026-05-25T11:26:56.9846809Z ##[endgroup]
2026-05-25T11:26:57.0210711Z All required system dependencies are available.
2026-05-25T11:26:57.0328167Z ##[group]Run CC_ACTION_VERSION=$(cat ${GITHUB_ACTION_PATH}/src/version)
2026-05-25T11:26:57.0328815Z [36;1mCC_ACTION_VERSION=$(cat ${GITHUB_ACTION_PATH}/src/version)[0m
2026-05-25T11:26:57.0329293Z [36;1mecho -e "\033[0;32m==>\033[0m Running Action version $CC_ACTION_VERSION"[0m
2026-05-25T11:26:57.0340929Z shell: C:\Program Files\Git\bin\bash.EXE --noprofile --norc -e -o pipefail {0}
2026-05-25T11:26:57.0341293Z env:
2026-05-25T11:26:57.0341442Z   GO_VERSION: 1.26
2026-05-25T11:26:57.0341624Z   SETUP_BUILDX_VERSION: edge
2026-05-25T11:26:57.0341853Z   SETUP_BUILDKIT_IMAGE: moby/buildkit:latest
2026-05-25T11:26:57.0342098Z   DESTDIR: ./bin
2026-05-25T11:26:57.0342408Z   TESTFLAGS: -v --timeout=60m --run=TestIntegration/slice=11-12/.*/worker=containerd
2026-05-25T11:26:57.0342943Z   GOTESTSUM_FORMAT: standard-verbose
2026-05-25T11:26:57.0343624Z   TESTPKG: ./frontend/dockerfile
2026-05-25T11:26:57.0343980Z   TEST_REPORT_NAME: test-windows-amd64-frontenddockerfile11-12--containerd
2026-05-25T11:26:57.0344355Z   ACTIONS_CACHE_SERVICE_V2: True
2026-05-25T11:26:57.0344915Z   ACTIONS_CACHE_URL: https://acghubeus1.actions.githubusercontent.com/VSeSJsGRiRCTiu0PRaYdcZnubUW6TSVddo0DTZpqG1wDqsIbXb/
2026-05-25T11:26:57.0345748Z   ACTIONS_ORCHESTRATION_ID: d30baca3-6942-46a4-9bfd-7d16fe92e363.test-windows-amd64.windows-2022_container_19
2026-05-25T11:26:57.0346383Z   ACTIONS_RESULTS_URL: https://results-receiver.actions.githubusercontent.com/
2026-05-25T11:26:57.0346830Z   ACTIONS_RUNNER_ACTION_ARCHIVE_CACHE: C:\actionarchivecache\
2026-05-25T11:26:57.0393866Z   ACTIONS_RUNTIME_TOKEN: ***
2026-05-25T11:26:57.0394441Z   ACTIONS_RUNTIME_URL: https://pipelinesghubeus2.actions.githubusercontent.com/VSeSJsGRiRCTiu0PRaYdcZnubUW6TSVddo0DTZpqG1wDqsIbXb/
2026-05-25T11:26:57.0395028Z   GOTOOLCHAIN: local
2026-05-25T11:26:57.0395199Z ##[endgroup]
2026-05-25T11:26:57.0880931Z [0;32m==>[0m Running Action version 6.0.0
2026-05-25T11:26:57.1004503Z ##[group]Run git config --global --add safe.directory "D:\a\buildkit\buildkit"
2026-05-25T11:26:57.1005698Z [36;1mgit config --global --add safe.directory "D:\a\buildkit\buildkit"[0m
2026-05-25T11:26:57.1006198Z [36;1mgit config --global --add safe.directory "$GITHUB_WORKSPACE"[0m
2026-05-25T11:26:57.1017855Z shell: C:\Program Files\Git\bin\bash.EXE --noprofile --norc -e -o pipefail {0}
2026-05-25T11:26:57.1018221Z env:
2026-05-25T11:26:57.1018376Z   GO_VERSION: 1.26
2026-05-25T11:26:57.1018552Z   SETUP_BUILDX_VERSION: edge
2026-05-25T11:26:57.1018785Z   SETUP_BUILDKIT_IMAGE: moby/buildkit:latest
2026-05-25T11:26:57.1019022Z   DESTDIR: ./bin
2026-05-25T11:26:57.1019328Z   TESTFLAGS: -v --timeout=60m --run=TestIntegration/slice=11-12/.*/worker=containerd
2026-05-25T11:26:57.1019697Z   GOTESTSUM_FORMAT: standard-verbose
2026-05-25T11:26:57.1019929Z   TESTPKG: ./frontend/dockerfile
2026-05-25T11:26:57.1020265Z   TEST_REPORT_NAME: test-windows-amd64-frontenddockerfile11-12--containerd
2026-05-25T11:26:57.1020621Z   ACTIONS_CACHE_SERVICE_V2: True
2026-05-25T11:26:57.1021168Z   ACTIONS_CACHE_URL: https://acghubeus1.actions.githubusercontent.com/VSeSJsGRiRCTiu0PRaYdcZnubUW6TSVddo0DTZpqG1wDqsIbXb/
2026-05-25T11:26:57.1021990Z   ACTIONS_ORCHESTRATION_ID: d30baca3-6942-46a4-9bfd-7d16fe92e363.test-windows-amd64.windows-2022_container_19
2026-05-25T11:26:57.1022612Z   ACTIONS_RESULTS_URL: https://results-receiver.actions.githubusercontent.com/
2026-05-25T11:26:57.1023065Z   ACTIONS_RUNNER_ACTION_ARCHIVE_CACHE: C:\actionarchivecache\
2026-05-25T11:26:57.1070055Z   ACTIONS_RUNTIME_TOKEN: ***
2026-05-25T11:26:57.1070644Z   ACTIONS_RUNTIME_URL: https://pipelinesghubeus2.actions.githubusercontent.com/VSeSJsGRiRCTiu0PRaYdcZnubUW6TSVddo0DTZpqG1wDqsIbXb/
2026-05-25T11:26:57.1071277Z   GOTOOLCHAIN: local
2026-05-25T11:26:57.1071449Z ##[endgroup]
2026-05-25T11:26:57.1923592Z ##[group]Run CC_FORK="false"
2026-05-25T11:26:57.1923840Z [36;1mCC_FORK="false"[0m
2026-05-25T11:26:57.1924386Z [36;1mif [ -n "$GITHUB_EVENT_PULL_REQUEST_HEAD_REPO_FULL_NAME" ] && [ "$GITHUB_EVENT_PULL_REQUEST_HEAD_REPO_FULL_NAME" != "$GITHUB_REPOSITORY" ];[0m
2026-05-25T11:26:57.1925117Z [36;1mthen[0m
2026-05-25T11:26:57.1925331Z [36;1m  echo -e "\033[0;32m==>\033[0m Fork detected"[0m
2026-05-25T11:26:57.1925620Z [36;1m  CC_FORK="true"[0m
2026-05-25T11:26:57.1925798Z [36;1mfi[0m
2026-05-25T11:26:57.1925984Z [36;1mecho "CC_FORK=$CC_FORK" >> "$GITHUB_ENV"[0m
2026-05-25T11:26:57.1937434Z shell: C:\Program Files\Git\bin\bash.EXE --noprofile --norc -e -o pipefail {0}
2026-05-25T11:26:57.1937801Z env:
2026-05-25T11:26:57.1937944Z   GO_VERSION: 1.26
2026-05-25T11:26:57.1938126Z   SETUP_BUILDX_VERSION: edge
2026-05-25T11:26:57.1938358Z   SETUP_BUILDKIT_IMAGE: moby/buildkit:latest
2026-05-25T11:26:57.1938597Z   DESTDIR: ./bin
2026-05-25T11:26:57.1938896Z   TESTFLAGS: -v --timeout=60m --run=TestIntegration/slice=11-12/.*/worker=containerd
2026-05-25T11:26:57.1939295Z   GOTESTSUM_FORMAT: standard-verbose
2026-05-25T11:26:57.1939535Z   TESTPKG: ./frontend/dockerfile
2026-05-25T11:26:57.1939880Z   TEST_REPORT_NAME: test-windows-amd64-frontenddockerfile11-12--containerd
2026-05-25T11:26:57.1940251Z   ACTIONS_CACHE_SERVICE_V2: True
2026-05-25T11:26:57.1940791Z   ACTIONS_CACHE_URL: https://acghubeus1.actions.githubusercontent.com/VSeSJsGRiRCTiu0PRaYdcZnubUW6TSVddo0DTZpqG1wDqsIbXb/
2026-05-25T11:26:57.1941597Z   ACTIONS_ORCHESTRATION_ID: d30baca3-6942-46a4-9bfd-7d16fe92e363.test-windows-amd64.windows-2022_container_19
2026-05-25T11:26:57.1942225Z   ACTIONS_RESULTS_URL: https://results-receiver.actions.githubusercontent.com/
2026-05-25T11:26:57.1942667Z   ACTIONS_RUNNER_ACTION_ARCHIVE_CACHE: C:\actionarchivecache\
2026-05-25T11:26:57.1989696Z   ACTIONS_RUNTIME_TOKEN: ***
2026-05-25T11:26:57.1990285Z   ACTIONS_RUNTIME_URL: https://pipelinesghubeus2.actions.githubusercontent.com/VSeSJsGRiRCTiu0PRaYdcZnubUW6TSVddo0DTZpqG1wDqsIbXb/
2026-05-25T11:26:57.1990885Z   GOTOOLCHAIN: local
2026-05-25T11:26:57.1991084Z   GITHUB_EVENT_PULL_REQUEST_HEAD_LABEL: 
2026-05-25T11:26:57.1991494Z   GITHUB_EVENT_PULL_REQUEST_HEAD_REPO_FULL_NAME: 
2026-05-25T11:26:57.1991776Z   GITHUB_REPOSITORY: moby/buildkit
2026-05-25T11:26:57.1991995Z ##[endgroup]
2026-05-25T11:26:57.2467568Z ##[group]Run actions/github-script@ed597411d8f924073f98dfc5c65a23a2325f34cd
2026-05-25T11:26:57.2467914Z with:
2026-05-25T11:26:57.2468501Z   script: if (process.env.CC_USE_OIDC === 'true' && process.env.CC_FORK != 'true') {
  const id_token = await core.getIDToken(process.env.CC_OIDC_AUDIENCE)
  return id_token
}

2026-05-25T11:26:57.2469282Z   github-token: ***
2026-05-25T11:26:57.2469456Z   debug: false
2026-05-25T11:26:57.2469622Z   user-agent: actions/github-script
2026-05-25T11:26:57.2469848Z   result-encoding: json
2026-05-25T11:26:57.2470021Z   retries: 0
2026-05-25T11:26:57.2470207Z   retry-exempt-status-codes: 400,401,403,404,422
2026-05-25T11:26:57.2470443Z env:
2026-05-25T11:26:57.2470578Z   GO_VERSION: 1.26
2026-05-25T11:26:57.2470743Z   SETUP_BUILDX_VERSION: edge
2026-05-25T11:26:57.2470961Z   SETUP_BUILDKIT_IMAGE: moby/buildkit:latest
2026-05-25T11:26:57.2471193Z   DESTDIR: ./bin
2026-05-25T11:26:57.2471494Z   TESTFLAGS: -v --timeout=60m --run=TestIntegration/slice=11-12/.*/worker=containerd
2026-05-25T11:26:57.2471866Z   GOTESTSUM_FORMAT: standard-verbose
2026-05-25T11:26:57.2472090Z   TESTPKG: ./frontend/dockerfile
2026-05-25T11:26:57.2472414Z   TEST_REPORT_NAME: test-windows-amd64-frontenddockerfile11-12--containerd
2026-05-25T11:26:57.2472768Z   ACTIONS_CACHE_SERVICE_V2: True
2026-05-25T11:26:57.2473295Z   ACTIONS_CACHE_URL: https://acghubeus1.actions.githubusercontent.com/VSeSJsGRiRCTiu0PRaYdcZnubUW6TSVddo0DTZpqG1wDqsIbXb/
2026-05-25T11:26:57.2474095Z   ACTIONS_ORCHESTRATION_ID: d30baca3-6942-46a4-9bfd-7d16fe92e363.test-windows-amd64.windows-2022_container_19
2026-05-25T11:26:57.2474711Z   ACTIONS_RESULTS_URL: https://results-receiver.actions.githubusercontent.com/
2026-05-25T11:26:57.2475151Z   ACTIONS_RUNNER_ACTION_ARCHIVE_CACHE: C:\actionarchivecache\
2026-05-25T11:26:57.2522088Z   ACTIONS_RUNTIME_TOKEN: ***
2026-05-25T11:26:57.2522670Z   ACTIONS_RUNTIME_URL: https://pipelinesghubeus2.actions.githubusercontent.com/VSeSJsGRiRCTiu0PRaYdcZnubUW6TSVddo0DTZpqG1wDqsIbXb/
2026-05-25T11:26:57.2523410Z   GOTOOLCHAIN: local
2026-05-25T11:26:57.2523575Z   CC_FORK: false
2026-05-25T11:26:57.2523752Z   CC_OIDC_AUDIENCE: https://codecov.io
2026-05-25T11:26:57.2523979Z   CC_USE_OIDC: false
2026-05-25T11:26:57.2524143Z ##[endgroup]
2026-05-25T11:26:57.3660072Z ##[group]Run if [ "false" == 'true' ] && [ "$CC_FORK" != 'true' ];
2026-05-25T11:26:57.3660506Z [36;1mif [ "false" == 'true' ] && [ "$CC_FORK" != 'true' ];[0m
2026-05-25T11:26:57.3660812Z [36;1mthen[0m
2026-05-25T11:26:57.3661047Z [36;1m  echo "CC_TOKEN=$CC_OIDC_TOKEN" >> "$GITHUB_ENV"[0m
2026-05-25T11:26:57.3661360Z [36;1melif [ -n "" ];[0m
2026-05-25T11:26:57.3661558Z [36;1mthen[0m
2026-05-25T11:26:57.3661792Z [36;1m  echo -e "\033[0;32m==>\033[0m Token set from env"[0m
2026-05-25T11:26:57.3662122Z [36;1m    echo "CC_TOKEN=" >> "$GITHUB_ENV"[0m
2026-05-25T11:26:57.3662401Z [36;1melse[0m
2026-05-25T11:26:57.3662708Z [36;1m  if [ -n "***" ];[0m
2026-05-25T11:26:57.3662921Z [36;1m  then[0m
2026-05-25T11:26:57.3663167Z [36;1m    echo -e "\033[0;32m==>\033[0m Token set from input"[0m
2026-05-25T11:26:57.3663619Z [36;1m    CC_TOKEN=$(echo "***" | tr -d '\n')[0m
2026-05-25T11:26:57.3663940Z [36;1m    echo "CC_TOKEN=$CC_TOKEN" >> "$GITHUB_ENV"[0m
2026-05-25T11:26:57.3664225Z [36;1m  fi[0m
2026-05-25T11:26:57.3664386Z [36;1mfi[0m
2026-05-25T11:26:57.3676241Z shell: C:\Program Files\Git\bin\bash.EXE --noprofile --norc -e -o pipefail {0}
2026-05-25T11:26:57.3676611Z env:
2026-05-25T11:26:57.3676752Z   GO_VERSION: 1.26
2026-05-25T11:26:57.3676931Z   SETUP_BUILDX_VERSION: edge
2026-05-25T11:26:57.3677159Z   SETUP_BUILDKIT_IMAGE: moby/buildkit:latest
2026-05-25T11:26:57.3677394Z   DESTDIR: ./bin
2026-05-25T11:26:57.3677705Z   TESTFLAGS: -v --timeout=60m --run=TestIntegration/slice=11-12/.*/worker=containerd
2026-05-25T11:26:57.3678243Z   GOTESTSUM_FORMAT: standard-verbose
2026-05-25T11:26:57.3678492Z   TESTPKG: ./frontend/dockerfile
2026-05-25T11:26:57.3678828Z   TEST_REPORT_NAME: test-windows-amd64-frontenddockerfile11-12--containerd
2026-05-25T11:26:57.3679188Z   ACTIONS_CACHE_SERVICE_V2: True
2026-05-25T11:26:57.3679719Z   ACTIONS_CACHE_URL: https://acghubeus1.actions.githubusercontent.com/VSeSJsGRiRCTiu0PRaYdcZnubUW6TSVddo0DTZpqG1wDqsIbXb/
2026-05-25T11:26:57.3680537Z   ACTIONS_ORCHESTRATION_ID: d30baca3-6942-46a4-9bfd-7d16fe92e363.test-windows-amd64.windows-2022_container_19
2026-05-25T11:26:57.3681166Z   ACTIONS_RESULTS_URL: https://results-receiver.actions.githubusercontent.com/
2026-05-25T11:26:57.3681620Z   ACTIONS_RUNNER_ACTION_ARCHIVE_CACHE: C:\actionarchivecache\
2026-05-25T11:26:57.3728681Z   ACTIONS_RUNTIME_TOKEN: ***
2026-05-25T11:26:57.3729271Z   ACTIONS_RUNTIME_URL: https://pipelinesghubeus2.actions.githubusercontent.com/VSeSJsGRiRCTiu0PRaYdcZnubUW6TSVddo0DTZpqG1wDqsIbXb/
2026-05-25T11:26:57.3729875Z   GOTOOLCHAIN: local
2026-05-25T11:26:57.3730065Z   CC_FORK: false
2026-05-25T11:26:57.3730220Z   CC_OIDC_TOKEN: 
2026-05-25T11:26:57.3730405Z   CC_OIDC_AUDIENCE: https://codecov.io
2026-05-25T11:26:57.3730629Z ##[endgroup]
2026-05-25T11:26:57.4057531Z [0;32m==>[0m Token set from input
2026-05-25T11:26:57.4541498Z ##[group]Run if [ -z "$CC_BRANCH" ] && [ -z "$CC_TOKEN" ] && [ "$CC_FORK" == 'true' ]
2026-05-25T11:26:57.4542025Z [36;1mif [ -z "$CC_BRANCH" ] && [ -z "$CC_TOKEN" ] && [ "$CC_FORK" == 'true' ][0m
2026-05-25T11:26:57.4542393Z [36;1mthen[0m
2026-05-25T11:26:57.4542800Z [36;1m  echo -e "\033[0;32m==>\033[0m Fork detected, setting branch to $GITHUB_EVENT_PULL_REQUEST_HEAD_LABEL"[0m
2026-05-25T11:26:57.4543365Z [36;1m  TOKENLESS="$GITHUB_EVENT_PULL_REQUEST_HEAD_LABEL"[0m
2026-05-25T11:26:57.4543749Z [36;1m  CC_BRANCH="$GITHUB_EVENT_PULL_REQUEST_HEAD_LABEL"[0m
2026-05-25T11:26:57.4544106Z [36;1m  echo "TOKENLESS=$TOKENLESS" >> "$GITHUB_ENV"[0m
2026-05-25T11:26:57.4544388Z [36;1mfi[0m
2026-05-25T11:26:57.4544561Z [36;1m[0m
2026-05-25T11:26:57.4544924Z [36;1mecho "CC_BRANCH=$CC_BRANCH" >> "$GITHUB_ENV"[0m
2026-05-25T11:26:57.4556973Z shell: C:\Program Files\Git\bin\bash.EXE --noprofile --norc -e -o pipefail {0}
2026-05-25T11:26:57.4557323Z env:
2026-05-25T11:26:57.4557470Z   GO_VERSION: 1.26
2026-05-25T11:26:57.4557653Z   SETUP_BUILDX_VERSION: edge
2026-05-25T11:26:57.4557880Z   SETUP_BUILDKIT_IMAGE: moby/buildkit:latest
2026-05-25T11:26:57.4558113Z   DESTDIR: ./bin
2026-05-25T11:26:57.4558426Z   TESTFLAGS: -v --timeout=60m --run=TestIntegration/slice=11-12/.*/worker=containerd
2026-05-25T11:26:57.4558812Z   GOTESTSUM_FORMAT: standard-verbose
2026-05-25T11:26:57.4559042Z   TESTPKG: ./frontend/dockerfile
2026-05-25T11:26:57.4559365Z   TEST_REPORT_NAME: test-windows-amd64-frontenddockerfile11-12--containerd
2026-05-25T11:26:57.4559727Z   ACTIONS_CACHE_SERVICE_V2: True
2026-05-25T11:26:57.4560288Z   ACTIONS_CACHE_URL: https://acghubeus1.actions.githubusercontent.com/VSeSJsGRiRCTiu0PRaYdcZnubUW6TSVddo0DTZpqG1wDqsIbXb/
2026-05-25T11:26:57.4561107Z   ACTIONS_ORCHESTRATION_ID: d30baca3-6942-46a4-9bfd-7d16fe92e363.test-windows-amd64.windows-2022_container_19
2026-05-25T11:26:57.4562214Z   ACTIONS_RESULTS_URL: https://results-receiver.actions.githubusercontent.com/
2026-05-25T11:26:57.4562814Z   ACTIONS_RUNNER_ACTION_ARCHIVE_CACHE: C:\actionarchivecache\
2026-05-25T11:26:57.4609822Z   ACTIONS_RUNTIME_TOKEN: ***
2026-05-25T11:26:57.4610412Z   ACTIONS_RUNTIME_URL: https://pipelinesghubeus2.actions.githubusercontent.com/VSeSJsGRiRCTiu0PRaYdcZnubUW6TSVddo0DTZpqG1wDqsIbXb/
2026-05-25T11:26:57.4611011Z   GOTOOLCHAIN: local
2026-05-25T11:26:57.4611182Z   CC_FORK: false
2026-05-25T11:26:57.4611389Z   CC_TOKEN: ***
2026-05-25T11:26:57.4611544Z   CC_BRANCH: 
2026-05-25T11:26:57.4611713Z   GITHUB_EVENT_PULL_REQUEST_HEAD_LABEL: 
2026-05-25T11:26:57.4611976Z   GITHUB_EVENT_PULL_REQUEST_HEAD_REPO_FULL_NAME: 
2026-05-25T11:26:57.4612243Z   GITHUB_REPOSITORY: moby/buildkit
2026-05-25T11:26:57.4613325Z ##[endgroup]
2026-05-25T11:26:57.5061009Z ##[group]Run if [ -z "$CC_SHA" ];
2026-05-25T11:26:57.5061288Z [36;1mif [ -z "$CC_SHA" ];[0m
2026-05-25T11:26:57.5061479Z [36;1mthen[0m
2026-05-25T11:26:57.5061692Z [36;1m  CC_SHA="$GITHUB_EVENT_PULL_REQUEST_HEAD_SHA"[0m
2026-05-25T11:26:57.5061953Z [36;1mfi[0m
2026-05-25T11:26:57.5062148Z [36;1mif [ -z "$CC_PR" ] && [ "$CC_FORK" == 'true' ];[0m
2026-05-25T11:26:57.5062396Z [36;1mthen[0m
2026-05-25T11:26:57.5062570Z [36;1m  CC_PR="$GITHUB_EVENT_NUMBER"[0m
2026-05-25T11:26:57.5062788Z [36;1mfi[0m
2026-05-25T11:26:57.5062932Z [36;1m[0m
2026-05-25T11:26:57.5063099Z [36;1mecho "CC_SHA=$CC_SHA" >> "$GITHUB_ENV"[0m
2026-05-25T11:26:57.5063369Z [36;1mecho "CC_PR=$CC_PR" >> "$GITHUB_ENV"[0m
2026-05-25T11:26:57.5075775Z shell: C:\Program Files\Git\bin\bash.EXE --noprofile --norc -e -o pipefail {0}
2026-05-25T11:26:57.5076159Z env:
2026-05-25T11:26:57.5076315Z   GO_VERSION: 1.26
2026-05-25T11:26:57.5076531Z   SETUP_BUILDX_VERSION: edge
2026-05-25T11:26:57.5076791Z   SETUP_BUILDKIT_IMAGE: moby/buildkit:latest
2026-05-25T11:26:57.5077024Z   DESTDIR: ./bin
2026-05-25T11:26:57.5077337Z   TESTFLAGS: -v --timeout=60m --run=TestIntegration/slice=11-12/.*/worker=containerd
2026-05-25T11:26:57.5077727Z   GOTESTSUM_FORMAT: standard-verbose
2026-05-25T11:26:57.5077963Z   TESTPKG: ./frontend/dockerfile
2026-05-25T11:26:57.5078299Z   TEST_REPORT_NAME: test-windows-amd64-frontenddockerfile11-12--containerd
2026-05-25T11:26:57.5078650Z   ACTIONS_CACHE_SERVICE_V2: True
2026-05-25T11:26:57.5079195Z   ACTIONS_CACHE_URL: https://acghubeus1.actions.githubusercontent.com/VSeSJsGRiRCTiu0PRaYdcZnubUW6TSVddo0DTZpqG1wDqsIbXb/
2026-05-25T11:26:57.5080003Z   ACTIONS_ORCHESTRATION_ID: d30baca3-6942-46a4-9bfd-7d16fe92e363.test-windows-amd64.windows-2022_container_19
2026-05-25T11:26:57.5080629Z   ACTIONS_RESULTS_URL: https://results-receiver.actions.githubusercontent.com/
2026-05-25T11:26:57.5081076Z   ACTIONS_RUNNER_ACTION_ARCHIVE_CACHE: C:\actionarchivecache\
2026-05-25T11:26:57.5128895Z   ACTIONS_RUNTIME_TOKEN: ***
2026-05-25T11:26:57.5129491Z   ACTIONS_RUNTIME_URL: https://pipelinesghubeus2.actions.githubusercontent.com/VSeSJsGRiRCTiu0PRaYdcZnubUW6TSVddo0DTZpqG1wDqsIbXb/
2026-05-25T11:26:57.5130086Z   GOTOOLCHAIN: local
2026-05-25T11:26:57.5130260Z   CC_FORK: false
2026-05-25T11:26:57.5130456Z   CC_TOKEN: ***
2026-05-25T11:26:57.5130608Z   CC_BRANCH: 
2026-05-25T11:26:57.5130749Z   CC_PR: 
2026-05-25T11:26:57.5130881Z   CC_SHA: 
2026-05-25T11:26:57.5131023Z   GITHUB_EVENT_NAME: schedule
2026-05-25T11:26:57.5131218Z   GITHUB_EVENT_NUMBER: 
2026-05-25T11:26:57.5131414Z   GITHUB_EVENT_PULL_REQUEST_HEAD_SHA: 
2026-05-25T11:26:57.5131633Z ##[endgroup]
2026-05-25T11:26:57.5592869Z ##[group]Run ${GITHUB_ACTION_PATH}/dist/codecov.sh
2026-05-25T11:26:57.5593199Z [36;1m${GITHUB_ACTION_PATH}/dist/codecov.sh[0m
2026-05-25T11:26:57.5605172Z shell: C:\Program Files\Git\bin\bash.EXE --noprofile --norc -e -o pipefail {0}
2026-05-25T11:26:57.5605533Z env:
2026-05-25T11:26:57.5605691Z   GO_VERSION: 1.26
2026-05-25T11:26:57.5605880Z   SETUP_BUILDX_VERSION: edge
2026-05-25T11:26:57.5606183Z   SETUP_BUILDKIT_IMAGE: moby/buildkit:latest
2026-05-25T11:26:57.5606426Z   DESTDIR: ./bin
2026-05-25T11:26:57.5606734Z   TESTFLAGS: -v --timeout=60m --run=TestIntegration/slice=11-12/.*/worker=containerd
2026-05-25T11:26:57.5607120Z   GOTESTSUM_FORMAT: standard-verbose
2026-05-25T11:26:57.5607354Z   TESTPKG: ./frontend/dockerfile
2026-05-25T11:26:57.5607681Z   TEST_REPORT_NAME: test-windows-amd64-frontenddockerfile11-12--containerd
2026-05-25T11:26:57.5608036Z   ACTIONS_CACHE_SERVICE_V2: True
2026-05-25T11:26:57.5608588Z   ACTIONS_CACHE_URL: https://acghubeus1.actions.githubusercontent.com/VSeSJsGRiRCTiu0PRaYdcZnubUW6TSVddo0DTZpqG1wDqsIbXb/
2026-05-25T11:26:57.5609399Z   ACTIONS_ORCHESTRATION_ID: d30baca3-6942-46a4-9bfd-7d16fe92e363.test-windows-amd64.windows-2022_container_19
2026-05-25T11:26:57.5610570Z   ACTIONS_RESULTS_URL: https://results-receiver.actions.githubusercontent.com/
2026-05-25T11:26:57.5611047Z   ACTIONS_RUNNER_ACTION_ARCHIVE_CACHE: C:\actionarchivecache\
2026-05-25T11:26:57.5658559Z   ACTIONS_RUNTIME_TOKEN: ***
2026-05-25T11:26:57.5659152Z   ACTIONS_RUNTIME_URL: https://pipelinesghubeus2.actions.githubusercontent.com/VSeSJsGRiRCTiu0PRaYdcZnubUW6TSVddo0DTZpqG1wDqsIbXb/
2026-05-25T11:26:57.5659747Z   GOTOOLCHAIN: local
2026-05-25T11:26:57.5659918Z   CC_FORK: false
2026-05-25T11:26:57.5660122Z   CC_TOKEN: ***
2026-05-25T11:26:57.5660272Z   CC_BRANCH: 
2026-05-25T11:26:57.5660409Z   CC_SHA: 
2026-05-25T11:26:57.5660543Z   CC_PR: 
2026-05-25T11:26:57.5660683Z   CC_BASE_SHA: 
2026-05-25T11:26:57.5660836Z   CC_BINARY: 
2026-05-25T11:26:57.5661013Z   CC_BUILD: 
2026-05-25T11:26:57.5661166Z   CC_BUILD_URL: 
2026-05-25T11:26:57.5661314Z   CC_CODE: 
2026-05-25T11:26:57.5661465Z   CC_DIR: ./bin/testreports
2026-05-25T11:26:57.5661660Z   CC_DISABLE_FILE_FIXES: true
2026-05-25T11:26:57.5661861Z   CC_DISABLE_SEARCH: false
2026-05-25T11:26:57.5662060Z   CC_DISABLE_TELEM: false
2026-05-25T11:26:57.5662247Z   CC_DRY_RUN: false
2026-05-25T11:26:57.5662405Z   CC_ENTERPRISE_URL: 
2026-05-25T11:26:57.5662573Z   CC_ENV: RUNNER_OS
2026-05-25T11:26:57.5662727Z   CC_EXCLUDES: 
2026-05-25T11:26:57.5662891Z   CC_FAIL_ON_ERROR: false
2026-05-25T11:26:57.5663057Z   CC_FILES: 
2026-05-25T11:26:57.5663201Z   CC_FLAGS: unit
2026-05-25T11:26:57.5663347Z   CC_FORCE: 
2026-05-25T11:26:57.5663486Z   CC_GCOV_ARGS: 
2026-05-25T11:26:57.5663640Z   CC_GCOV_EXECUTABLE: gcov
2026-05-25T11:26:57.5663821Z   CC_GCOV_IGNORE: 
2026-05-25T11:26:57.5663980Z   CC_GCOV_INCLUDE: 
2026-05-25T11:26:57.5664147Z   CC_GIT_SERVICE: github
2026-05-25T11:26:57.5664335Z   CC_HANDLE_NO_REPORTS_FOUND: false
2026-05-25T11:26:57.5664550Z   CC_JOB_CODE: 
2026-05-25T11:26:57.5664702Z   CC_LEGACY: false
2026-05-25T11:26:57.5664856Z   CC_NAME: 
2026-05-25T11:26:57.5664993Z   CC_NETWORK_FILTER: 
2026-05-25T11:26:57.5665166Z   CC_NETWORK_PREFIX: 
2026-05-25T11:26:57.5665345Z   CC_NETWORK_ROOT_FOLDER: 
2026-05-25T11:26:57.5665716Z   CC_OS: 
2026-05-25T11:26:57.5665854Z   CC_PARENT_SHA: 
2026-05-25T11:26:57.5666011Z   CC_PLUGINS: 
2026-05-25T11:26:57.5666173Z   CC_RECURSE_SUBMODULES: false
2026-05-25T11:26:57.5666368Z   CC_REPORT_TYPE: 
2026-05-25T11:26:57.5666538Z   CC_RUN_CMD: upload-coverage
2026-05-25T11:26:57.5666732Z   CC_SERVICE: github
2026-05-25T11:26:57.5666908Z   CC_SKIP_VALIDATION: false
2026-05-25T11:26:57.5667090Z   CC_SLUG: 
2026-05-25T11:26:57.5667228Z   CC_SWIFT_PROJECT: 
2026-05-25T11:26:57.5667391Z   CC_USE_PYPI: false
2026-05-25T11:26:57.5667550Z   CC_VERBOSE: false
2026-05-25T11:26:57.5667713Z   CC_VERSION: latest
2026-05-25T11:26:57.5667865Z   CC_YML_PATH: 
2026-05-25T11:26:57.5668017Z ##[endgroup]
2026-05-25T11:26:57.6474542Z      _____          _
2026-05-25T11:26:57.6474974Z     / ____|        | |
2026-05-25T11:26:57.6475345Z    | |     ___   __| | ___  ___ _____   __
2026-05-25T11:26:57.6475829Z    | |    / _ \ / _` |/ _ \/ __/ _ \ \ / /
2026-05-25T11:26:57.6476284Z    | |___| (_) | (_| |  __/ (_| (_) \ V /
2026-05-25T11:26:57.6476730Z     \_____\___/ \__,_|\___|\___\___/ \_/
2026-05-25T11:26:57.6477751Z                            [0;31m Wrapper-0.2.7[0m
2026-05-25T11:26:57.6478338Z                            
2026-05-25T11:26:57.7135600Z [0;32m==>[0m Detected [0;36mwindows[0m
2026-05-25T11:26:57.7137043Z [0;32m ->[0m Downloading [0;36mhttps://cli.codecov.io/latest/windows/codecov.exe[0m
2026-05-25T11:26:57.7807914Z   % Total    % Received % Xferd  Average Speed  Time    Time    Time   Current
2026-05-25T11:26:57.7809371Z                                  Dload  Upload  Total   Spent   Left   Speed
2026-05-25T11:26:57.7809827Z 
2026-05-25T11:26:58.0242574Z   0      0   0      0   0      0      0      0                              0
2026-05-25T11:26:58.0243671Z 100 10.48M 100 10.48M   0      0 42.94M      0                              0
2026-05-25T11:26:58.0245025Z 100 10.48M 100 10.48M   0      0 42.92M      0                              0
2026-05-25T11:26:58.0245800Z 100 10.48M 100 10.48M   0      0 42.90M      0                              0
2026-05-25T11:26:58.0279012Z [0;32m==>[0m Finishing downloading [0;36mwindows:latest[0m
2026-05-25T11:26:58.1476633Z       Version: [0;36mv11.2.8[0m
2026-05-25T11:26:58.1477292Z  
2026-05-25T11:26:58.3271782Z gpg: directory '/c/Users/runneradmin/.gnupg' created
2026-05-25T11:26:58.9654187Z gpg: /c/Users/runneradmin/.gnupg/trustdb.gpg: trustdb created
2026-05-25T11:26:58.9663140Z gpg: key 806BB28AED779869: public key "Codecov Uploader (Codecov Uploader Verification Key) <security@codecov.io>" imported
2026-05-25T11:26:59.1409493Z gpg: Total number processed: 1
2026-05-25T11:26:59.1410110Z gpg:               imported: 1
2026-05-25T11:26:59.1602989Z [0;32m==>[0m Verifying GPG signature integrity
2026-05-25T11:26:59.1604779Z [0;32m ->[0m Downloading [0;36mhttps://cli.codecov.io/latest/windows/codecov.exe.SHA256SUM[0m
2026-05-25T11:26:59.1606681Z [0;32m ->[0m Downloading [0;36mhttps://cli.codecov.io/latest/windows/codecov.exe.SHA256SUM.sig[0m
2026-05-25T11:26:59.1607537Z  
2026-05-25T11:26:59.3540136Z gpg: Signature made Tue Apr 21 19:28:13 2026 CUT
2026-05-25T11:26:59.3541354Z gpg:                using RSA key 27034E7FDB850E0BBC2C62FF806BB28AED779869
2026-05-25T11:26:59.3577130Z gpg: Good signature from "Codecov Uploader (Codecov Uploader Verification Key) <security@codecov.io>" [unknown]
2026-05-25T11:26:59.3578396Z gpg: WARNING: This key is not certified with a trusted signature!
2026-05-25T11:26:59.3579199Z gpg:          There is no indication that the signature belongs to the owner.
2026-05-25T11:26:59.3580586Z Primary key fingerprint: 2703 4E7F DB85 0E0B BC2C  62FF 806B B28A ED77 9869
2026-05-25T11:26:59.4513777Z codecov.exe: OK
2026-05-25T11:26:59.4519678Z [0;32m==>[0m CLI integrity verified
2026-05-25T11:26:59.4520055Z 
2026-05-25T11:27:00.7937498Z [0;32m ->[0m Token length: 36
2026-05-25T11:27:00.7938135Z [0;32m==>[0m Running upload-coverage
2026-05-25T11:27:00.8074212Z       [0;36m./codecov.exe  upload-coverage -t <redacted> --git-service github --env RUNNER_OS --dir ./bin/testreports --disable-file-fixes --flag unit --gcov-executable gcov[0m
2026-05-25T11:27:01.5281579Z info - 2026-05-25 11:27:01,522 -- ci service found: github-actions
2026-05-25T11:27:01.6416012Z warning - 2026-05-25 11:27:01,631 -- xcrun is not installed or can't be found.
2026-05-25T11:27:01.6560202Z warning - 2026-05-25 11:27:01,647 -- No gcov data found.
2026-05-25T11:27:01.6686956Z warning - 2026-05-25 11:27:01,663 -- coverage.py is not installed or can't be found.
2026-05-25T11:27:01.7207470Z info - 2026-05-25 11:27:01,709 -- Found 1 coverage files to report
2026-05-25T11:27:01.7208662Z info - 2026-05-25 11:27:01,709 -- > bin\testreports\coverage-test-windows-amd64-frontenddockerfile11-12--containerd.txt
2026-05-25T11:27:02.2506866Z info - 2026-05-25 11:27:02,241 -- Your upload is now queued for processing. When finished, results will be available at: https://app.codecov.io/github/moby/buildkit/commit/d6b444d4e18204d7f7e6fac28037ab1e28666d1b
2026-05-25T11:27:02.2509262Z info - 2026-05-25 11:27:02,241 -- Sending upload (438943 bytes) to storage
2026-05-25T11:27:02.5998678Z info - 2026-05-25 11:27:02,595 -- Upload queued for processing complete
2026-05-25T11:27:03.0971803Z ##[group]Run crazy-max/.github/.github/actions/gotest-annotations@9ba6e6f9450baf3b1237f8035c1fdc45932510bd
2026-05-25T11:27:03.0972343Z with:
2026-05-25T11:27:03.0972516Z   directory: ./bin/testreports
2026-05-25T11:27:03.0972725Z env:
2026-05-25T11:27:03.0972873Z   GO_VERSION: 1.26
2026-05-25T11:27:03.0973053Z   SETUP_BUILDX_VERSION: edge
2026-05-25T11:27:03.0973279Z   SETUP_BUILDKIT_IMAGE: moby/buildkit:latest
2026-05-25T11:27:03.0973527Z   DESTDIR: ./bin
2026-05-25T11:27:03.0973836Z   TESTFLAGS: -v --timeout=60m --run=TestIntegration/slice=11-12/.*/worker=containerd
2026-05-25T11:27:03.0974221Z   GOTESTSUM_FORMAT: standard-verbose
2026-05-25T11:27:03.0974446Z   TESTPKG: ./frontend/dockerfile
2026-05-25T11:27:03.0974802Z   TEST_REPORT_NAME: test-windows-amd64-frontenddockerfile11-12--containerd
2026-05-25T11:27:03.0975163Z   ACTIONS_CACHE_SERVICE_V2: True
2026-05-25T11:27:03.0975730Z   ACTIONS_CACHE_URL: https://acghubeus1.actions.githubusercontent.com/VSeSJsGRiRCTiu0PRaYdcZnubUW6TSVddo0DTZpqG1wDqsIbXb/
2026-05-25T11:27:03.0976534Z   ACTIONS_ORCHESTRATION_ID: d30baca3-6942-46a4-9bfd-7d16fe92e363.test-windows-amd64.windows-2022_container_19
2026-05-25T11:27:03.0977171Z   ACTIONS_RESULTS_URL: https://results-receiver.actions.githubusercontent.com/
2026-05-25T11:27:03.0977624Z   ACTIONS_RUNNER_ACTION_ARCHIVE_CACHE: C:\actionarchivecache\
2026-05-25T11:27:03.1025196Z   ACTIONS_RUNTIME_TOKEN: ***
2026-05-25T11:27:03.1025803Z   ACTIONS_RUNTIME_URL: https://pipelinesghubeus2.actions.githubusercontent.com/VSeSJsGRiRCTiu0PRaYdcZnubUW6TSVddo0DTZpqG1wDqsIbXb/
2026-05-25T11:27:03.1026408Z   GOTOOLCHAIN: local
2026-05-25T11:27:03.1026620Z   CC_FORK: false
2026-05-25T11:27:03.1026818Z   CC_TOKEN: ***
2026-05-25T11:27:03.1026975Z   CC_BRANCH: 
2026-05-25T11:27:03.1027121Z   CC_SHA: 
2026-05-25T11:27:03.1027260Z   CC_PR: 
2026-05-25T11:27:03.1027403Z ##[endgroup]
2026-05-25T11:27:03.1132289Z ##[group]Run actions/github-script@ed597411d8f924073f98dfc5c65a23a2325f34cd
2026-05-25T11:27:03.1132638Z with:
2026-05-25T11:27:03.1133019Z   script: await core.group(`Install npm deps`, async () => {
  await exec.exec('npm', ['install', 'line-by-line']);
});

2026-05-25T11:27:03.1133595Z   github-token: ***
2026-05-25T11:27:03.1133768Z   debug: false
2026-05-25T11:27:03.1133940Z   user-agent: actions/github-script
2026-05-25T11:27:03.1134161Z   result-encoding: json
2026-05-25T11:27:03.1134335Z   retries: 0
2026-05-25T11:27:03.1134525Z   retry-exempt-status-codes: 400,401,403,404,422
2026-05-25T11:27:03.1134766Z env:
2026-05-25T11:27:03.1134896Z   GO_VERSION: 1.26
2026-05-25T11:27:03.1135064Z   SETUP_BUILDX_VERSION: edge
2026-05-25T11:27:03.1135293Z   SETUP_BUILDKIT_IMAGE: moby/buildkit:latest
2026-05-25T11:27:03.1135528Z   DESTDIR: ./bin
2026-05-25T11:27:03.1136719Z   TESTFLAGS: -v --timeout=60m --run=TestIntegration/slice=11-12/.*/worker=containerd
2026-05-25T11:27:03.1137103Z   GOTESTSUM_FORMAT: standard-verbose
2026-05-25T11:27:03.1137344Z   TESTPKG: ./frontend/dockerfile
2026-05-25T11:27:03.1137682Z   TEST_REPORT_NAME: test-windows-amd64-frontenddockerfile11-12--containerd
2026-05-25T11:27:03.1138035Z   ACTIONS_CACHE_SERVICE_V2: True
2026-05-25T11:27:03.1138572Z   ACTIONS_CACHE_URL: https://acghubeus1.actions.githubusercontent.com/VSeSJsGRiRCTiu0PRaYdcZnubUW6TSVddo0DTZpqG1wDqsIbXb/
2026-05-25T11:27:03.1139379Z   ACTIONS_ORCHESTRATION_ID: d30baca3-6942-46a4-9bfd-7d16fe92e363.test-windows-amd64.windows-2022_container_19
2026-05-25T11:27:03.1140003Z   ACTIONS_RESULTS_URL: https://results-receiver.actions.githubusercontent.com/
2026-05-25T11:27:03.1140448Z   ACTIONS_RUNNER_ACTION_ARCHIVE_CACHE: C:\actionarchivecache\
2026-05-25T11:27:03.1188833Z   ACTIONS_RUNTIME_TOKEN: ***
2026-05-25T11:27:03.1189440Z   ACTIONS_RUNTIME_URL: https://pipelinesghubeus2.actions.githubusercontent.com/VSeSJsGRiRCTiu0PRaYdcZnubUW6TSVddo0DTZpqG1wDqsIbXb/
2026-05-25T11:27:03.1190052Z   GOTOOLCHAIN: local
2026-05-25T11:27:03.1190222Z   CC_FORK: false
2026-05-25T11:27:03.1191980Z   CC_TOKEN: ***
2026-05-25T11:27:03.1192198Z   CC_BRANCH: 
2026-05-25T11:27:03.1192359Z   CC_SHA: 
2026-05-25T11:27:03.1192500Z   CC_PR: 
2026-05-25T11:27:03.1192641Z ##[endgroup]
2026-05-25T11:27:03.2090043Z ##[group]Install npm deps
2026-05-25T11:27:03.2990525Z [command]C:\Windows\system32\cmd.exe /D /S /C ""C:\Program Files\nodejs\npm.cmd" install line-by-line"
2026-05-25T11:27:09.5063231Z 
2026-05-25T11:27:09.5063900Z added 1 package in 3s
2026-05-25T11:27:11.0118341Z ##[endgroup]
2026-05-25T11:27:11.0375303Z ##[group]Run actions/github-script@ed597411d8f924073f98dfc5c65a23a2325f34cd
2026-05-25T11:27:11.0376018Z with:
2026-05-25T11:27:11.0380997Z   script: const lineReader = require('line-by-line');
const testRegex = /(\s*[\w\d]+.go:\d+:)(.*?)(---\sFAIL:.*)/gs;
let tests = {};
const globber = await glob.create(`${core.getInput('directory')}/**/*.json`);
for await (const jsonReport of globber.globGenerator()) {
  let lr = new lineReader(jsonReport);
  lr.on('line', function(line) {
    const currentLine = JSON.parse(line);
    const testName = currentLine.Test;
    let output = currentLine.Output;
    if (!testName || !output) {
      return;
    }
    const packageName = currentLine.Package.split("/").slice(3).join("/");
    const key = `${packageName}/${testName}`;
    if (!tests.hasOwnProperty(key)) {
      tests[key] = {
        name: testName,
        package: packageName,
        output: output
      };
    } else {
      tests[key].output += output;
    }
  });
  lr.on('end', function() {
    for (const [key, test] of Object.entries(tests)) {
      if (!test.output.includes("FAIL") || !test.output.includes(".go")) {
        continue;
      }
      var result;
      while ((result = testRegex.exec(test.output)) !== null) {
        const parts = result[0].split(":");
        const file = `${test.package}/${parts[0].trimStart()}`;
        const lineNumber = parts[1];
        core.startGroup(key);
        core.error(test.output, {
          title: `Failed: ${key}`,
          file: file,
          startLine: lineNumber
        });
        core.endGroup();
      }
    }
  });
}

2026-05-25T11:27:11.0387546Z   github-token: ***
2026-05-25T11:27:11.0387973Z   debug: false
2026-05-25T11:27:11.0388241Z   user-agent: actions/github-script
2026-05-25T11:27:11.0388477Z   result-encoding: json
2026-05-25T11:27:11.0388657Z   retries: 0
2026-05-25T11:27:11.0388844Z   retry-exempt-status-codes: 400,401,403,404,422
2026-05-25T11:27:11.0389289Z env:
2026-05-25T11:27:11.0389431Z   GO_VERSION: 1.26
2026-05-25T11:27:11.0389600Z   SETUP_BUILDX_VERSION: edge
2026-05-25T11:27:11.0389814Z   SETUP_BUILDKIT_IMAGE: moby/buildkit:latest
2026-05-25T11:27:11.0390042Z   DESTDIR: ./bin
2026-05-25T11:27:11.0390342Z   TESTFLAGS: -v --timeout=60m --run=TestIntegration/slice=11-12/.*/worker=containerd
2026-05-25T11:27:11.0390943Z   GOTESTSUM_FORMAT: standard-verbose
2026-05-25T11:27:11.0391167Z   TESTPKG: ./frontend/dockerfile
2026-05-25T11:27:11.0391511Z   TEST_REPORT_NAME: test-windows-amd64-frontenddockerfile11-12--containerd
2026-05-25T11:27:11.0391875Z   ACTIONS_CACHE_SERVICE_V2: True
2026-05-25T11:27:11.0392638Z   ACTIONS_CACHE_URL: https://acghubeus1.actions.githubusercontent.com/VSeSJsGRiRCTiu0PRaYdcZnubUW6TSVddo0DTZpqG1wDqsIbXb/
2026-05-25T11:27:11.0394020Z   ACTIONS_ORCHESTRATION_ID: d30baca3-6942-46a4-9bfd-7d16fe92e363.test-windows-amd64.windows-2022_container_19
2026-05-25T11:27:11.0394654Z   ACTIONS_RESULTS_URL: https://results-receiver.actions.githubusercontent.com/
2026-05-25T11:27:11.0395099Z   ACTIONS_RUNNER_ACTION_ARCHIVE_CACHE: C:\actionarchivecache\
2026-05-25T11:27:11.0452858Z   ACTIONS_RUNTIME_TOKEN: ***
2026-05-25T11:27:11.0453485Z   ACTIONS_RUNTIME_URL: https://pipelinesghubeus2.actions.githubusercontent.com/VSeSJsGRiRCTiu0PRaYdcZnubUW6TSVddo0DTZpqG1wDqsIbXb/
2026-05-25T11:27:11.0454255Z   GOTOOLCHAIN: local
2026-05-25T11:27:11.0454485Z   CC_FORK: false
2026-05-25T11:27:11.0454701Z   CC_TOKEN: ***
2026-05-25T11:27:11.0454854Z   CC_BRANCH: 
2026-05-25T11:27:11.0454993Z   CC_SHA: 
2026-05-25T11:27:11.0456023Z   CC_PR: 
2026-05-25T11:27:11.0456519Z   INPUT_DIRECTORY: ./bin/testreports
2026-05-25T11:27:11.0457034Z ##[endgroup]
2026-05-25T11:27:11.1662333Z ##[group]frontend/dockerfile/TestIntegration
2026-05-25T11:27:11.1681736Z ##[error]=== RUN   TestIntegration
    run.go:412: 
        	Error Trace:	D:/a/buildkit/buildkit/util/testutil/integration/run.go:412
        	            				C:/hostedtoolcache/windows/go/1.26.3/x64/src/sync/once.go:78
        	            				C:/hostedtoolcache/windows/go/1.26.3/x64/src/sync/once.go:69
        	            				D:/a/buildkit/buildkit/util/testutil/integration/run.go:409
        	            				D:/a/buildkit/buildkit/util/testutil/integration/run.go:239
        	            				C:/hostedtoolcache/windows/go/1.26.3/x64/src/runtime/asm_amd64.s:1771
        	Error:      	Received unexpected error:
        	            	unexpected status from HEAD request to https://mcr.microsoft.com/v2/windows/nanoserver/manifests/ltsc2022: 403 Forbidden
        	Test:       	TestIntegration
--- FAIL: TestIntegration (0.16s)

2026-05-25T11:27:11.1684444Z ##[endgroup]
2026-05-25T11:27:11.1685043Z ##[group]frontend/dockerfile/TestIntegration/slice=11-12/TestGitProvenanceAttestationSHA1/worker=containerd/frontend=builtin
2026-05-25T11:27:11.1689544Z ##[error]=== RUN   TestIntegration/slice=11-12/TestGitProvenanceAttestationSHA1/worker=containerd/frontend=builtin
time="2026-05-25T11:26:54Z" level=info msg="fetch failed after status: 404 Not Found" host="localhost:49994"
time="2026-05-25T11:26:54Z" level=info msg="fetch failed after status: 403 Forbidden" host=mcr.microsoft.com
    testing.go:1913: test executed panic(nil) or runtime.Goexit: subtest may have called FailNow on a parent test
    --- FAIL: TestIntegration/slice=11-12/TestGitProvenanceAttestationSHA1/worker=containerd/frontend=builtin (0.15s)

2026-05-25T11:27:11.1691614Z ##[endgroup]
2026-05-25T11:27:11.2034689Z ##[group]Run actions/upload-artifact@043fb46d1a93c77aae656e7c1c64a875d1fc6a0a
2026-05-25T11:27:11.2035577Z with:
2026-05-25T11:27:11.2036089Z   name: test-reports-windows-2022-test-windows-amd64-frontenddockerfile11-12--containerd
2026-05-25T11:27:11.2036635Z   path: ./bin/testreports
2026-05-25T11:27:11.2036833Z   retention-days: 1
2026-05-25T11:27:11.2037011Z   if-no-files-found: warn
2026-05-25T11:27:11.2037209Z   compression-level: 6
2026-05-25T11:27:11.2037394Z   overwrite: false
2026-05-25T11:27:11.2037569Z   include-hidden-files: false
2026-05-25T11:27:11.2037765Z   archive: true
2026-05-25T11:27:11.2037928Z env:
2026-05-25T11:27:11.2038064Z   GO_VERSION: 1.26
2026-05-25T11:27:11.2038232Z   SETUP_BUILDX_VERSION: edge
2026-05-25T11:27:11.2038474Z   SETUP_BUILDKIT_IMAGE: moby/buildkit:latest
2026-05-25T11:27:11.2038701Z   DESTDIR: ./bin
2026-05-25T11:27:11.2039211Z   TESTFLAGS: -v --timeout=60m --run=TestIntegration/slice=11-12/.*/worker=containerd
2026-05-25T11:27:11.2039614Z   GOTESTSUM_FORMAT: standard-verbose
2026-05-25T11:27:11.2039848Z   TESTPKG: ./frontend/dockerfile
2026-05-25T11:27:11.2040616Z   TEST_REPORT_NAME: test-windows-amd64-frontenddockerfile11-12--containerd
2026-05-25T11:27:11.2041302Z   ACTIONS_CACHE_SERVICE_V2: True
2026-05-25T11:27:11.2041861Z   ACTIONS_CACHE_URL: https://acghubeus1.actions.githubusercontent.com/VSeSJsGRiRCTiu0PRaYdcZnubUW6TSVddo0DTZpqG1wDqsIbXb/
2026-05-25T11:27:11.2042681Z   ACTIONS_ORCHESTRATION_ID: d30baca3-6942-46a4-9bfd-7d16fe92e363.test-windows-amd64.windows-2022_container_19
2026-05-25T11:27:11.2043316Z   ACTIONS_RESULTS_URL: https://results-receiver.actions.githubusercontent.com/
2026-05-25T11:27:11.2043766Z   ACTIONS_RUNNER_ACTION_ARCHIVE_CACHE: C:\actionarchivecache\
2026-05-25T11:27:11.2098225Z   ACTIONS_RUNTIME_TOKEN: ***
2026-05-25T11:27:11.2098835Z   ACTIONS_RUNTIME_URL: https://pipelinesghubeus2.actions.githubusercontent.com/VSeSJsGRiRCTiu0PRaYdcZnubUW6TSVddo0DTZpqG1wDqsIbXb/
2026-05-25T11:27:11.2099461Z   GOTOOLCHAIN: local
2026-05-25T11:27:11.2099636Z   CC_FORK: false
2026-05-25T11:27:11.2099834Z   CC_TOKEN: ***
2026-05-25T11:27:11.2099993Z   CC_BRANCH: 
2026-05-25T11:27:11.2100148Z   CC_SHA: 
2026-05-25T11:27:11.2100286Z   CC_PR: 
2026-05-25T11:27:11.2100430Z ##[endgroup]
2026-05-25T11:27:11.4039021Z With the provided path, there will be 3 files uploaded
2026-05-25T11:27:11.4045627Z Artifact name is valid!
2026-05-25T11:27:11.4048030Z Root directory input is valid!
2026-05-25T11:27:11.5758578Z Uploading artifact: test-reports-windows-2022-test-windows-amd64-frontenddockerfile11-12--containerd.zip
2026-05-25T11:27:11.5806465Z Beginning upload of artifact content to blob storage
2026-05-25T11:27:11.7464016Z Uploaded bytes 2376
2026-05-25T11:27:11.7832727Z Finished uploading artifact content to blob storage!
2026-05-25T11:27:11.7834179Z SHA256 digest of uploaded artifact is 57b14c3141e83f16651428c81ff2d58526579bbb4a03c2dddc14758992d3c3f1
2026-05-25T11:27:11.7835554Z Finalizing artifact upload
2026-05-25T11:27:11.9967756Z Artifact test-reports-windows-2022-test-windows-amd64-frontenddockerfile11-12--containerd successfully finalized. Artifact ID 7197258527
2026-05-25T11:27:11.9969479Z Artifact test-reports-windows-2022-test-windows-amd64-frontenddockerfile11-12--containerd has been successfully uploaded! Final size is 2376 bytes. Artifact ID is 7197258527
2026-05-25T11:27:11.9974386Z Artifact download URL: https://github.com/moby/buildkit/actions/runs/26397932013/artifacts/7197258527
2026-05-25T11:27:12.0249529Z Post job cleanup.
2026-05-25T11:27:12.2706349Z [command]"C:\Program Files\Git\bin\git.exe" version
2026-05-25T11:27:12.2941442Z git version 2.54.0.windows.1
2026-05-25T11:27:12.3001914Z Copying 'C:\Users\runneradmin\.gitconfig' to 'D:\a\_temp\a56c400c-5a40-453a-981d-0ae8f9361184\.gitconfig'
2026-05-25T11:27:12.3023130Z Temporarily overriding HOME='D:\a\_temp\a56c400c-5a40-453a-981d-0ae8f9361184' before making global git config changes
2026-05-25T11:27:12.3024652Z Adding repository directory to the temporary git global config as a safe directory
2026-05-25T11:27:12.3037883Z [command]"C:\Program Files\Git\bin\git.exe" config --global --add safe.directory D:\a\buildkit\buildkit
2026-05-25T11:27:12.3283305Z Removing SSH command configuration
2026-05-25T11:27:12.3294087Z [command]"C:\Program Files\Git\bin\git.exe" config --local --name-only --get-regexp core\.sshCommand
2026-05-25T11:27:12.3570205Z [command]"C:\Program Files\Git\bin\git.exe" submodule foreach --recursive "sh -c \"git config --local --name-only --get-regexp 'core\.sshCommand' && git config --local --unset-all 'core.sshCommand' || :\""
2026-05-25T11:27:12.8252499Z Removing HTTP extra header
2026-05-25T11:27:12.8264070Z [command]"C:\Program Files\Git\bin\git.exe" config --local --name-only --get-regexp http\.https\:\/\/github\.com\/\.extraheader
2026-05-25T11:27:12.8506110Z [command]"C:\Program Files\Git\bin\git.exe" submodule foreach --recursive "sh -c \"git config --local --name-only --get-regexp 'http\.https\:\/\/github\.com\/\.extraheader' && git config --local --unset-all 'http.https://github.com/.extraheader' || :\""
2026-05-25T11:27:13.3334749Z Removing includeIf entries pointing to credentials config files
2026-05-25T11:27:13.3347181Z [command]"C:\Program Files\Git\bin\git.exe" config --local --name-only --get-regexp ^includeIf\.gitdir:
2026-05-25T11:27:13.3564796Z includeif.gitdir:D:/a/buildkit/buildkit/.git.path
2026-05-25T11:27:13.3565639Z includeif.gitdir:D:/a/buildkit/buildkit/.git/worktrees/*.path
2026-05-25T11:27:13.3566119Z includeif.gitdir:/github/workspace/.git.path
2026-05-25T11:27:13.3566561Z includeif.gitdir:/github/workspace/.git/worktrees/*.path
2026-05-25T11:27:13.3601951Z [command]"C:\Program Files\Git\bin\git.exe" config --local --get-all includeif.gitdir:D:/a/buildkit/buildkit/.git.path
2026-05-25T11:27:13.3830207Z D:\a\_temp\git-credentials-62320c0a-2758-4ab6-95da-328a8c029bea.config
2026-05-25T11:27:13.3866790Z [command]"C:\Program Files\Git\bin\git.exe" config --local --unset includeif.gitdir:D:/a/buildkit/buildkit/.git.path D:\a\_temp\git-credentials-62320c0a-2758-4ab6-95da-328a8c029bea.config
2026-05-25T11:27:13.4098961Z [command]"C:\Program Files\Git\bin\git.exe" config --local --get-all includeif.gitdir:D:/a/buildkit/buildkit/.git/worktrees/*.path
2026-05-25T11:27:13.4324231Z D:\a\_temp\git-credentials-62320c0a-2758-4ab6-95da-328a8c029bea.config
2026-05-25T11:27:13.4365936Z [command]"C:\Program Files\Git\bin\git.exe" config --local --unset includeif.gitdir:D:/a/buildkit/buildkit/.git/worktrees/*.path D:\a\_temp\git-credentials-62320c0a-2758-4ab6-95da-328a8c029bea.config
2026-05-25T11:27:13.4606485Z [command]"C:\Program Files\Git\bin\git.exe" config --local --get-all includeif.gitdir:/github/workspace/.git.path
2026-05-25T11:27:13.4824249Z /github/runner_temp/git-credentials-62320c0a-2758-4ab6-95da-328a8c029bea.config
2026-05-25T11:27:13.4853969Z [command]"C:\Program Files\Git\bin\git.exe" config --local --unset includeif.gitdir:/github/workspace/.git.path /github/runner_temp/git-credentials-62320c0a-2758-4ab6-95da-328a8c029bea.config
2026-05-25T11:27:13.5119847Z [command]"C:\Program Files\Git\bin\git.exe" config --local --get-all includeif.gitdir:/github/workspace/.git/worktrees/*.path
2026-05-25T11:27:13.5352080Z /github/runner_temp/git-credentials-62320c0a-2758-4ab6-95da-328a8c029bea.config
2026-05-25T11:27:13.5393228Z [command]"C:\Program Files\Git\bin\git.exe" config --local --unset includeif.gitdir:/github/workspace/.git/worktrees/*.path /github/runner_temp/git-credentials-62320c0a-2758-4ab6-95da-328a8c029bea.config
2026-05-25T11:27:13.5664141Z [command]"C:\Program Files\Git\bin\git.exe" submodule foreach --recursive "git config --local --show-origin --name-only --get-regexp remote.origin.url"
2026-05-25T11:27:14.0483255Z Removing credentials config 'D:\a\_temp\git-credentials-62320c0a-2758-4ab6-95da-328a8c029bea.config'
2026-05-25T11:27:14.0677892Z Cleaning up orphan processes
2026-05-25T11:27:14.0847980Z Terminate orphan process: pid (2912) (registry)
