2026-04-10T07:51:44.5127355Z Current runner version: '2.333.1'
2026-04-10T07:51:44.5152441Z ##[group]Runner Image Provisioner
2026-04-10T07:51:44.5153231Z Hosted Compute Agent
2026-04-10T07:51:44.5153857Z Version: 20260213.493
2026-04-10T07:51:44.5154442Z Commit: 5c115507f6dd24b8de37d8bbe0bb4509d0cc0fa3
2026-04-10T07:51:44.5155454Z Build Date: 2026-02-13T00:28:41Z
2026-04-10T07:51:44.5156192Z Worker ID: {91d4c1a3-9f03-4c13-9412-1d97777f8597}
2026-04-10T07:51:44.5156880Z Azure Region: eastus2
2026-04-10T07:51:44.5157414Z ##[endgroup]
2026-04-10T07:51:44.5159226Z ##[group]Operating System
2026-04-10T07:51:44.5159890Z Ubuntu
2026-04-10T07:51:44.5160319Z 24.04.4
2026-04-10T07:51:44.5160812Z LTS
2026-04-10T07:51:44.5161317Z ##[endgroup]
2026-04-10T07:51:44.5161786Z ##[group]Runner Image
2026-04-10T07:51:44.5162377Z Image: ubuntu-24.04
2026-04-10T07:51:44.5162866Z Version: 20260406.80.1
2026-04-10T07:51:44.5164045Z Included Software: https://github.com/actions/runner-images/blob/ubuntu24/20260406.80/images/ubuntu/Ubuntu2404-Readme.md
2026-04-10T07:51:44.5165783Z Image Release: https://github.com/actions/runner-images/releases/tag/ubuntu24%2F20260406.80
2026-04-10T07:51:44.5166714Z ##[endgroup]
2026-04-10T07:51:44.5167707Z ##[group]GITHUB_TOKEN Permissions
2026-04-10T07:51:44.5169779Z Contents: read
2026-04-10T07:51:44.5170377Z Metadata: read
2026-04-10T07:51:44.5170964Z ##[endgroup]
2026-04-10T07:51:44.5172965Z Secret source: None
2026-04-10T07:51:44.5173878Z Prepare workflow directory
2026-04-10T07:51:44.5559551Z Prepare all required actions
2026-04-10T07:51:44.5596869Z Getting action download info
2026-04-10T07:51:44.9679161Z Download action repository 'actions/github-script@ed597411d8f924073f98dfc5c65a23a2325f34cd' (SHA:ed597411d8f924073f98dfc5c65a23a2325f34cd)
2026-04-10T07:51:45.2962391Z Download action repository 'docker/setup-buildx-action@4d04d5d9486b7bd6fa91e7baf45bbb4f8b9deedd' (SHA:4d04d5d9486b7bd6fa91e7baf45bbb4f8b9deedd)
2026-04-10T07:51:45.5833801Z Download action repository 'crazy-max/ghaction-github-runtime@04d248b84655b509d8c44dc1d6f990c879747487' (SHA:04d248b84655b509d8c44dc1d6f990c879747487)
2026-04-10T07:51:45.9024602Z Uses: docker/github-builder/.github/workflows/bake.yml@2497a7d1e7d8683af4949c9d6d62012bc16ed59c
2026-04-10T07:51:45.9031212Z ##[group] Inputs
2026-04-10T07:51:45.9032052Z   runner: amd64
2026-04-10T07:51:45.9033563Z   distribute: true
2026-04-10T07:51:45.9034447Z   fail-fast: false
2026-04-10T07:51:45.9035442Z   setup-qemu: true
2026-04-10T07:51:45.9036344Z   artifact-name: docker-github-builder-assets
2026-04-10T07:51:45.9037481Z   artifact-upload: false
2026-04-10T07:51:45.9038329Z   cache: true
2026-04-10T07:51:45.9039071Z   cache-scope: image
2026-04-10T07:51:45.9039876Z   cache-mode: min
2026-04-10T07:51:45.9040640Z   context: .
2026-04-10T07:51:45.9041368Z   files: 
2026-04-10T07:51:45.9042049Z   output: image
2026-04-10T07:51:45.9042809Z   push: false
2026-04-10T07:51:45.9043527Z   sbom: true
2026-04-10T07:51:45.9044226Z   set: 
2026-04-10T07:51:45.9045052Z   sign: auto
2026-04-10T07:51:45.9045813Z   target: image-cross
2026-04-10T07:51:45.9046981Z   vars: IMAGE_TARGET=
EXPORT_BASE=ubuntu
BUILDKITD_TAGS=nvidia venus

2026-04-10T07:51:45.9048361Z   set-meta-annotations: true
2026-04-10T07:51:45.9049293Z   set-meta-labels: false
2026-04-10T07:51:45.9050158Z   meta-images: moby/buildkit

2026-04-10T07:51:45.9052854Z   meta-tags: type=schedule,pattern=nightly,suffix=-ubuntu
type=ref,event=branch,suffix=-ubuntu
type=ref,event=pr,suffix=-ubuntu
type=semver,pattern={{raw}},suffix=-ubuntu
type=raw,value=

2026-04-10T07:51:45.9055804Z   meta-flavor: latest=false

2026-04-10T07:51:45.9056702Z   meta-labels: 
2026-04-10T07:51:45.9058231Z   meta-annotations: org.opencontainers.image.title=BuildKit
org.opencontainers.image.vendor=Moby

2026-04-10T07:51:45.9060093Z   meta-bake-target: meta-helper
2026-04-10T07:51:45.9061025Z ##[endgroup]
2026-04-10T07:51:45.9062243Z Complete job name: image (ubuntu, nvidia venus, moby/buildkit, -ubuntu) / prepare
2026-04-10T07:51:45.9889829Z ##[group]Run actions/github-script@ed597411d8f924073f98dfc5c65a23a2325f34cd
2026-04-10T07:51:45.9891931Z with:
2026-04-10T07:51:45.9893467Z   script: await exec.exec('npm', ['install', '--prefer-offline', '--ignore-scripts', core.getInput('dat-module')]);

2026-04-10T07:51:45.9896152Z   github-token: ***
2026-04-10T07:51:45.9896919Z   debug: false
2026-04-10T07:51:45.9897666Z   user-agent: actions/github-script
2026-04-10T07:51:45.9898727Z   result-encoding: json
2026-04-10T07:51:45.9899874Z   retries: 0
2026-04-10T07:51:45.9900877Z   retry-exempt-status-codes: 400,401,403,404,422
2026-04-10T07:51:45.9902312Z env:
2026-04-10T07:51:45.9902974Z   BUILDX_VERSION: v0.32.1
2026-04-10T07:51:45.9903894Z   BUILDKIT_IMAGE: moby/buildkit:v0.28.1
2026-04-10T07:51:45.9905239Z   SBOM_IMAGE: docker/buildkit-syft-scanner:1.10.0
2026-04-10T07:51:45.9906449Z   BINFMT_IMAGE: tonistiigi/binfmt:qemu-v10.2.1-65
2026-04-10T07:51:45.9907907Z   DOCKER_ACTIONS_TOOLKIT_MODULE: @docker/actions-toolkit@0.85.0
2026-04-10T07:51:45.9909384Z   HANDLEBARS_MODULE: handlebars@4.7.8
2026-04-10T07:51:45.9910387Z   COSIGN_VERSION: v3.0.2
2026-04-10T07:51:45.9911224Z   LOCAL_EXPORT_DIR: /tmp/buildx-output
2026-04-10T07:51:45.9912171Z   MATRIX_SIZE_LIMIT: 20
2026-04-10T07:51:45.9912993Z   BUILDX_SEND_GIT_QUERY_AS_INPUT: true
2026-04-10T07:51:45.9914073Z   INPUT_DAT-MODULE: @docker/actions-toolkit@0.85.0
2026-04-10T07:51:45.9915310Z ##[endgroup]
2026-04-10T07:51:46.0760980Z [command]/usr/local/bin/npm install --prefer-offline --ignore-scripts @docker/actions-toolkit@0.85.0
2026-04-10T07:51:53.9454721Z npm warn deprecated glob@10.5.0: Old versions of glob are not supported, and contain widely publicized security vulnerabilities, which have been fixed in the current version. Please update. Support for old versions may be purchased (at exorbitant rates) by contacting i@izs.me
2026-04-10T07:51:55.2715827Z 
2026-04-10T07:51:55.2716533Z added 242 packages in 9s
2026-04-10T07:51:55.2716977Z 
2026-04-10T07:51:55.2724406Z 29 packages are looking for funding
2026-04-10T07:51:55.2725277Z   run `npm fund` for details
2026-04-10T07:51:55.3134105Z ##[group]Run actions/github-script@ed597411d8f924073f98dfc5c65a23a2325f34cd
2026-04-10T07:51:55.3134548Z with:
2026-04-10T07:51:55.3136629Z   script: const { Cosign } = require('@docker/actions-toolkit/lib/cosign/cosign');
const { Install } = require('@docker/actions-toolkit/lib/cosign/install');

const inpCosignVersion = core.getInput('cosign-version');

const cosignInstall = new Install();
const cosignBinPath = await cosignInstall.download({
  version: core.getInput('cosign-version'),
  ghaNoCache: true,
  skipState: true,
  verifySignature: true
});
const cosignPath = await cosignInstall.install(cosignBinPath);

const cosign = new Cosign();
await cosign.printVersion();

2026-04-10T07:51:55.3138760Z   github-token: ***
2026-04-10T07:51:55.3138996Z   debug: false
2026-04-10T07:51:55.3139232Z   user-agent: actions/github-script
2026-04-10T07:51:55.3139523Z   result-encoding: json
2026-04-10T07:51:55.3139752Z   retries: 0
2026-04-10T07:51:55.3140057Z   retry-exempt-status-codes: 400,401,403,404,422
2026-04-10T07:51:55.3140392Z env:
2026-04-10T07:51:55.3140599Z   BUILDX_VERSION: v0.32.1
2026-04-10T07:51:55.3140857Z   BUILDKIT_IMAGE: moby/buildkit:v0.28.1
2026-04-10T07:51:55.3141182Z   SBOM_IMAGE: docker/buildkit-syft-scanner:1.10.0
2026-04-10T07:51:55.3141522Z   BINFMT_IMAGE: tonistiigi/binfmt:qemu-v10.2.1-65
2026-04-10T07:51:55.3141908Z   DOCKER_ACTIONS_TOOLKIT_MODULE: @docker/actions-toolkit@0.85.0
2026-04-10T07:51:55.3142280Z   HANDLEBARS_MODULE: handlebars@4.7.8
2026-04-10T07:51:55.3142570Z   COSIGN_VERSION: v3.0.2
2026-04-10T07:51:55.3142838Z   LOCAL_EXPORT_DIR: /tmp/buildx-output
2026-04-10T07:51:55.3143116Z   MATRIX_SIZE_LIMIT: 20
2026-04-10T07:51:55.3143361Z   BUILDX_SEND_GIT_QUERY_AS_INPUT: true
2026-04-10T07:51:55.3143642Z   INPUT_COSIGN-VERSION: v3.0.2
2026-04-10T07:51:55.3143893Z ##[endgroup]
2026-04-10T07:51:55.8154164Z Use 3.0.2 version spec cache key for v3.0.2
2026-04-10T07:51:55.8166953Z GitHub Actions cache disabled
2026-04-10T07:51:55.8169384Z Downloading https://github.com/sigstore/cosign/releases/download/v3.0.2/cosign-linux-amd64
2026-04-10T07:51:56.5805396Z Downloading keyless verification bundle at https://github.com/sigstore/cosign/releases/download/v3.0.2/cosign-linux-amd64.sigstore.json
2026-04-10T07:51:56.7093066Z Verifying keyless verification bundle signature
2026-04-10T07:51:56.7105907Z Fetching Sigstore TUF trusted root metadata
2026-04-10T07:51:56.8879476Z Verifying artifact signature
2026-04-10T07:51:57.0866689Z Cosign binary signature verified! https://search.sigstore.dev?logIndex=599900946
2026-04-10T07:51:57.0868131Z Copying /home/runner/work/_temp/453b3d30-657d-4961-bae2-90272dbb426c to /home/runner/.bin/3.0.2/linux-x64/cosign
2026-04-10T07:51:57.4506712Z Cached to /home/runner/.bin/3.0.2/linux-x64/cosign
2026-04-10T07:51:57.5555651Z Fixing perms
2026-04-10T07:51:57.5560077Z Added Cosign to PATH
2026-04-10T07:51:57.5560883Z Binary path: /home/runner/work/_temp/docker-actions-toolkit-pH1x7D/cosign-bin/cosign
2026-04-10T07:51:57.5591774Z [command]/home/runner/work/_temp/docker-actions-toolkit-pH1x7D/cosign-bin/cosign version --json
2026-04-10T07:51:57.5869789Z {
2026-04-10T07:51:57.5870169Z   "gitVersion": "v3.0.2",
2026-04-10T07:51:57.5870653Z   "gitCommit": "84449696f0658a5ef5f2abba87fdd3f8b17ca1be",
2026-04-10T07:51:57.5871293Z   "gitTreeState": "clean",
2026-04-10T07:51:57.5871663Z   "buildDate": "2025-10-10T18:17:56Z",
2026-04-10T07:51:57.5872099Z   "goVersion": "go1.25.1",
2026-04-10T07:51:57.5872439Z   "compiler": "gc",
2026-04-10T07:51:57.5872760Z   "platform": "linux/amd64"
2026-04-10T07:51:57.5873094Z }
2026-04-10T07:51:57.6142274Z ##[group]Run actions/github-script@ed597411d8f924073f98dfc5c65a23a2325f34cd
2026-04-10T07:51:57.6142670Z with:
2026-04-10T07:51:57.6144630Z   script: const { OCI } = require('@docker/actions-toolkit/lib/oci/oci');
const { Sigstore } = require('@docker/actions-toolkit/lib/sigstore/sigstore');

const sigstore = new Sigstore();

for (const image of core.getMultilineInput('images')) {
  await core.group(`Verifying ${image}`, async () => {
    try {
      await sigstore.verifyImageAttestations(image, {
        certificateIdentityRegexp: `^https://github.com/docker/github-builder(-experimental)?/.github/workflows/bake.yml.*$`,
        platform: OCI.defaultPlatform()
      });
    } catch (error) {
      core.setFailed(error);
      return;
    }
  });
}

2026-04-10T07:51:57.6147181Z   github-token: ***
2026-04-10T07:51:57.6147374Z   debug: false
2026-04-10T07:51:57.6147568Z   user-agent: actions/github-script
2026-04-10T07:51:57.6147806Z   result-encoding: json
2026-04-10T07:51:57.6148026Z   retries: 0
2026-04-10T07:51:57.6148225Z   retry-exempt-status-codes: 400,401,403,404,422
2026-04-10T07:51:57.6148485Z env:
2026-04-10T07:51:57.6148641Z   BUILDX_VERSION: v0.32.1
2026-04-10T07:51:57.6148857Z   BUILDKIT_IMAGE: moby/buildkit:v0.28.1
2026-04-10T07:51:57.6149130Z   SBOM_IMAGE: docker/buildkit-syft-scanner:1.10.0
2026-04-10T07:51:57.6149439Z   BINFMT_IMAGE: tonistiigi/binfmt:qemu-v10.2.1-65
2026-04-10T07:51:57.6149782Z   DOCKER_ACTIONS_TOOLKIT_MODULE: @docker/actions-toolkit@0.85.0
2026-04-10T07:51:57.6150111Z   HANDLEBARS_MODULE: handlebars@4.7.8
2026-04-10T07:51:57.6150352Z   COSIGN_VERSION: v3.0.2
2026-04-10T07:51:57.6150565Z   LOCAL_EXPORT_DIR: /tmp/buildx-output
2026-04-10T07:51:57.6150806Z   MATRIX_SIZE_LIMIT: 20
2026-04-10T07:51:57.6151007Z   BUILDX_SEND_GIT_QUERY_AS_INPUT: true
2026-04-10T07:51:57.6151474Z   INPUT_IMAGES: moby/buildkit:v0.28.1
docker/buildkit-syft-scanner:1.10.0
tonistiigi/binfmt:qemu-v10.2.1-65

2026-04-10T07:51:57.6151934Z ##[endgroup]
2026-04-10T07:51:58.0576879Z ##[group]Verifying moby/buildkit:v0.28.1
2026-04-10T07:51:58.9722442Z [command]cosign verify --experimental-oci11 --new-bundle-format --certificate-oidc-issuer https://token.actions.githubusercontent.com --certificate-identity-regexp ^https://github.com/docker/github-builder(-experimental)?/.github/workflows/bake.yml.*$ moby/buildkit@sha256:98dcb0b3e9fa26d74c882d1d6e29950282129081d95c144be9de1ee6ed119b7a
2026-04-10T07:51:59.6820697Z Signature manifest verified: https://oci.dag.dev/?image=moby/buildkit@sha256:1fd1a653391efe369f80ac5cefc414a77801b5d675573e31e3097cfaf8a7af59
2026-04-10T07:51:59.6822795Z ##[endgroup]
2026-04-10T07:51:59.6823231Z ##[group]Verifying docker/buildkit-syft-scanner:1.10.0
2026-04-10T07:52:00.4578413Z [command]cosign verify --experimental-oci11 --new-bundle-format --certificate-oidc-issuer https://token.actions.githubusercontent.com --certificate-identity-regexp ^https://github.com/docker/github-builder(-experimental)?/.github/workflows/bake.yml.*$ docker/buildkit-syft-scanner@sha256:9dbf2ea9f74ca28ab6091c424f1f68f887fd20f92dd83e1c28f91eb7b741b7ee
2026-04-10T07:52:01.0238469Z Signature manifest verified: https://oci.dag.dev/?image=docker/buildkit-syft-scanner@sha256:309ac468946698963cc3f2d4c9ed5cf268e4d5ba4f6db8568b3cd4ef151e4674
2026-04-10T07:52:01.0240120Z ##[endgroup]
2026-04-10T07:52:01.0242413Z ##[group]Verifying tonistiigi/binfmt:qemu-v10.2.1-65
2026-04-10T07:52:01.3673035Z ##[error]Error: ERROR: failed to copy: httpReadSeeker: failed open: unexpected status from GET request to https://registry-1.docker.io/v2/tonistiigi/binfmt/manifests/sha256:d3b963f787999e6c0219a48dba02978769286ff61a5f4d26245cb6a6e5567ea3: 502 Bad Gateway
2026-04-10T07:52:01.3683786Z ##[endgroup]
2026-04-10T07:52:01.3873664Z Evaluate and set job outputs
2026-04-10T07:52:01.3880845Z Cleaning up orphan processes
