2026-06-02T04:01:09.3968586Z Current runner version: '2.334.0'
2026-06-02T04:01:09.3996617Z ##[group]Runner Image Provisioner
2026-06-02T04:01:09.3997575Z Hosted Compute Agent
2026-06-02T04:01:09.3998256Z Version: 20260520.533
2026-06-02T04:01:09.3998893Z Commit: 189110e25284a9812c124fd27b339e2fb4f2f9db
2026-06-02T04:01:09.3999600Z Build Date: 2026-05-20T17:44:04Z
2026-06-02T04:01:09.4000371Z Worker ID: {5c57399f-2d84-46ec-9267-a980c6a1fa4c}
2026-06-02T04:01:09.4001233Z Azure Region: eastus
2026-06-02T04:01:09.4002069Z ##[endgroup]
2026-06-02T04:01:09.4004104Z ##[group]Operating System
2026-06-02T04:01:09.4005302Z Ubuntu
2026-06-02T04:01:09.4006177Z 24.04.4
2026-06-02T04:01:09.4006961Z LTS
2026-06-02T04:01:09.4007616Z ##[endgroup]
2026-06-02T04:01:09.4008192Z ##[group]Runner Image
2026-06-02T04:01:09.4008799Z Image: ubuntu-24.04
2026-06-02T04:01:09.4009430Z Version: 20260525.161.1
2026-06-02T04:01:09.4010748Z Included Software: https://github.com/actions/runner-images/blob/ubuntu24/20260525.161/images/ubuntu/Ubuntu2404-Readme.md
2026-06-02T04:01:09.4012351Z Image Release: https://github.com/actions/runner-images/releases/tag/ubuntu24%2F20260525.161
2026-06-02T04:01:09.4013315Z ##[endgroup]
2026-06-02T04:01:09.4014803Z ##[group]GITHUB_TOKEN Permissions
2026-06-02T04:01:09.4017320Z Contents: read
2026-06-02T04:01:09.4018010Z Metadata: read
2026-06-02T04:01:09.4018567Z ##[endgroup]
2026-06-02T04:01:09.4020907Z Secret source: None
2026-06-02T04:01:09.4022018Z Prepare workflow directory
2026-06-02T04:01:09.4439718Z Prepare all required actions
2026-06-02T04:01:09.4478819Z Getting action download info
2026-06-02T04:01:09.7710191Z Download action repository 'actions/github-script@3a2844b7e9c422d3c10d287c895573f7108da1b3' (SHA:3a2844b7e9c422d3c10d287c895573f7108da1b3)
2026-06-02T04:01:10.0078478Z Download action repository 'docker/setup-buildx-action@d7f5e7f509e45cec5c76c4d5afdd7de93d0b3df5' (SHA:d7f5e7f509e45cec5c76c4d5afdd7de93d0b3df5)
2026-06-02T04:01:10.2896639Z Uses: docker/github-builder/.github/workflows/bake.yml@17bd7d64200cae4ba58ffc099934e8012ae320f2
2026-06-02T04:01:10.2901409Z ##[group] Inputs
2026-06-02T04:01:10.2901963Z   runner: ubuntu-24.04
2026-06-02T04:01:10.2902833Z   distribute: true
2026-06-02T04:01:10.2903318Z   fail-fast: false
2026-06-02T04:01:10.2903783Z   setup-qemu: true
2026-06-02T04:01:10.2904273Z   artifact-name: buildkit-binaries
2026-06-02T04:01:10.2905364Z   artifact-upload: true
2026-06-02T04:01:10.2905878Z   cache: true
2026-06-02T04:01:10.2906340Z   cache-scope: binaries
2026-06-02T04:01:10.2906823Z   cache-mode: min
2026-06-02T04:01:10.2907271Z   context: .
2026-06-02T04:01:10.2907687Z   files: 
2026-06-02T04:01:10.2908104Z   output: local
2026-06-02T04:01:10.2908535Z   push: false
2026-06-02T04:01:10.2908978Z   sbom: true
2026-06-02T04:01:10.2909390Z   set: 
2026-06-02T04:01:10.2909792Z   sign: false
2026-06-02T04:01:10.2910214Z   target: release
2026-06-02T04:01:10.2910642Z   vars: 
2026-06-02T04:01:10.2911075Z   set-meta-annotations: false
2026-06-02T04:01:10.2911620Z   set-meta-labels: false
2026-06-02T04:01:10.2912111Z   meta-images: 
2026-06-02T04:01:10.2912542Z   meta-tags: 
2026-06-02T04:01:10.2912959Z   meta-flavor: 
2026-06-02T04:01:10.2913395Z   meta-labels: 
2026-06-02T04:01:10.2913841Z   meta-annotations: 
2026-06-02T04:01:10.2914295Z   meta-bake-target: 
2026-06-02T04:01:10.2914931Z ##[endgroup]
2026-06-02T04:01:10.2915404Z Complete job name: binaries / prepare
2026-06-02T04:01:10.3631089Z ##[group]Run actions/github-script@3a2844b7e9c422d3c10d287c895573f7108da1b3
2026-06-02T04:01:10.3632553Z with:
2026-06-02T04:01:10.3639233Z   script: const npmArgs = ['install', ...core.getMultilineInput('runtime-install-args'), core.getInput('runtime-module')];
const maxAttempts = 3;
for (let attempt = 1; attempt <= maxAttempts; attempt++) {
  const exitCode = await exec.exec('npm', npmArgs, {ignoreReturnCode: true});
  if (exitCode === 0) {
    return;
  }
  if (attempt === maxAttempts) {
    core.setFailed(`npm install failed after ${maxAttempts} attempts`);
    return;
  }
  const retryDelayMs = attempt * 50;
  core.info(`npm install failed with exit code ${exitCode}; retrying in ${retryDelayMs}ms`);
  await new Promise(resolve => setTimeout(resolve, retryDelayMs));
}

2026-06-02T04:01:10.3653128Z   github-token: ***
2026-06-02T04:01:10.3653638Z   debug: false
2026-06-02T04:01:10.3654111Z   user-agent: actions/github-script
2026-06-02T04:01:10.3655024Z   result-encoding: json
2026-06-02T04:01:10.3655539Z   retries: 0
2026-06-02T04:01:10.3656019Z   retry-exempt-status-codes: 400,401,403,404,422
2026-06-02T04:01:10.3657033Z env:
2026-06-02T04:01:10.3657451Z   BUILDX_VERSION: v0.34.1
2026-06-02T04:01:10.3657959Z   BUILDKIT_IMAGE: moby/buildkit:v0.30.0
2026-06-02T04:01:10.3658575Z   SBOM_IMAGE: docker/buildkit-syft-scanner:1.11.0
2026-06-02T04:01:10.3659225Z   BINFMT_IMAGE: tonistiigi/binfmt:qemu-v10.2.1-65
2026-06-02T04:01:10.3659903Z   RUNTIME_MODULE: @docker/github-builder-runtime@0.91.0
2026-06-02T04:01:10.3661185Z   RUNTIME_INSTALL_ARGS: --loglevel=error
--no-save
--package-lock=false
--ignore-scripts
--omit=dev
--prefer-offline
--fund=false
--audit=false

2026-06-02T04:01:10.3662338Z   COSIGN_VERSION: v3.0.6
2026-06-02T04:01:10.3662829Z   LOCAL_EXPORT_DIR: /tmp/buildx-output
2026-06-02T04:01:10.3663364Z   MATRIX_SIZE_LIMIT: 20
2026-06-02T04:01:10.3663843Z   BUILDX_SEND_GIT_QUERY_AS_INPUT: true
2026-06-02T04:01:10.3664389Z   NPM_CONFIG_FETCH_RETRIES: 5
2026-06-02T04:01:10.3665721Z   INPUT_RUNTIME-MODULE: @docker/github-builder-runtime@0.91.0
2026-06-02T04:01:10.3667752Z   INPUT_RUNTIME-INSTALL-ARGS: --loglevel=error
--no-save
--package-lock=false
--ignore-scripts
--omit=dev
--prefer-offline
--fund=false
--audit=false

2026-06-02T04:01:10.3669717Z ##[endgroup]
2026-06-02T04:01:10.4798614Z [command]/usr/local/bin/npm install --loglevel=error --no-save --package-lock=false --ignore-scripts --omit=dev --prefer-offline --fund=false --audit=false @docker/github-builder-runtime@0.91.0
2026-06-02T04:01:15.5841583Z 
2026-06-02T04:01:15.5851222Z added 244 packages in 5s
2026-06-02T04:01:15.6770547Z ##[group]Run actions/github-script@3a2844b7e9c422d3c10d287c895573f7108da1b3
2026-06-02T04:01:15.6772453Z with:
2026-06-02T04:01:15.6781644Z   script: const { Cosign } = require('@docker/github-builder-runtime/lib/cosign/cosign');
const { Install } = require('@docker/github-builder-runtime/lib/cosign/install');

const inpCosignVersion = core.getInput('cosign-version');

const cosignInstall = new Install();
const cosignBinPath = await cosignInstall.download({
  version: core.getInput('cosign-version'),
  ghaNoCache: true,
  skipState: true,
  verifySignature: true
});
const cosignPath = await cosignInstall.install(cosignBinPath);

const cosign = new Cosign();
await cosign.printVersion();

2026-06-02T04:01:15.6803346Z   github-token: ***
2026-06-02T04:01:15.6804414Z   debug: false
2026-06-02T04:01:15.6805717Z   user-agent: actions/github-script
2026-06-02T04:01:15.6806975Z   result-encoding: json
2026-06-02T04:01:15.6808025Z   retries: 0
2026-06-02T04:01:15.6809166Z   retry-exempt-status-codes: 400,401,403,404,422
2026-06-02T04:01:15.6810556Z env:
2026-06-02T04:01:15.6811482Z   BUILDX_VERSION: v0.34.1
2026-06-02T04:01:15.6812637Z   BUILDKIT_IMAGE: moby/buildkit:v0.30.0
2026-06-02T04:01:15.6814060Z   SBOM_IMAGE: docker/buildkit-syft-scanner:1.11.0
2026-06-02T04:01:15.6815901Z   BINFMT_IMAGE: tonistiigi/binfmt:qemu-v10.2.1-65
2026-06-02T04:01:15.6817548Z   RUNTIME_MODULE: @docker/github-builder-runtime@0.91.0
2026-06-02T04:01:15.6820591Z   RUNTIME_INSTALL_ARGS: --loglevel=error
--no-save
--package-lock=false
--ignore-scripts
--omit=dev
--prefer-offline
--fund=false
--audit=false

2026-06-02T04:01:15.6823472Z   COSIGN_VERSION: v3.0.6
2026-06-02T04:01:15.6824897Z   LOCAL_EXPORT_DIR: /tmp/buildx-output
2026-06-02T04:01:15.6826222Z   MATRIX_SIZE_LIMIT: 20
2026-06-02T04:01:15.6827334Z   BUILDX_SEND_GIT_QUERY_AS_INPUT: true
2026-06-02T04:01:15.6828653Z   NPM_CONFIG_FETCH_RETRIES: 5
2026-06-02T04:01:15.6829865Z   INPUT_COSIGN-VERSION: v3.0.6
2026-06-02T04:01:15.6831024Z ##[endgroup]
2026-06-02T04:01:16.2080017Z Use 3.0.6 version spec cache key for v3.0.6
2026-06-02T04:01:16.2091164Z GitHub Actions cache disabled
2026-06-02T04:01:16.2092703Z Downloading https://github.com/sigstore/cosign/releases/download/v3.0.6/cosign-linux-amd64
2026-06-02T04:01:16.9841879Z Downloading keyless verification bundle at https://github.com/sigstore/cosign/releases/download/v3.0.6/cosign-linux-amd64.sigstore.json
2026-06-02T04:01:17.0241270Z Verifying keyless verification bundle signature
2026-06-02T04:01:17.0254082Z Fetching Sigstore TUF trusted root metadata
2026-06-02T04:01:17.1857405Z Verifying artifact signature
2026-06-02T04:01:17.3626957Z Cosign binary signature verified! https://search.sigstore.dev?logIndex=1244817125
2026-06-02T04:01:17.3628618Z Copying /home/runner/work/_temp/e61446fa-eec9-4948-a8f3-17beaecc4ae6 to /home/runner/.bin/3.0.6/linux-x64/cosign
2026-06-02T04:01:17.5325439Z Cached to /home/runner/.bin/3.0.6/linux-x64/cosign
2026-06-02T04:01:17.6380696Z Fixing perms
2026-06-02T04:01:17.6386203Z Added Cosign to PATH
2026-06-02T04:01:17.6387565Z Binary path: /home/runner/work/_temp/docker-actions-toolkit-BnN14J/cosign-bin/cosign
2026-06-02T04:01:17.6422163Z [command]/home/runner/work/_temp/docker-actions-toolkit-BnN14J/cosign-bin/cosign version --json
2026-06-02T04:01:17.6648633Z {
2026-06-02T04:01:17.6649234Z   "gitVersion": "v3.0.6",
2026-06-02T04:01:17.6649749Z   "gitCommit": "f1ad3ee952313be5d74a49d67ba0aa8d0d5e351f",
2026-06-02T04:01:17.6650292Z   "gitTreeState": "clean",
2026-06-02T04:01:17.6650704Z   "buildDate": "2026-04-06T21:39:58Z",
2026-06-02T04:01:17.6651534Z   "goVersion": "go1.25.7",
2026-06-02T04:01:17.6652130Z   "compiler": "gc",
2026-06-02T04:01:17.6652714Z   "platform": "linux/amd64"
2026-06-02T04:01:17.6653262Z }
2026-06-02T04:01:17.6959199Z ##[group]Run actions/github-script@3a2844b7e9c422d3c10d287c895573f7108da1b3
2026-06-02T04:01:17.6959669Z with:
2026-06-02T04:01:17.6961733Z   script: const { OCI } = require('@docker/github-builder-runtime/lib/oci/oci');
const { Sigstore } = require('@docker/github-builder-runtime/lib/sigstore/sigstore');

const sigstore = new Sigstore();

for (const image of core.getMultilineInput('images')) {
  await core.group(`Verifying ${image}`, async () => {
    try {
      await sigstore.verifyImageAttestations(image, {
        certificateIdentityRegexp: `^https://github.com/docker/github-builder(-experimental)?/.github/workflows/bake.yml.*$`,
        platform: OCI.defaultPlatform()
      });
    } catch (error) {
      core.setFailed(error);
      return;
    }
  });
}

2026-06-02T04:01:17.6967067Z   github-token: ***
2026-06-02T04:01:17.6967301Z   debug: false
2026-06-02T04:01:17.6967517Z   user-agent: actions/github-script
2026-06-02T04:01:17.6967794Z   result-encoding: json
2026-06-02T04:01:17.6968052Z   retries: 0
2026-06-02T04:01:17.6968282Z   retry-exempt-status-codes: 400,401,403,404,422
2026-06-02T04:01:17.6968573Z env:
2026-06-02T04:01:17.6968756Z   BUILDX_VERSION: v0.34.1
2026-06-02T04:01:17.6968996Z   BUILDKIT_IMAGE: moby/buildkit:v0.30.0
2026-06-02T04:01:17.6969328Z   SBOM_IMAGE: docker/buildkit-syft-scanner:1.11.0
2026-06-02T04:01:17.6969707Z   BINFMT_IMAGE: tonistiigi/binfmt:qemu-v10.2.1-65
2026-06-02T04:01:17.6970050Z   RUNTIME_MODULE: @docker/github-builder-runtime@0.91.0
2026-06-02T04:01:17.6970722Z   RUNTIME_INSTALL_ARGS: --loglevel=error
--no-save
--package-lock=false
--ignore-scripts
--omit=dev
--prefer-offline
--fund=false
--audit=false

2026-06-02T04:01:17.6971349Z   COSIGN_VERSION: v3.0.6
2026-06-02T04:01:17.6971596Z   LOCAL_EXPORT_DIR: /tmp/buildx-output
2026-06-02T04:01:17.6971868Z   MATRIX_SIZE_LIMIT: 20
2026-06-02T04:01:17.6972108Z   BUILDX_SEND_GIT_QUERY_AS_INPUT: true
2026-06-02T04:01:17.6972388Z   NPM_CONFIG_FETCH_RETRIES: 5
2026-06-02T04:01:17.6972869Z   INPUT_IMAGES: moby/buildkit:v0.30.0
docker/buildkit-syft-scanner:1.11.0
tonistiigi/binfmt:qemu-v10.2.1-65

2026-06-02T04:01:17.6973365Z ##[endgroup]
2026-06-02T04:01:18.1947213Z ##[group]Verifying moby/buildkit:v0.30.0
2026-06-02T04:01:54.4932864Z ##[error]Error: ERROR: failed to do request: Head "https://registry-1.docker.io/v2/moby/buildkit/manifests/v0.30.0": dial tcp 52.205.187.141:443: i/o timeout
2026-06-02T04:01:54.4943169Z ##[endgroup]
2026-06-02T04:01:54.4943810Z ##[group]Verifying docker/buildkit-syft-scanner:1.11.0
2026-06-02T04:02:24.5667482Z ##[error]Error: ERROR: failed to do request: Head "https://registry-1.docker.io/v2/docker/buildkit-syft-scanner/manifests/1.11.0": dial tcp 52.205.187.141:443: i/o timeout
2026-06-02T04:02:24.5669159Z ##[endgroup]
2026-06-02T04:02:24.5669615Z ##[group]Verifying tonistiigi/binfmt:qemu-v10.2.1-65
2026-06-02T04:02:54.7696134Z ##[error]Error: ERROR: failed to do request: Head "https://registry-1.docker.io/v2/tonistiigi/binfmt/manifests/qemu-v10.2.1-65": dial tcp 54.144.228.94:443: i/o timeout
2026-06-02T04:02:54.7698970Z ##[endgroup]
2026-06-02T04:02:54.7914411Z Evaluate and set job outputs
2026-06-02T04:02:54.7921928Z Cleaning up orphan processes
