2026-04-14T07:58:17.1071502Z Current runner version: '2.333.1'
2026-04-14T07:58:17.1097082Z ##[group]Runner Image Provisioner
2026-04-14T07:58:17.1097961Z Hosted Compute Agent
2026-04-14T07:58:17.1098561Z Version: 20260213.493
2026-04-14T07:58:17.1099244Z Commit: 5c115507f6dd24b8de37d8bbe0bb4509d0cc0fa3
2026-04-14T07:58:17.1099963Z Build Date: 2026-02-13T00:28:41Z
2026-04-14T07:58:17.1100672Z Worker ID: {ca4b9e56-b072-4e24-b0aa-7e9c6ec0990b}
2026-04-14T07:58:17.1101363Z Azure Region: eastus2
2026-04-14T07:58:17.1102195Z ##[endgroup]
2026-04-14T07:58:17.1103813Z ##[group]Operating System
2026-04-14T07:58:17.1104439Z Ubuntu
2026-04-14T07:58:17.1105014Z 24.04.4
2026-04-14T07:58:17.1105516Z LTS
2026-04-14T07:58:17.1106016Z ##[endgroup]
2026-04-14T07:58:17.1106638Z ##[group]Runner Image
2026-04-14T07:58:17.1107216Z Image: ubuntu-24.04
2026-04-14T07:58:17.1107707Z Version: 20260406.80.1
2026-04-14T07:58:17.1108968Z Included Software: https://github.com/actions/runner-images/blob/ubuntu24/20260406.80/images/ubuntu/Ubuntu2404-Readme.md
2026-04-14T07:58:17.1110514Z Image Release: https://github.com/actions/runner-images/releases/tag/ubuntu24%2F20260406.80
2026-04-14T07:58:17.1112032Z ##[endgroup]
2026-04-14T07:58:17.1113712Z ##[group]GITHUB_TOKEN Permissions
2026-04-14T07:58:17.1116337Z Contents: read
2026-04-14T07:58:17.1116938Z Metadata: read
2026-04-14T07:58:17.1117437Z ##[endgroup]
2026-04-14T07:58:17.1119978Z Secret source: None
2026-04-14T07:58:17.1120874Z Prepare workflow directory
2026-04-14T07:58:17.1505904Z Prepare all required actions
2026-04-14T07:58:17.1543060Z Getting action download info
2026-04-14T07:58:17.7312012Z Download action repository 'actions/github-script@ed597411d8f924073f98dfc5c65a23a2325f34cd' (SHA:ed597411d8f924073f98dfc5c65a23a2325f34cd)
2026-04-14T07:58:18.1191034Z Download action repository 'docker/metadata-action@030e881283bb7a6894de51c315a6bfe6a94e05cf' (SHA:030e881283bb7a6894de51c315a6bfe6a94e05cf)
2026-04-14T07:58:18.4759295Z Download action repository 'docker/setup-qemu-action@ce360397dd3f832beb865e1373c09c0e9f86d70a' (SHA:ce360397dd3f832beb865e1373c09c0e9f86d70a)
2026-04-14T07:58:18.7659123Z Download action repository 'crazy-max/ghaction-github-runtime@04d248b84655b509d8c44dc1d6f990c879747487' (SHA:04d248b84655b509d8c44dc1d6f990c879747487)
2026-04-14T07:58:18.9829426Z Download action repository 'docker/setup-buildx-action@4d04d5d9486b7bd6fa91e7baf45bbb4f8b9deedd' (SHA:4d04d5d9486b7bd6fa91e7baf45bbb4f8b9deedd)
2026-04-14T07:58:19.2916748Z Download action repository 'docker/login-action@b45d80f862d83dbcd57f89517bcf500b2ab88fb2' (SHA:b45d80f862d83dbcd57f89517bcf500b2ab88fb2)
2026-04-14T07:58:19.5822882Z Download action repository 'docker/bake-action@82490499d2e5613fcead7e128237ef0b0ea210f7' (SHA:82490499d2e5613fcead7e128237ef0b0ea210f7)
2026-04-14T07:58:19.9318802Z Download action repository 'actions/upload-artifact@bbbca2ddaa5d8feaa63e36b76fdaad77386f024f' (SHA:bbbca2ddaa5d8feaa63e36b76fdaad77386f024f)
2026-04-14T07:58:20.2117725Z Uses: docker/github-builder/.github/workflows/bake.yml@2497a7d1e7d8683af4949c9d6d62012bc16ed59c
2026-04-14T07:58:20.2122819Z ##[group] Inputs
2026-04-14T07:58:20.2124094Z   runner: amd64
2026-04-14T07:58:20.2125365Z   distribute: true
2026-04-14T07:58:20.2126126Z   fail-fast: false
2026-04-14T07:58:20.2126861Z   setup-qemu: false
2026-04-14T07:58:20.2127658Z   artifact-name: buildx
2026-04-14T07:58:20.2128522Z   artifact-upload: true
2026-04-14T07:58:20.2129345Z   cache: true
2026-04-14T07:58:20.2130112Z   cache-scope: bin-image
2026-04-14T07:58:20.2130958Z   cache-mode: min
2026-04-14T07:58:20.2131711Z   context: .
2026-04-14T07:58:20.2132421Z   files: 
2026-04-14T07:58:20.2133120Z   output: local
2026-04-14T07:58:20.2134167Z   push: false
2026-04-14T07:58:20.2134846Z   sbom: true
2026-04-14T07:58:20.2135500Z   set: 
2026-04-14T07:58:20.2136129Z   sign: false
2026-04-14T07:58:20.2136806Z   target: release
2026-04-14T07:58:20.2137490Z   vars: 
2026-04-14T07:58:20.2138182Z   set-meta-annotations: false
2026-04-14T07:58:20.2139081Z   set-meta-labels: false
2026-04-14T07:58:20.2140204Z   meta-images: 
2026-04-14T07:58:20.2141068Z   meta-tags: 
2026-04-14T07:58:20.2141758Z   meta-flavor: 
2026-04-14T07:58:20.2142453Z   meta-labels: 
2026-04-14T07:58:20.2143160Z   meta-annotations: 
2026-04-14T07:58:20.2144217Z   meta-bake-target: 
2026-04-14T07:58:20.2144976Z ##[endgroup]
2026-04-14T07:58:20.2145983Z Complete job name: binaries / build (14, openbsd/arm64, ubuntu-24.04)
2026-04-14T07:58:20.2999421Z ##[group]Run actions/github-script@ed597411d8f924073f98dfc5c65a23a2325f34cd
2026-04-14T07:58:20.3001072Z with:
2026-04-14T07:58:20.3002990Z   script: await exec.exec('npm', [
  'install',
  '--prefer-offline',
  '--ignore-scripts',
  core.getInput('dat-module'),
  core.getInput('handlebars-module')
]);

2026-04-14T07:58:20.3005787Z   github-token: ***
2026-04-14T07:58:20.3006521Z   debug: false
2026-04-14T07:58:20.3007272Z   user-agent: actions/github-script
2026-04-14T07:58:20.3008196Z   result-encoding: json
2026-04-14T07:58:20.3008956Z   retries: 0
2026-04-14T07:58:20.3009753Z   retry-exempt-status-codes: 400,401,403,404,422
2026-04-14T07:58:20.3011115Z env:
2026-04-14T07:58:20.3011790Z   BUILDX_VERSION: v0.32.1
2026-04-14T07:58:20.3012643Z   BUILDKIT_IMAGE: moby/buildkit:v0.28.1
2026-04-14T07:58:20.3013861Z   SBOM_IMAGE: docker/buildkit-syft-scanner:1.10.0
2026-04-14T07:58:20.3014997Z   BINFMT_IMAGE: tonistiigi/binfmt:qemu-v10.2.1-65
2026-04-14T07:58:20.3016329Z   DOCKER_ACTIONS_TOOLKIT_MODULE: @docker/actions-toolkit@0.85.0
2026-04-14T07:58:20.3017556Z   HANDLEBARS_MODULE: handlebars@4.7.8
2026-04-14T07:58:20.3018478Z   COSIGN_VERSION: v3.0.2
2026-04-14T07:58:20.3019318Z   LOCAL_EXPORT_DIR: /tmp/buildx-output
2026-04-14T07:58:20.3020254Z   MATRIX_SIZE_LIMIT: 20
2026-04-14T07:58:20.3021064Z   BUILDX_SEND_GIT_QUERY_AS_INPUT: true
2026-04-14T07:58:20.3022114Z   INPUT_DAT-MODULE: @docker/actions-toolkit@0.85.0
2026-04-14T07:58:20.3023245Z   INPUT_HANDLEBARS-MODULE: handlebars@4.7.8
2026-04-14T07:58:20.3024601Z ##[endgroup]
2026-04-14T07:58:20.3860071Z [command]/usr/local/bin/npm install --prefer-offline --ignore-scripts @docker/actions-toolkit@0.85.0 handlebars@4.7.8
2026-04-14T07:58:29.5934759Z npm warn deprecated glob@10.5.0: Old versions of glob are not supported, and contain widely publicized security vulnerabilities, which have been fixed in the current version. Please update. Support for old versions may be purchased (at exorbitant rates) by contacting i@izs.me
2026-04-14T07:58:31.0935238Z npm error code ECONNRESET
2026-04-14T07:58:31.0936280Z npm error network aborted
2026-04-14T07:58:31.0938095Z npm error network This is a problem related to network connectivity.
2026-04-14T07:58:31.0939636Z npm error network In most cases you are behind a proxy or have bad network settings.
2026-04-14T07:58:31.0940731Z npm error network
2026-04-14T07:58:31.0941617Z npm error network If you are behind a proxy, please make sure that the
2026-04-14T07:58:31.0942823Z npm error network 'proxy' config is set properly.  See: 'npm help config'
2026-04-14T07:58:31.0950262Z npm error A complete log of this run can be found in: /home/runner/.npm/_logs/2026-04-14T07_58_20_772Z-debug-0.log
2026-04-14T07:58:31.1174232Z Error: The process '/usr/local/bin/npm' failed with exit code 1
2026-04-14T07:58:31.1175423Z     at ExecState._setResult (/home/runner/work/_actions/actions/github-script/ed597411d8f924073f98dfc5c65a23a2325f34cd/dist/index.js:1702:25)
2026-04-14T07:58:31.1177198Z     at ExecState.CheckComplete (/home/runner/work/_actions/actions/github-script/ed597411d8f924073f98dfc5c65a23a2325f34cd/dist/index.js:1685:18)
2026-04-14T07:58:31.1178967Z     at ChildProcess.<anonymous> (/home/runner/work/_actions/actions/github-script/ed597411d8f924073f98dfc5c65a23a2325f34cd/dist/index.js:1579:27)
2026-04-14T07:58:31.1180048Z     at ChildProcess.emit (node:events:508:28)
2026-04-14T07:58:31.1181357Z     at maybeClose (node:internal/child_process:1100:16)
2026-04-14T07:58:31.1181852Z     at ChildProcess._handle.onexit (node:internal/child_process:305:5)
2026-04-14T07:58:31.1218457Z ##[error]Unhandled error: Error: The process '/usr/local/bin/npm' failed with exit code 1
2026-04-14T07:58:31.1490470Z Evaluate and set job outputs
2026-04-14T07:58:31.1501959Z Cleaning up orphan processes
