2026-05-08T00:32:03.2460698Z Current runner version: '2.334.0'
2026-05-08T00:32:03.2493678Z ##[group]Runner Image Provisioner
2026-05-08T00:32:03.2494658Z Hosted Compute Agent
2026-05-08T00:32:03.2495345Z Version: 20260213.493
2026-05-08T00:32:03.2496002Z Commit: 5c115507f6dd24b8de37d8bbe0bb4509d0cc0fa3
2026-05-08T00:32:03.2496725Z Build Date: 2026-02-13T00:28:41Z
2026-05-08T00:32:03.2497497Z Worker ID: {3cf2d5a6-93e0-48a3-ae0a-800688aefc1d}
2026-05-08T00:32:03.2498225Z Azure Region: northcentralus
2026-05-08T00:32:03.2498825Z ##[endgroup]
2026-05-08T00:32:03.2501029Z ##[group]VM Image
2026-05-08T00:32:03.2501630Z - OS: Linux (arm64)
2026-05-08T00:32:03.2502353Z - Source: Partner
2026-05-08T00:32:03.2503415Z - Name: Ubuntu 24.04 by Arm Limited
2026-05-08T00:32:03.2504087Z - Version: 20260318.59.1
2026-05-08T00:32:03.2505116Z - Included Software: https://github.com/actions/partner-runner-images/blob/main/images/arm-ubuntu-24-image.md
2026-05-08T00:32:03.2506151Z ##[endgroup]
2026-05-08T00:32:03.2507623Z ##[group]GITHUB_TOKEN Permissions
2026-05-08T00:32:03.2510961Z Contents: read
2026-05-08T00:32:03.2511699Z Metadata: read
2026-05-08T00:32:03.2512263Z ##[endgroup]
2026-05-08T00:32:03.2515823Z Secret source: Actions
2026-05-08T00:32:03.2516890Z Prepare workflow directory
2026-05-08T00:32:03.2976738Z Prepare all required actions
2026-05-08T00:32:03.3016234Z Getting action download info
2026-05-08T00:32:03.7595374Z Download action repository 'actions/github-script@3a2844b7e9c422d3c10d287c895573f7108da1b3' (SHA:3a2844b7e9c422d3c10d287c895573f7108da1b3)
2026-05-08T00:32:04.3287402Z Download action repository 'docker/metadata-action@030e881283bb7a6894de51c315a6bfe6a94e05cf' (SHA:030e881283bb7a6894de51c315a6bfe6a94e05cf)
2026-05-08T00:32:04.6926463Z Download action repository 'docker/setup-qemu-action@ce360397dd3f832beb865e1373c09c0e9f86d70a' (SHA:ce360397dd3f832beb865e1373c09c0e9f86d70a)
2026-05-08T00:32:04.9394343Z Download action repository 'crazy-max/ghaction-github-runtime@04d248b84655b509d8c44dc1d6f990c879747487' (SHA:04d248b84655b509d8c44dc1d6f990c879747487)
2026-05-08T00:32:05.3441570Z Download action repository 'docker/setup-buildx-action@4d04d5d9486b7bd6fa91e7baf45bbb4f8b9deedd' (SHA:4d04d5d9486b7bd6fa91e7baf45bbb4f8b9deedd)
2026-05-08T00:32:05.6482361Z Download action repository 'docker/login-action@4907a6ddec9925e35a0a9e82d7399ccc52663121' (SHA:4907a6ddec9925e35a0a9e82d7399ccc52663121)
2026-05-08T00:32:05.9955919Z Download action repository 'docker/bake-action@a66e1c87e2eca0503c343edf1d208c716d54b8a8' (SHA:a66e1c87e2eca0503c343edf1d208c716d54b8a8)
2026-05-08T00:32:06.3105830Z Download action repository 'actions/upload-artifact@043fb46d1a93c77aae656e7c1c64a875d1fc6a0a' (SHA:043fb46d1a93c77aae656e7c1c64a875d1fc6a0a)
2026-05-08T00:32:06.7763389Z Uses: docker/github-builder/.github/workflows/bake.yml@c2782c55efa56a01b9c30021db8f5ec3993228a3
2026-05-08T00:32:06.7768073Z ##[group] Inputs
2026-05-08T00:32:06.7768653Z   runner: default=ubuntu-24.04
linux/arm=ubuntu-24.04-arm
linux/arm64=ubuntu-24.04-arm

2026-05-08T00:32:06.7769701Z   distribute: true
2026-05-08T00:32:06.7770170Z   fail-fast: false
2026-05-08T00:32:06.7770462Z   setup-qemu: true
2026-05-08T00:32:06.7770853Z   artifact-name: docker-github-builder-assets
2026-05-08T00:32:06.7771231Z   artifact-upload: false
2026-05-08T00:32:06.7771540Z   cache: true
2026-05-08T00:32:06.7771826Z   cache-scope: bin-image
2026-05-08T00:32:06.7772127Z   cache-mode: min
2026-05-08T00:32:06.7772388Z   context: .
2026-05-08T00:32:06.7772942Z   files: 
2026-05-08T00:32:06.7773250Z   output: image
2026-05-08T00:32:06.7773534Z   push: true
2026-05-08T00:32:06.7773863Z   sbom: false
2026-05-08T00:32:06.7774117Z   set: 
2026-05-08T00:32:06.7774329Z   sign: auto
2026-05-08T00:32:06.7774668Z   target: bin-image-cross
2026-05-08T00:32:06.7775499Z   vars: DOCKER_GITCOMMIT=fb7c8e13cf95ed56d9f031392131677d4ee444e9
VERSION=refs/heads/master
PLATFORM=Moby Engine - Nightly
PRODUCT=moby-bin
PACKAGER_NAME=The Moby Project

2026-05-08T00:32:06.7776337Z   set-meta-annotations: false
2026-05-08T00:32:06.7777053Z   set-meta-labels: false
2026-05-08T00:32:06.7777539Z   meta-images: moby/moby-bin

2026-05-08T00:32:06.7778477Z   meta-tags: type=ref,event=branch
type=ref,event=pr
type=semver,pattern={{version}},match=docker-(.*)
type=semver,pattern={{major}}.{{minor}},match=docker-(.*)
type=semver,pattern={{major}},match=docker-(.*)

2026-05-08T00:32:06.7779320Z   meta-flavor: 
2026-05-08T00:32:06.7779557Z   meta-labels: 
2026-05-08T00:32:06.7779922Z   meta-annotations: 
2026-05-08T00:32:06.7780177Z   meta-bake-target: 
2026-05-08T00:32:06.7780466Z ##[endgroup]
2026-05-08T00:32:06.7780925Z Complete job name: build / build (3, linux/arm64, ubuntu-24.04-arm)
2026-05-08T00:32:06.8562157Z ##[group]Run actions/github-script@3a2844b7e9c422d3c10d287c895573f7108da1b3
2026-05-08T00:32:06.8563837Z with:
2026-05-08T00:32:06.8565159Z   script: const runnerEnvironment = core.getInput('runner-environment');
const runnerOS = core.getInput('runner-os');
if (runnerEnvironment !== 'github-hosted' || runnerOS !== 'Linux') {
  core.setFailed(`This workflow requires a GitHub-hosted Linux runner, got: environment=${runnerEnvironment || 'unknown'}, os=${runnerOS || 'unknown'}`);
}

2026-05-08T00:32:06.8567016Z   github-token: ***
2026-05-08T00:32:06.8567464Z   debug: false
2026-05-08T00:32:06.8567767Z   user-agent: actions/github-script
2026-05-08T00:32:06.8568128Z   result-encoding: json
2026-05-08T00:32:06.8568369Z   retries: 0
2026-05-08T00:32:06.8568634Z   retry-exempt-status-codes: 400,401,403,404,422
2026-05-08T00:32:06.8569483Z env:
2026-05-08T00:32:06.8569769Z   BUILDX_VERSION: v0.33.0
2026-05-08T00:32:06.8570117Z   BUILDKIT_IMAGE: moby/buildkit:v0.29.0
2026-05-08T00:32:06.8570666Z   SBOM_IMAGE: docker/buildkit-syft-scanner:1.11.0
2026-05-08T00:32:06.8571057Z   BINFMT_IMAGE: tonistiigi/binfmt:qemu-v10.2.1-65
2026-05-08T00:32:06.8571532Z   DOCKER_ACTIONS_TOOLKIT_MODULE: @docker/actions-toolkit@0.89.1
2026-05-08T00:32:06.8571937Z   COSIGN_VERSION: v3.0.6
2026-05-08T00:32:06.8572223Z   LOCAL_EXPORT_DIR: /tmp/buildx-output
2026-05-08T00:32:06.8572824Z   MATRIX_SIZE_LIMIT: 20
2026-05-08T00:32:06.8573148Z   BUILDX_SEND_GIT_QUERY_AS_INPUT: true
2026-05-08T00:32:06.8573460Z   NPM_CONFIG_FETCH_RETRIES: 5
2026-05-08T00:32:06.8573842Z   INPUT_RUNNER-ENVIRONMENT: github-hosted
2026-05-08T00:32:06.8574203Z   INPUT_RUNNER-OS: Linux
2026-05-08T00:32:06.8574506Z ##[endgroup]
2026-05-08T00:32:06.9628872Z ##[group]Run actions/github-script@3a2844b7e9c422d3c10d287c895573f7108da1b3
2026-05-08T00:32:06.9629405Z with:
2026-05-08T00:32:06.9630036Z   script: await exec.exec('npm', [
  'install',
  '--prefer-offline',
  '--ignore-scripts',
  core.getInput('dat-module')
]);

2026-05-08T00:32:06.9630867Z   github-token: ***
2026-05-08T00:32:06.9631247Z   debug: false
2026-05-08T00:32:06.9631566Z   user-agent: actions/github-script
2026-05-08T00:32:06.9631915Z   result-encoding: json
2026-05-08T00:32:06.9632240Z   retries: 0
2026-05-08T00:32:06.9632947Z   retry-exempt-status-codes: 400,401,403,404,422
2026-05-08T00:32:06.9633327Z env:
2026-05-08T00:32:06.9633685Z   BUILDX_VERSION: v0.33.0
2026-05-08T00:32:06.9633999Z   BUILDKIT_IMAGE: moby/buildkit:v0.29.0
2026-05-08T00:32:06.9634399Z   SBOM_IMAGE: docker/buildkit-syft-scanner:1.11.0
2026-05-08T00:32:06.9634857Z   BINFMT_IMAGE: tonistiigi/binfmt:qemu-v10.2.1-65
2026-05-08T00:32:06.9635390Z   DOCKER_ACTIONS_TOOLKIT_MODULE: @docker/actions-toolkit@0.89.1
2026-05-08T00:32:06.9635868Z   COSIGN_VERSION: v3.0.6
2026-05-08T00:32:06.9636164Z   LOCAL_EXPORT_DIR: /tmp/buildx-output
2026-05-08T00:32:06.9636516Z   MATRIX_SIZE_LIMIT: 20
2026-05-08T00:32:06.9636853Z   BUILDX_SEND_GIT_QUERY_AS_INPUT: true
2026-05-08T00:32:06.9637184Z   NPM_CONFIG_FETCH_RETRIES: 5
2026-05-08T00:32:06.9637598Z   INPUT_DAT-MODULE: @docker/actions-toolkit@0.89.1
2026-05-08T00:32:06.9637956Z ##[endgroup]
2026-05-08T00:32:07.0499067Z [command]/usr/local/bin/npm install --prefer-offline --ignore-scripts @docker/actions-toolkit@0.89.1
2026-05-08T00:32:17.1934846Z npm warn deprecated glob@10.5.0: Old versions of glob are not supported, and contain widely publicized security vulnerabilities, which have been fixed in the current version. Please update. Support for old versions may be purchased (at exorbitant rates) by contacting i@izs.me
2026-05-08T00:32:18.2337620Z 
2026-05-08T00:32:18.2338753Z added 243 packages in 9s
2026-05-08T00:32:18.2339507Z 
2026-05-08T00:32:18.2340079Z 30 packages are looking for funding
2026-05-08T00:32:18.2340869Z   run `npm fund` for details
2026-05-08T00:32:18.2673101Z ##[group]Run docker/metadata-action@030e881283bb7a6894de51c315a6bfe6a94e05cf
2026-05-08T00:32:18.2673765Z with:
2026-05-08T00:32:18.2674020Z   images: moby/moby-bin
2026-05-08T00:32:18.2674797Z   tags: type=ref,event=branch
type=ref,event=pr
type=semver,pattern={{version}},match=docker-(.*)
type=semver,pattern={{major}}.{{minor}},match=docker-(.*)
type=semver,pattern={{major}},match=docker-(.*)

2026-05-08T00:32:18.2675671Z   context: workflow
2026-05-08T00:32:18.2676204Z   github-token: ***
2026-05-08T00:32:18.2676525Z env:
2026-05-08T00:32:18.2676795Z   BUILDX_VERSION: v0.33.0
2026-05-08T00:32:18.2677094Z   BUILDKIT_IMAGE: moby/buildkit:v0.29.0
2026-05-08T00:32:18.2677517Z   SBOM_IMAGE: docker/buildkit-syft-scanner:1.11.0
2026-05-08T00:32:18.2677997Z   BINFMT_IMAGE: tonistiigi/binfmt:qemu-v10.2.1-65
2026-05-08T00:32:18.2678393Z   DOCKER_ACTIONS_TOOLKIT_MODULE: @docker/actions-toolkit@0.89.1
2026-05-08T00:32:18.2678806Z   COSIGN_VERSION: v3.0.6
2026-05-08T00:32:18.2679153Z   LOCAL_EXPORT_DIR: /tmp/buildx-output
2026-05-08T00:32:18.2679503Z   MATRIX_SIZE_LIMIT: 20
2026-05-08T00:32:18.2679825Z   BUILDX_SEND_GIT_QUERY_AS_INPUT: true
2026-05-08T00:32:18.2680130Z   NPM_CONFIG_FETCH_RETRIES: 5
2026-05-08T00:32:18.2680479Z ##[endgroup]
2026-05-08T00:32:18.7290203Z ##[group]Context info
2026-05-08T00:32:18.7290826Z eventName: push
2026-05-08T00:32:18.7291342Z sha: fb7c8e13cf95ed56d9f031392131677d4ee444e9
2026-05-08T00:32:18.7291683Z ref: refs/heads/master
2026-05-08T00:32:18.7292013Z workflow: bin-image
2026-05-08T00:32:18.7292293Z action: meta
2026-05-08T00:32:18.7292559Z actor: thaJeztah
2026-05-08T00:32:18.7293137Z runNumber: 18989
2026-05-08T00:32:18.7293499Z runId: 25529705323
2026-05-08T00:32:18.7293854Z commitDate: Fri May 08 2026 00:30:39 GMT+0000 (Coordinated Universal Time)
2026-05-08T00:32:18.7294907Z ##[endgroup]
2026-05-08T00:32:18.7295480Z ##[group]Processing images input
2026-05-08T00:32:18.7295905Z name=moby/moby-bin,enable=true
2026-05-08T00:32:18.7296390Z ##[endgroup]
2026-05-08T00:32:18.7305429Z ##[group]Processing tags input
2026-05-08T00:32:18.7306328Z type=semver,pattern={{version}},match=docker-(.*),value=,enable=true,priority=900
2026-05-08T00:32:18.7307018Z type=semver,pattern={{major}}.{{minor}},match=docker-(.*),value=,enable=true,priority=900
2026-05-08T00:32:18.7307622Z type=semver,pattern={{major}},match=docker-(.*),value=,enable=true,priority=900
2026-05-08T00:32:18.7308118Z type=ref,event=branch,enable=true,priority=600
2026-05-08T00:32:18.7308559Z type=ref,event=pr,prefix=pr-,enable=true,priority=600
2026-05-08T00:32:18.7309106Z ##[endgroup]
2026-05-08T00:32:18.7309584Z ##[group]Processing flavor input
2026-05-08T00:32:18.7309911Z latest=auto
2026-05-08T00:32:18.7310171Z prefix=
2026-05-08T00:32:18.7310455Z prefixLatest=false
2026-05-08T00:32:18.7310683Z suffix=
2026-05-08T00:32:18.7310932Z suffixLatest=false
2026-05-08T00:32:18.7311405Z ##[endgroup]
2026-05-08T00:32:18.7342031Z ##[group]Docker image version
2026-05-08T00:32:18.7342392Z master
2026-05-08T00:32:18.7343177Z ##[endgroup]
2026-05-08T00:32:18.7347126Z ##[group]Docker tags
2026-05-08T00:32:18.7349146Z moby/moby-bin:master
2026-05-08T00:32:18.7350874Z ##[endgroup]
2026-05-08T00:32:18.7428973Z ##[group]Docker labels
2026-05-08T00:32:18.7429435Z org.opencontainers.image.created=2026-05-08T00:32:18.730Z
2026-05-08T00:32:18.7430452Z org.opencontainers.image.description=The Moby Project - a collaborative project for the container ecosystem to assemble container-based systems
2026-05-08T00:32:18.7431147Z org.opencontainers.image.licenses=Apache-2.0
2026-05-08T00:32:18.7431696Z org.opencontainers.image.revision=fb7c8e13cf95ed56d9f031392131677d4ee444e9
2026-05-08T00:32:18.7432580Z org.opencontainers.image.source=https://github.com/moby/moby
2026-05-08T00:32:18.7434631Z org.opencontainers.image.title=moby
2026-05-08T00:32:18.7435103Z org.opencontainers.image.url=https://github.com/moby/moby
2026-05-08T00:32:18.7435576Z org.opencontainers.image.version=master
2026-05-08T00:32:18.7436342Z ##[endgroup]
2026-05-08T00:32:18.7437134Z ##[group]Annotations
2026-05-08T00:32:18.7437524Z manifest:org.opencontainers.image.created=2026-05-08T00:32:18.730Z
2026-05-08T00:32:18.7438411Z manifest:org.opencontainers.image.description=The Moby Project - a collaborative project for the container ecosystem to assemble container-based systems
2026-05-08T00:32:18.7439181Z manifest:org.opencontainers.image.licenses=Apache-2.0
2026-05-08T00:32:18.7439699Z manifest:org.opencontainers.image.revision=fb7c8e13cf95ed56d9f031392131677d4ee444e9
2026-05-08T00:32:18.7440264Z manifest:org.opencontainers.image.source=https://github.com/moby/moby
2026-05-08T00:32:18.7440711Z manifest:org.opencontainers.image.title=moby
2026-05-08T00:32:18.7441152Z manifest:org.opencontainers.image.url=https://github.com/moby/moby
2026-05-08T00:32:18.7441626Z manifest:org.opencontainers.image.version=master
2026-05-08T00:32:18.7442212Z ##[endgroup]
2026-05-08T00:32:18.7442965Z ##[group]JSON output
2026-05-08T00:32:18.7443292Z {
2026-05-08T00:32:18.7443562Z   "tags": [
2026-05-08T00:32:18.7443818Z     "moby/moby-bin:master"
2026-05-08T00:32:18.7444139Z   ],
2026-05-08T00:32:18.7444360Z   "tag-names": [
2026-05-08T00:32:18.7444600Z     "master"
2026-05-08T00:32:18.7444866Z   ],
2026-05-08T00:32:18.7445104Z   "labels": {
2026-05-08T00:32:18.7445406Z     "org.opencontainers.image.created": "2026-05-08T00:32:18.730Z",
2026-05-08T00:32:18.7446238Z     "org.opencontainers.image.description": "The Moby Project - a collaborative project for the container ecosystem to assemble container-based systems",
2026-05-08T00:32:18.7446983Z     "org.opencontainers.image.licenses": "Apache-2.0",
2026-05-08T00:32:18.7447524Z     "org.opencontainers.image.revision": "fb7c8e13cf95ed56d9f031392131677d4ee444e9",
2026-05-08T00:32:18.7448143Z     "org.opencontainers.image.source": "https://github.com/moby/moby",
2026-05-08T00:32:18.7448585Z     "org.opencontainers.image.title": "moby",
2026-05-08T00:32:18.7449023Z     "org.opencontainers.image.url": "https://github.com/moby/moby",
2026-05-08T00:32:18.7449486Z     "org.opencontainers.image.version": "master"
2026-05-08T00:32:18.7449792Z   },
2026-05-08T00:32:18.7450086Z   "annotations": [
2026-05-08T00:32:18.7450434Z     "manifest:org.opencontainers.image.created=2026-05-08T00:32:18.730Z",
2026-05-08T00:32:18.7451268Z     "manifest:org.opencontainers.image.description=The Moby Project - a collaborative project for the container ecosystem to assemble container-based systems",
2026-05-08T00:32:18.7452046Z     "manifest:org.opencontainers.image.licenses=Apache-2.0",
2026-05-08T00:32:18.7452562Z     "manifest:org.opencontainers.image.revision=fb7c8e13cf95ed56d9f031392131677d4ee444e9",
2026-05-08T00:32:18.7453419Z     "manifest:org.opencontainers.image.source=https://github.com/moby/moby",
2026-05-08T00:32:18.7453939Z     "manifest:org.opencontainers.image.title=moby",
2026-05-08T00:32:18.7454373Z     "manifest:org.opencontainers.image.url=https://github.com/moby/moby",
2026-05-08T00:32:18.7454893Z     "manifest:org.opencontainers.image.version=master"
2026-05-08T00:32:18.7455244Z   ]
2026-05-08T00:32:18.7455434Z }
2026-05-08T00:32:18.7455982Z ##[endgroup]
2026-05-08T00:32:18.7456576Z ##[group]Bake file definition (tags)
2026-05-08T00:32:18.7456882Z {
2026-05-08T00:32:18.7457083Z   "target": {
2026-05-08T00:32:18.7457403Z     "docker-metadata-action": {
2026-05-08T00:32:18.7457663Z       "tags": [
2026-05-08T00:32:18.7457906Z         "moby/moby-bin:master"
2026-05-08T00:32:18.7458225Z       ],
2026-05-08T00:32:18.7458433Z       "args": {
2026-05-08T00:32:18.7458674Z         "DOCKER_META_IMAGES": "moby/moby-bin",
2026-05-08T00:32:18.7459080Z         "DOCKER_META_VERSION": "master"
2026-05-08T00:32:18.7459619Z       }
2026-05-08T00:32:18.7459866Z     }
2026-05-08T00:32:18.7460227Z   }
2026-05-08T00:32:18.7460477Z }
2026-05-08T00:32:18.7460973Z ##[endgroup]
2026-05-08T00:32:18.7461390Z ##[group]Bake file definition (labels)
2026-05-08T00:32:18.7461731Z {
2026-05-08T00:32:18.7461947Z   "target": {
2026-05-08T00:32:18.7462216Z     "docker-metadata-action": {
2026-05-08T00:32:18.7463038Z       "labels": {
2026-05-08T00:32:18.7463470Z         "org.opencontainers.image.created": "2026-05-08T00:32:18.730Z",
2026-05-08T00:32:18.7464335Z         "org.opencontainers.image.description": "The Moby Project - a collaborative project for the container ecosystem to assemble container-based systems",
2026-05-08T00:32:18.7465110Z         "org.opencontainers.image.licenses": "Apache-2.0",
2026-05-08T00:32:18.7465648Z         "org.opencontainers.image.revision": "fb7c8e13cf95ed56d9f031392131677d4ee444e9",
2026-05-08T00:32:18.7466283Z         "org.opencontainers.image.source": "https://github.com/moby/moby",
2026-05-08T00:32:18.7466767Z         "org.opencontainers.image.title": "moby",
2026-05-08T00:32:18.7467194Z         "org.opencontainers.image.url": "https://github.com/moby/moby",
2026-05-08T00:32:18.7467709Z         "org.opencontainers.image.version": "master"
2026-05-08T00:32:18.7468054Z       }
2026-05-08T00:32:18.7468250Z     }
2026-05-08T00:32:18.7468537Z   }
2026-05-08T00:32:18.7468757Z }
2026-05-08T00:32:18.7469262Z ##[endgroup]
2026-05-08T00:32:18.7469719Z ##[group]Bake file definition (annotations)
2026-05-08T00:32:18.7470093Z {
2026-05-08T00:32:18.7470312Z   "target": {
2026-05-08T00:32:18.7470552Z     "docker-metadata-action": {
2026-05-08T00:32:18.7470891Z       "annotations": [
2026-05-08T00:32:18.7471316Z         "manifest:org.opencontainers.image.created=2026-05-08T00:32:18.730Z",
2026-05-08T00:32:18.7472148Z         "manifest:org.opencontainers.image.description=The Moby Project - a collaborative project for the container ecosystem to assemble container-based systems",
2026-05-08T00:32:18.7473356Z         "manifest:org.opencontainers.image.licenses=Apache-2.0",
2026-05-08T00:32:18.7473888Z         "manifest:org.opencontainers.image.revision=fb7c8e13cf95ed56d9f031392131677d4ee444e9",
2026-05-08T00:32:18.7474488Z         "manifest:org.opencontainers.image.source=https://github.com/moby/moby",
2026-05-08T00:32:18.7475027Z         "manifest:org.opencontainers.image.title=moby",
2026-05-08T00:32:18.7475522Z         "manifest:org.opencontainers.image.url=https://github.com/moby/moby",
2026-05-08T00:32:18.7476039Z         "manifest:org.opencontainers.image.version=master"
2026-05-08T00:32:18.7476393Z       ]
2026-05-08T00:32:18.7476622Z     }
2026-05-08T00:32:18.7476909Z   }
2026-05-08T00:32:18.7477158Z }
2026-05-08T00:32:18.7477634Z ##[endgroup]
2026-05-08T00:32:18.7746704Z ##[group]Run docker/setup-qemu-action@ce360397dd3f832beb865e1373c09c0e9f86d70a
2026-05-08T00:32:18.7747228Z with:
2026-05-08T00:32:18.7747638Z   image: tonistiigi/binfmt:qemu-v10.2.1-65
2026-05-08T00:32:18.7747972Z   cache-image: false
2026-05-08T00:32:18.7748291Z   platforms: all
2026-05-08T00:32:18.7748548Z env:
2026-05-08T00:32:18.7748776Z   BUILDX_VERSION: v0.33.0
2026-05-08T00:32:18.7749141Z   BUILDKIT_IMAGE: moby/buildkit:v0.29.0
2026-05-08T00:32:18.7749498Z   SBOM_IMAGE: docker/buildkit-syft-scanner:1.11.0
2026-05-08T00:32:18.7749863Z   BINFMT_IMAGE: tonistiigi/binfmt:qemu-v10.2.1-65
2026-05-08T00:32:18.7750323Z   DOCKER_ACTIONS_TOOLKIT_MODULE: @docker/actions-toolkit@0.89.1
2026-05-08T00:32:18.7750705Z   COSIGN_VERSION: v3.0.6
2026-05-08T00:32:18.7751004Z   LOCAL_EXPORT_DIR: /tmp/buildx-output
2026-05-08T00:32:18.7751377Z   MATRIX_SIZE_LIMIT: 20
2026-05-08T00:32:18.7751658Z   BUILDX_SEND_GIT_QUERY_AS_INPUT: true
2026-05-08T00:32:18.7752006Z   NPM_CONFIG_FETCH_RETRIES: 5
2026-05-08T00:32:18.7752378Z   DOCKER_METADATA_OUTPUT_VERSION: master
2026-05-08T00:32:18.7753015Z   DOCKER_METADATA_OUTPUT_TAGS: moby/moby-bin:master
2026-05-08T00:32:18.7753425Z   DOCKER_METADATA_OUTPUT_TAG_NAMES: master
2026-05-08T00:32:18.7755490Z   DOCKER_METADATA_OUTPUT_LABELS: org.opencontainers.image.created=2026-05-08T00:32:18.730Z
org.opencontainers.image.description=The Moby Project - a collaborative project for the container ecosystem to assemble container-based systems
org.opencontainers.image.licenses=Apache-2.0
org.opencontainers.image.revision=fb7c8e13cf95ed56d9f031392131677d4ee444e9
org.opencontainers.image.source=https://github.com/moby/moby
org.opencontainers.image.title=moby
org.opencontainers.image.url=https://github.com/moby/moby
org.opencontainers.image.version=master
2026-05-08T00:32:18.7759916Z   DOCKER_METADATA_OUTPUT_ANNOTATIONS: manifest:org.opencontainers.image.created=2026-05-08T00:32:18.730Z
manifest:org.opencontainers.image.description=The Moby Project - a collaborative project for the container ecosystem to assemble container-based systems
manifest:org.opencontainers.image.licenses=Apache-2.0
manifest:org.opencontainers.image.revision=fb7c8e13cf95ed56d9f031392131677d4ee444e9
manifest:org.opencontainers.image.source=https://github.com/moby/moby
manifest:org.opencontainers.image.title=moby
manifest:org.opencontainers.image.url=https://github.com/moby/moby
manifest:org.opencontainers.image.version=master
2026-05-08T00:32:18.7766451Z   DOCKER_METADATA_OUTPUT_JSON: {"tags":["moby/moby-bin:master"],"tag-names":["master"],"labels":{"org.opencontainers.image.created":"2026-05-08T00:32:18.730Z","org.opencontainers.image.description":"The Moby Project - a collaborative project for the container ecosystem to assemble container-based systems","org.opencontainers.image.licenses":"Apache-2.0","org.opencontainers.image.revision":"fb7c8e13cf95ed56d9f031392131677d4ee444e9","org.opencontainers.image.source":"https://github.com/moby/moby","org.opencontainers.image.title":"moby","org.opencontainers.image.url":"https://github.com/moby/moby","org.opencontainers.image.version":"master"},"annotations":["manifest:org.opencontainers.image.created=2026-05-08T00:32:18.730Z","manifest:org.opencontainers.image.description=The Moby Project - a collaborative project for the container ecosystem to assemble container-based systems","manifest:org.opencontainers.image.licenses=Apache-2.0","manifest:org.opencontainers.image.revision=fb7c8e13cf95ed56d9f031392131677d4ee444e9","manifest:org.opencontainers.image.source=https://github.com/moby/moby","manifest:org.opencontainers.image.title=moby","manifest:org.opencontainers.image.url=https://github.com/moby/moby","manifest:org.opencontainers.image.version=master"]}
2026-05-08T00:32:18.7771383Z   DOCKER_METADATA_OUTPUT_BAKE_FILE_TAGS: /home/runner/work/_temp/docker-actions-toolkit-GY0zpw/docker-metadata-action-bake-tags.json
2026-05-08T00:32:18.7772534Z   DOCKER_METADATA_OUTPUT_BAKE_FILE_LABELS: /home/runner/work/_temp/docker-actions-toolkit-GY0zpw/docker-metadata-action-bake-labels.json
2026-05-08T00:32:18.7773760Z   DOCKER_METADATA_OUTPUT_BAKE_FILE_ANNOTATIONS: /home/runner/work/_temp/docker-actions-toolkit-GY0zpw/docker-metadata-action-bake-annotations.json
2026-05-08T00:32:18.7774733Z   DOCKER_METADATA_OUTPUT_BAKE_FILE: /home/runner/work/_temp/docker-actions-toolkit-GY0zpw/docker-metadata-action-bake.json
2026-05-08T00:32:18.7775294Z ##[endgroup]
2026-05-08T00:32:18.8893650Z ##[group]Docker info
2026-05-08T00:32:18.8929504Z [command]/usr/bin/docker version
2026-05-08T00:32:19.7796053Z Client: Docker Engine - Community
2026-05-08T00:32:19.7796490Z  Version:           28.0.4
2026-05-08T00:32:19.7796777Z  API version:       1.48
2026-05-08T00:32:19.7797094Z  Go version:        go1.23.7
2026-05-08T00:32:19.7797433Z  Git commit:        b8034c0
2026-05-08T00:32:19.7797696Z  Built:             Tue Mar 25 15:07:55 2025
2026-05-08T00:32:19.7798101Z  OS/Arch:           linux/arm64
2026-05-08T00:32:19.7798389Z  Context:           default
2026-05-08T00:32:19.7798545Z 
2026-05-08T00:32:19.7799522Z Server: Docker Engine - Community
2026-05-08T00:32:19.7800514Z  Engine:
2026-05-08T00:32:19.7800892Z   Version:          28.0.4
2026-05-08T00:32:19.7801351Z   API version:      1.48 (minimum version 1.24)
2026-05-08T00:32:19.7801718Z   Go version:       go1.23.7
2026-05-08T00:32:19.7802455Z   Git commit:       6430e49
2026-05-08T00:32:19.7803096Z   Built:            Tue Mar 25 15:07:55 2025
2026-05-08T00:32:19.7803462Z   OS/Arch:          linux/arm64
2026-05-08T00:32:19.7803725Z   Experimental:     false
2026-05-08T00:32:19.7804040Z  containerd:
2026-05-08T00:32:19.7804272Z   Version:          v2.2.1
2026-05-08T00:32:19.7804620Z   GitCommit:        dea7da592f5d1d2b7755e3a161be07f43fad8f75
2026-05-08T00:32:19.7804996Z  runc:
2026-05-08T00:32:19.7805221Z   Version:          1.3.4
2026-05-08T00:32:19.7805504Z   GitCommit:        v1.3.4-0-gd6d73eb8
2026-05-08T00:32:19.7813917Z  docker-init:
2026-05-08T00:32:19.7814253Z   Version:          0.19.0
2026-05-08T00:32:19.7814724Z   GitCommit:        de40ad0
2026-05-08T00:32:19.7843983Z [command]/usr/bin/docker info
2026-05-08T00:32:22.2597274Z Client: Docker Engine - Community
2026-05-08T00:32:22.2597864Z  Version:    28.0.4
2026-05-08T00:32:22.2598239Z  Context:    default
2026-05-08T00:32:22.2598485Z  Debug Mode: false
2026-05-08T00:32:22.2598813Z  Plugins:
2026-05-08T00:32:22.2599032Z   buildx: Docker Buildx (Docker Inc.)
2026-05-08T00:32:22.2599320Z     Version:  v0.31.1
2026-05-08T00:32:22.2599681Z     Path:     /usr/libexec/docker/cli-plugins/docker-buildx
2026-05-08T00:32:22.2600047Z   compose: Docker Compose (Docker Inc.)
2026-05-08T00:32:22.2600343Z     Version:  v2.38.2
2026-05-08T00:32:22.2600707Z     Path:     /usr/libexec/docker/cli-plugins/docker-compose
2026-05-08T00:32:22.2600943Z 
2026-05-08T00:32:22.2601052Z Server:
2026-05-08T00:32:22.2601327Z  Containers: 0
2026-05-08T00:32:22.2601573Z   Running: 0
2026-05-08T00:32:22.2601791Z   Paused: 0
2026-05-08T00:32:22.2602032Z   Stopped: 0
2026-05-08T00:32:22.2602258Z  Images: 1
2026-05-08T00:32:22.2602484Z  Server Version: 28.0.4
2026-05-08T00:32:22.2603105Z  Storage Driver: overlay2
2026-05-08T00:32:22.2603410Z   Backing Filesystem: extfs
2026-05-08T00:32:22.2603663Z   Supports d_type: true
2026-05-08T00:32:22.2603968Z   Using metacopy: false
2026-05-08T00:32:22.2604220Z   Native Overlay Diff: false
2026-05-08T00:32:22.2604505Z   userxattr: false
2026-05-08T00:32:22.2604795Z  Logging Driver: json-file
2026-05-08T00:32:22.2605050Z  Cgroup Driver: systemd
2026-05-08T00:32:22.2605322Z  Cgroup Version: 2
2026-05-08T00:32:22.2605553Z  Plugins:
2026-05-08T00:32:22.2605785Z   Volume: local
2026-05-08T00:32:22.2606090Z   Network: bridge host ipvlan macvlan null overlay
2026-05-08T00:32:22.2606509Z   Log: awslogs fluentd gcplogs gelf journald json-file local splunk syslog
2026-05-08T00:32:22.2606909Z  Swarm: inactive
2026-05-08T00:32:22.2607186Z  Runtimes: io.containerd.runc.v2 runc
2026-05-08T00:32:22.2607628Z  Default Runtime: runc
2026-05-08T00:32:22.2607888Z  Init Binary: docker-init
2026-05-08T00:32:22.2608745Z  containerd version: dea7da592f5d1d2b7755e3a161be07f43fad8f75
2026-05-08T00:32:22.2609133Z  runc version: v1.3.4-0-gd6d73eb8
2026-05-08T00:32:22.2609451Z  init version: de40ad0
2026-05-08T00:32:22.2609709Z  Security Options:
2026-05-08T00:32:22.2609959Z   apparmor
2026-05-08T00:32:22.2610212Z   seccomp
2026-05-08T00:32:22.2610447Z    Profile: builtin
2026-05-08T00:32:22.2610677Z   cgroupns
2026-05-08T00:32:22.2610936Z  Kernel Version: 6.14.0-1017-azure
2026-05-08T00:32:22.2611249Z  Operating System: Ubuntu 24.04.3 LTS
2026-05-08T00:32:22.2611523Z  OSType: linux
2026-05-08T00:32:22.2611784Z  Architecture: aarch64
2026-05-08T00:32:22.2612010Z  CPUs: 4
2026-05-08T00:32:22.2612187Z  Total Memory: 15.58GiB
2026-05-08T00:32:22.2612509Z  Name: runnervm6gd1v
2026-05-08T00:32:22.2613072Z  ID: 4ae0b85c-b74d-4a0f-bfb1-54131c968d87
2026-05-08T00:32:22.2613446Z  Docker Root Dir: /var/lib/docker
2026-05-08T00:32:22.2613755Z  Debug Mode: false
2026-05-08T00:32:22.2613989Z  Username: githubactions
2026-05-08T00:32:22.2614407Z  Experimental: false
2026-05-08T00:32:22.2614718Z  Insecure Registries:
2026-05-08T00:32:22.2618905Z   ::1/128
2026-05-08T00:32:22.2619302Z   127.0.0.0/8
2026-05-08T00:32:22.2619561Z  Live Restore Enabled: false
2026-05-08T00:32:22.2619748Z 
2026-05-08T00:32:22.2621071Z ##[endgroup]
2026-05-08T00:32:22.2621561Z ##[group]Pulling binfmt Docker image
2026-05-08T00:32:22.2637048Z [command]/usr/bin/docker pull tonistiigi/binfmt:qemu-v10.2.1-65
2026-05-08T00:32:37.3064016Z Error response from daemon: Get "https://registry-1.docker.io/v2/": net/http: request canceled (Client.Timeout exceeded while awaiting headers)
2026-05-08T00:32:37.3078448Z ##[endgroup]
2026-05-08T00:32:37.3101649Z ##[error]Error response from daemon: Get "https://registry-1.docker.io/v2/": net/http: request canceled (Client.Timeout exceeded while awaiting headers)
2026-05-08T00:32:37.3433179Z Post job cleanup.
2026-05-08T00:32:37.4528933Z ##[group]Post cache
2026-05-08T00:32:37.4529192Z State not set
2026-05-08T00:32:37.4530622Z ##[endgroup]
2026-05-08T00:32:37.4650443Z Evaluate and set job outputs
2026-05-08T00:32:37.4662134Z Cleaning up orphan processes
