2026-05-19T20:51:45.7543445Z Current runner version: '2.334.0'
2026-05-19T20:51:45.7573743Z ##[group]Runner Image Provisioner
2026-05-19T20:51:45.7574895Z Hosted Compute Agent
2026-05-19T20:51:45.7575800Z Version: 20260415.520
2026-05-19T20:51:45.7576410Z Commit: af089020f5f67b61ccc91db6c07980876c02bf7b
2026-05-19T20:51:45.7577196Z Build Date: 2026-04-15T18:07:08Z
2026-05-19T20:51:45.7577865Z Worker ID: {7e596ec2-bfac-4afd-8f0b-625c9c1a7380}
2026-05-19T20:51:45.7578703Z Azure Region: westcentralus
2026-05-19T20:51:45.7579263Z ##[endgroup]
2026-05-19T20:51:45.7580810Z ##[group]Operating System
2026-05-19T20:51:45.7581422Z Microsoft Windows Server 2025
2026-05-19T20:51:45.7582068Z 10.0.26100
2026-05-19T20:51:45.7582580Z Datacenter
2026-05-19T20:51:45.7583118Z ##[endgroup]
2026-05-19T20:51:45.7583697Z ##[group]Runner Image
2026-05-19T20:51:45.7584360Z Image: windows-2025
2026-05-19T20:51:45.7584989Z Version: 20260510.128.1
2026-05-19T20:51:45.7586651Z Included Software: https://github.com/actions/runner-images/blob/win25/20260510.128/images/windows/Windows2025-Readme.md
2026-05-19T20:51:45.7588487Z Image Release: https://github.com/actions/runner-images/releases/tag/win25%2F20260510.128
2026-05-19T20:51:45.7589540Z ##[endgroup]
2026-05-19T20:51:45.7590703Z ##[group]GITHUB_TOKEN Permissions
2026-05-19T20:51:45.7592946Z Contents: read
2026-05-19T20:51:45.7593542Z Metadata: read
2026-05-19T20:51:45.7594109Z ##[endgroup]
2026-05-19T20:51:45.7596561Z Secret source: Actions
2026-05-19T20:51:45.7597366Z Prepare workflow directory
2026-05-19T20:51:45.8057041Z Prepare all required actions
2026-05-19T20:51:45.8091295Z Getting action download info
2026-05-19T20:51:46.2139923Z Download action repository 'actions/checkout@v4' (SHA:34e114876b0b11c390a56381ad16ebd13914f8d5)
2026-05-19T20:51:46.3078955Z Download action repository 'actions/cache@v4' (SHA:0057852bfaa89a56745cba8c7296529d2fc39830)
2026-05-19T20:51:46.4207028Z Download action repository 'actions/upload-artifact@v4' (SHA:ea165f8d65b6e75b540449e92b4886f43607fa02)
2026-05-19T20:51:46.6909316Z Uses: moby/moby/.github/workflows/.windows.yml@refs/heads/25.0 (f930df54d23cf0ab4263c5dd3cbcb6e415f6af66)
2026-05-19T20:51:46.6914006Z ##[group] Inputs
2026-05-19T20:51:46.6914391Z   os: windows-2025
2026-05-19T20:51:46.6914717Z   storage: graphdriver
2026-05-19T20:51:46.6915589Z   send_coverage: false
2026-05-19T20:51:46.6915939Z ##[endgroup]
2026-05-19T20:51:46.6916270Z Complete job name: run (graphdriver) / build
2026-05-19T20:51:46.8199361Z ##[group]Run actions/checkout@v4
2026-05-19T20:51:46.8200219Z with:
2026-05-19T20:51:46.8200602Z   path: D:\a\moby\moby\go/src/github.com/docker/docker
2026-05-19T20:51:46.8201068Z   repository: moby/moby
2026-05-19T20:51:46.8201790Z   token: ***
2026-05-19T20:51:46.8202109Z   ssh-strict: true
2026-05-19T20:51:46.8202414Z   ssh-user: git
2026-05-19T20:51:46.8202733Z   persist-credentials: true
2026-05-19T20:51:46.8203077Z   clean: true
2026-05-19T20:51:46.8203374Z   sparse-checkout-cone-mode: true
2026-05-19T20:51:46.8203748Z   fetch-depth: 1
2026-05-19T20:51:46.8204071Z   fetch-tags: false
2026-05-19T20:51:46.8204376Z   show-progress: true
2026-05-19T20:51:46.8204685Z   lfs: false
2026-05-19T20:51:46.8204959Z   submodules: false
2026-05-19T20:51:46.8205287Z   set-safe-directory: true
2026-05-19T20:51:46.8205784Z env:
2026-05-19T20:51:46.8206052Z   GO_VERSION: 1.26.3
2026-05-19T20:51:46.8206362Z   GOTESTLIST_VERSION: v0.3.1
2026-05-19T20:51:46.8206765Z   TESTSTAT_VERSION: v0.1.25
2026-05-19T20:51:46.8207212Z   WINDOWS_BASE_IMAGE: mcr.microsoft.com/windows/servercore
2026-05-19T20:51:46.8207698Z   WINDOWS_BASE_TAG_2022: ltsc2022
2026-05-19T20:51:46.8208064Z   WINDOWS_BASE_TAG_2025: ltsc2025
2026-05-19T20:51:46.8208432Z   TEST_IMAGE_NAME: moby:test
2026-05-19T20:51:46.8208763Z   TEST_CTN_NAME: moby
2026-05-19T20:51:46.8209069Z   DOCKER_BUILDKIT: 0
2026-05-19T20:51:46.8209373Z   ITG_CLI_MATRIX_SIZE: 6
2026-05-19T20:51:46.8209710Z   GOPATH: D:\a\moby\moby\go
2026-05-19T20:51:46.8210057Z   GOBIN: D:\a\moby\moby\go\bin
2026-05-19T20:51:46.8211768Z   BIN_OUT: D:\a\moby\moby\out
2026-05-19T20:51:46.8212116Z ##[endgroup]
2026-05-19T20:51:46.9536503Z Syncing repository: moby/moby
2026-05-19T20:51:46.9538137Z ##[group]Getting Git version info
2026-05-19T20:51:46.9539158Z Working directory is 'D:\a\moby\moby\go\src\github.com\docker\docker'
2026-05-19T20:51:47.0222830Z [command]"C:\Program Files\Git\bin\git.exe" version
2026-05-19T20:51:47.6950745Z git version 2.54.0.windows.1
2026-05-19T20:51:47.6992852Z ##[endgroup]
2026-05-19T20:51:47.7009825Z Temporarily overriding HOME='D:\a\_temp\d521728d-ff02-4381-a5be-7ca2afd1d080' before making global git config changes
2026-05-19T20:51:47.7011212Z Adding repository directory to the temporary git global config as a safe directory
2026-05-19T20:51:47.7019472Z [command]"C:\Program Files\Git\bin\git.exe" config --global --add safe.directory D:\a\moby\moby\go\src\github.com\docker\docker
2026-05-19T20:51:47.7647889Z ##[group]Initializing the repository
2026-05-19T20:51:47.7657562Z [command]"C:\Program Files\Git\bin\git.exe" init D:\a\moby\moby\go\src\github.com\docker\docker
2026-05-19T20:51:48.0535716Z Initialized empty Git repository in D:/a/moby/moby/go/src/github.com/docker/docker/.git/
2026-05-19T20:51:48.0577239Z [command]"C:\Program Files\Git\bin\git.exe" remote add origin https://github.com/moby/moby
2026-05-19T20:51:48.0993871Z ##[endgroup]
2026-05-19T20:51:48.0995013Z ##[group]Disabling automatic garbage collection
2026-05-19T20:51:48.1002702Z [command]"C:\Program Files\Git\bin\git.exe" config --local gc.auto 0
2026-05-19T20:51:48.1251441Z ##[endgroup]
2026-05-19T20:51:48.1252930Z ##[group]Setting up auth
2026-05-19T20:51:48.1263741Z [command]"C:\Program Files\Git\bin\git.exe" config --local --name-only --get-regexp core\.sshCommand
2026-05-19T20:51:48.1548719Z [command]"C:\Program Files\Git\bin\git.exe" submodule foreach --recursive "sh -c \"git config --local --name-only --get-regexp 'core\.sshCommand' && git config --local --unset-all 'core.sshCommand' || :\""
2026-05-19T20:51:49.8993952Z [command]"C:\Program Files\Git\bin\git.exe" config --local --name-only --get-regexp http\.https\:\/\/github\.com\/\.extraheader
2026-05-19T20:51:49.9238042Z [command]"C:\Program Files\Git\bin\git.exe" submodule foreach --recursive "sh -c \"git config --local --name-only --get-regexp 'http\.https\:\/\/github\.com\/\.extraheader' && git config --local --unset-all 'http.https://github.com/.extraheader' || :\""
2026-05-19T20:51:50.3550562Z [command]"C:\Program Files\Git\bin\git.exe" config --local --name-only --get-regexp ^includeIf\.gitdir:
2026-05-19T20:51:50.3820368Z [command]"C:\Program Files\Git\bin\git.exe" submodule foreach --recursive "git config --local --show-origin --name-only --get-regexp remote.origin.url"
2026-05-19T20:51:50.7915348Z [command]"C:\Program Files\Git\bin\git.exe" config --local http.https://github.com/.extraheader "AUTHORIZATION: basic ***"
2026-05-19T20:51:50.8161460Z ##[endgroup]
2026-05-19T20:51:50.8161998Z ##[group]Fetching the repository
2026-05-19T20:51:50.8173166Z [command]"C:\Program Files\Git\bin\git.exe" -c protocol.version=2 fetch --no-tags --prune --no-recurse-submodules --depth=1 origin +f930df54d23cf0ab4263c5dd3cbcb6e415f6af66:refs/remotes/origin/25.0
2026-05-19T20:51:54.7533623Z From https://github.com/moby/moby
2026-05-19T20:51:54.7534185Z  * [new ref]         f930df54d23cf0ab4263c5dd3cbcb6e415f6af66 -> origin/25.0
2026-05-19T20:51:54.7817907Z ##[endgroup]
2026-05-19T20:51:54.7818311Z ##[group]Determining the checkout info
2026-05-19T20:51:54.7819911Z ##[endgroup]
2026-05-19T20:51:54.7829278Z [command]"C:\Program Files\Git\bin\git.exe" sparse-checkout disable
2026-05-19T20:51:54.8133241Z [command]"C:\Program Files\Git\bin\git.exe" config --local --unset-all extensions.worktreeConfig
2026-05-19T20:51:54.8403113Z ##[group]Checking out the ref
2026-05-19T20:51:54.8412128Z [command]"C:\Program Files\Git\bin\git.exe" checkout --progress --force -B 25.0 refs/remotes/origin/25.0
2026-05-19T20:51:55.8833275Z Updating files:  40% (3768/9288)
2026-05-19T20:51:55.9027902Z Updating files:  41% (3809/9288)
2026-05-19T20:51:55.9223305Z Updating files:  42% (3901/9288)
2026-05-19T20:51:55.9402769Z Updating files:  43% (3994/9288)
2026-05-19T20:51:55.9593579Z Updating files:  44% (4087/9288)
2026-05-19T20:51:55.9756164Z Updating files:  45% (4180/9288)
2026-05-19T20:51:55.9942424Z Updating files:  46% (4273/9288)
2026-05-19T20:51:56.0116152Z Updating files:  47% (4366/9288)
2026-05-19T20:51:56.0288462Z Updating files:  48% (4459/9288)
2026-05-19T20:51:56.0485320Z Updating files:  49% (4552/9288)
2026-05-19T20:51:56.0700456Z Updating files:  50% (4644/9288)
2026-05-19T20:51:56.1459087Z Updating files:  51% (4737/9288)
2026-05-19T20:51:56.1666048Z Updating files:  52% (4830/9288)
2026-05-19T20:51:56.1854915Z Updating files:  53% (4923/9288)
2026-05-19T20:51:56.2037812Z Updating files:  54% (5016/9288)
2026-05-19T20:51:56.2232251Z Updating files:  55% (5109/9288)
2026-05-19T20:51:56.2412594Z Updating files:  56% (5202/9288)
2026-05-19T20:51:56.2626141Z Updating files:  57% (5295/9288)
2026-05-19T20:51:56.2818173Z Updating files:  58% (5388/9288)
2026-05-19T20:51:56.3026056Z Updating files:  59% (5480/9288)
2026-05-19T20:51:56.3231316Z Updating files:  60% (5573/9288)
2026-05-19T20:51:56.3399469Z Updating files:  61% (5666/9288)
2026-05-19T20:51:56.3589440Z Updating files:  62% (5759/9288)
2026-05-19T20:51:56.3876226Z Updating files:  63% (5852/9288)
2026-05-19T20:51:56.4085399Z Updating files:  64% (5945/9288)
2026-05-19T20:51:56.4246845Z Updating files:  65% (6038/9288)
2026-05-19T20:51:56.4420362Z Updating files:  66% (6131/9288)
2026-05-19T20:51:56.4607349Z Updating files:  67% (6223/9288)
2026-05-19T20:51:56.4790025Z Updating files:  68% (6316/9288)
2026-05-19T20:51:56.5365786Z Updating files:  69% (6409/9288)
2026-05-19T20:51:56.5541758Z Updating files:  70% (6502/9288)
2026-05-19T20:51:56.5722473Z Updating files:  71% (6595/9288)
2026-05-19T20:51:56.5889099Z Updating files:  72% (6688/9288)
2026-05-19T20:51:56.6084018Z Updating files:  73% (6781/9288)
2026-05-19T20:51:56.6253366Z Updating files:  74% (6874/9288)
2026-05-19T20:51:56.6410762Z Updating files:  75% (6966/9288)
2026-05-19T20:51:56.6568521Z Updating files:  76% (7059/9288)
2026-05-19T20:51:56.6737285Z Updating files:  77% (7152/9288)
2026-05-19T20:51:56.6931969Z Updating files:  78% (7245/9288)
2026-05-19T20:51:56.7123022Z Updating files:  79% (7338/9288)
2026-05-19T20:51:56.7316657Z Updating files:  80% (7431/9288)
2026-05-19T20:51:56.7485415Z Updating files:  81% (7524/9288)
2026-05-19T20:51:56.7693395Z Updating files:  82% (7617/9288)
2026-05-19T20:51:56.7882555Z Updating files:  83% (7710/9288)
2026-05-19T20:51:56.8083402Z Updating files:  84% (7802/9288)
2026-05-19T20:51:56.8291315Z Updating files:  85% (7895/9288)
2026-05-19T20:51:56.8426277Z Updating files:  86% (7988/9288)
2026-05-19T20:51:56.8571106Z Updating files:  87% (8081/9288)
2026-05-19T20:51:56.8731878Z Updating files:  88% (8174/9288)
2026-05-19T20:51:56.8906080Z Updating files:  89% (8267/9288)
2026-05-19T20:51:56.9512726Z Updating files:  89% (8351/9288)
2026-05-19T20:51:57.2087024Z Updating files:  90% (8360/9288)
2026-05-19T20:51:57.2308734Z Updating files:  91% (8453/9288)
2026-05-19T20:51:57.2556437Z Updating files:  92% (8545/9288)
2026-05-19T20:51:57.2811782Z Updating files:  93% (8638/9288)
2026-05-19T20:51:57.3028099Z Updating files:  94% (8731/9288)
2026-05-19T20:51:57.3234025Z Updating files:  95% (8824/9288)
2026-05-19T20:51:57.3432868Z Updating files:  96% (8917/9288)
2026-05-19T20:51:57.3643572Z Updating files:  97% (9010/9288)
2026-05-19T20:51:57.3832654Z Updating files:  98% (9103/9288)
2026-05-19T20:51:57.4001109Z Updating files:  99% (9196/9288)
2026-05-19T20:51:57.4003940Z Updating files: 100% (9288/9288)
2026-05-19T20:51:57.4004226Z Updating files: 100% (9288/9288), done.
2026-05-19T20:51:57.4195473Z Switched to a new branch '25.0'
2026-05-19T20:51:57.4208617Z branch '25.0' set up to track 'origin/25.0'.
2026-05-19T20:51:57.4277562Z ##[endgroup]
2026-05-19T20:51:57.4541261Z [command]"C:\Program Files\Git\bin\git.exe" log -1 --format=%H
2026-05-19T20:51:57.4758462Z f930df54d23cf0ab4263c5dd3cbcb6e415f6af66
2026-05-19T20:51:57.5052708Z ##[group]Run Get-ChildItem Env: | Out-String
2026-05-19T20:51:57.5053036Z [36;1mGet-ChildItem Env: | Out-String[0m
2026-05-19T20:51:57.8536874Z shell: C:\Program Files\PowerShell\7\pwsh.EXE -command ". '{0}'"
2026-05-19T20:51:57.8537157Z env:
2026-05-19T20:51:57.8537298Z   GO_VERSION: 1.26.3
2026-05-19T20:51:57.8537456Z   GOTESTLIST_VERSION: v0.3.1
2026-05-19T20:51:57.8537625Z   TESTSTAT_VERSION: v0.1.25
2026-05-19T20:51:57.8537841Z   WINDOWS_BASE_IMAGE: mcr.microsoft.com/windows/servercore
2026-05-19T20:51:57.8538069Z   WINDOWS_BASE_TAG_2022: ltsc2022
2026-05-19T20:51:57.8538243Z   WINDOWS_BASE_TAG_2025: ltsc2025
2026-05-19T20:51:57.8538410Z   TEST_IMAGE_NAME: moby:test
2026-05-19T20:51:57.8538563Z   TEST_CTN_NAME: moby
2026-05-19T20:51:57.8538723Z   DOCKER_BUILDKIT: 0
2026-05-19T20:51:57.8538865Z   ITG_CLI_MATRIX_SIZE: 6
2026-05-19T20:51:57.8539046Z   GOPATH: D:\a\moby\moby\go
2026-05-19T20:51:57.8539218Z   GOBIN: D:\a\moby\moby\go\bin
2026-05-19T20:51:57.8539448Z   BIN_OUT: D:\a\moby\moby\out
2026-05-19T20:51:57.8539602Z ##[endgroup]
2026-05-19T20:52:08.4000928Z 
2026-05-19T20:52:08.4001791Z Name                           Value
2026-05-19T20:52:08.4002177Z ----                           -----
2026-05-19T20:52:08.4002634Z ACTIONS_ORCHESTRATION_ID       742b21e4-1100-47c4-8cbd-46caa642d835.run.graphdriver.build.__default
2026-05-19T20:52:08.4003413Z ACTIONS_RUNNER_ACTION_ARCHIVE… C:\actionarchivecache\
2026-05-19T20:52:08.4003735Z ACTIONS_RUNNER_RETURN_JOB_RES… 1
2026-05-19T20:52:08.4003950Z AGENT_TOOLSDIRECTORY           C:\hostedtoolcache\windows
2026-05-19T20:52:08.4058483Z ALLUSERSPROFILE                C:\ProgramData
2026-05-19T20:52:08.4058771Z ANDROID_HOME                   C:\Android\android-sdk
2026-05-19T20:52:08.4059038Z ANDROID_NDK                    C:\Android\android-sdk\ndk\27.3.13750724
2026-05-19T20:52:08.4059491Z ANDROID_NDK_HOME               C:\Android\android-sdk\ndk\27.3.13750724
2026-05-19T20:52:08.4059798Z ANDROID_NDK_LATEST_HOME        C:\Android\android-sdk\ndk\29.0.14206865
2026-05-19T20:52:08.4060086Z ANDROID_NDK_ROOT               C:\Android\android-sdk\ndk\27.3.13750724
2026-05-19T20:52:08.4060343Z ANDROID_SDK_ROOT               C:\Android\android-sdk
2026-05-19T20:52:08.4060635Z ANT_HOME                       C:\ProgramData\chocolatey\lib\ant\tools\apache-ant-1.10.17
2026-05-19T20:52:08.4060952Z APPDATA                        C:\Users\runneradmin\AppData\Roaming
2026-05-19T20:52:08.4061198Z AZ_DEVOPS_GLOBAL_CONFIG_DIR    C:\azureDevOpsCli
2026-05-19T20:52:08.4061411Z AZURE_CONFIG_DIR               C:\azureCli
2026-05-19T20:52:08.4061624Z AZURE_DEVOPS_CACHE_DIR         C:\azureDevOpsCli\cache
2026-05-19T20:52:08.4061931Z AZURE_EXTENSION_DIR            C:\Program Files\Common Files\AzureCliExtensionDirectory
2026-05-19T20:52:08.4062248Z BIN_OUT                        D:\a\moby\moby\out
2026-05-19T20:52:08.4062453Z CABAL_DIR                      C:\cabal
2026-05-19T20:52:08.4062679Z ChocolateyInstall              C:\ProgramData\chocolatey
2026-05-19T20:52:08.4062952Z ChromeWebDriver                C:\SeleniumWebDrivers\ChromeDriver
2026-05-19T20:52:08.4063180Z CI                             true
2026-05-19T20:52:08.4063359Z COBERTURA_HOME                 C:\cobertura-2.1.1
2026-05-19T20:52:08.4063614Z CommonProgramFiles             C:\Program Files\Common Files
2026-05-19T20:52:08.4063897Z CommonProgramFiles(x86)        C:\Program Files (x86)\Common Files
2026-05-19T20:52:08.4064178Z CommonProgramW6432             C:\Program Files\Common Files
2026-05-19T20:52:08.4064403Z COMPUTERNAME                   runnervmp4gaq
2026-05-19T20:52:08.4064619Z ComSpec                        C:\Windows\system32\cmd.exe
2026-05-19T20:52:08.4064830Z CONDA                          C:\Miniconda
2026-05-19T20:52:08.4065008Z DOCKER_BUILDKIT                0
2026-05-19T20:52:08.4065452Z DOTNET_MULTILEVEL_LOOKUP       0
2026-05-19T20:52:08.4065609Z DOTNET_NOLOGO                  1
2026-05-19T20:52:08.4068149Z DOTNET_SKIP_FIRST_TIME_EXPERI… 1
2026-05-19T20:52:08.4068443Z DriverData                     C:\Windows\System32\Drivers\DriverData
2026-05-19T20:52:08.4068745Z EdgeWebDriver                  C:\SeleniumWebDrivers\EdgeDriver
2026-05-19T20:52:08.4069029Z ENABLE_RUNNER_TRACING          true
2026-05-19T20:52:08.4069240Z GCM_INTERACTIVE                Never
2026-05-19T20:52:08.4069491Z GeckoWebDriver                 C:\SeleniumWebDrivers\GeckoDriver
2026-05-19T20:52:08.4069734Z GHCUP_INSTALL_BASE_PREFIX      C:\
2026-05-19T20:52:08.4069924Z GHCUP_MSYS2                    C:\msys64
2026-05-19T20:52:08.4070102Z GITHUB_ACTION                  __run
2026-05-19T20:52:08.4070278Z GITHUB_ACTION_REF              
2026-05-19T20:52:08.4070441Z GITHUB_ACTION_REPOSITORY       
2026-05-19T20:52:08.4070604Z GITHUB_ACTIONS                 true
2026-05-19T20:52:08.4070770Z GITHUB_ACTOR                   corhere
2026-05-19T20:52:08.4070959Z GITHUB_ACTOR_ID                274527
2026-05-19T20:52:08.4071182Z GITHUB_API_URL                 https://api.github.com
2026-05-19T20:52:08.4071417Z GITHUB_BASE_REF                
2026-05-19T20:52:08.4071713Z GITHUB_ENV                     D:\a\_temp\_runner_file_commands\set_env_979cdb8b-b215-4672-baf9-33cef396ecbc
2026-05-19T20:52:08.4072020Z GITHUB_EVENT_NAME              push
2026-05-19T20:52:08.4072251Z GITHUB_EVENT_PATH              D:\a\_temp\_github_workflow\event.json
2026-05-19T20:52:08.4072541Z GITHUB_GRAPHQL_URL             https://api.github.com/graphql
2026-05-19T20:52:08.4072776Z GITHUB_HEAD_REF                
2026-05-19T20:52:08.4072929Z GITHUB_JOB                     build
2026-05-19T20:52:08.4073237Z GITHUB_OUTPUT                  D:\a\_temp\_runner_file_commands\set_output_979cdb8b-b215-4672-baf9-33cef396ecbc
2026-05-19T20:52:08.4073673Z GITHUB_PATH                    D:\a\_temp\_runner_file_commands\add_path_979cdb8b-b215-4672-baf9-33cef396ecbc
2026-05-19T20:52:08.4073990Z GITHUB_REF                     refs/heads/25.0
2026-05-19T20:52:08.4074190Z GITHUB_REF_NAME                25.0
2026-05-19T20:52:08.4074364Z GITHUB_REF_PROTECTED           true
2026-05-19T20:52:08.4074536Z GITHUB_REF_TYPE                branch
2026-05-19T20:52:08.4074715Z GITHUB_REPOSITORY              moby/moby
2026-05-19T20:52:08.4074906Z GITHUB_REPOSITORY_ID           7691631
2026-05-19T20:52:08.4075078Z GITHUB_REPOSITORY_OWNER        moby
2026-05-19T20:52:08.4075298Z GITHUB_REPOSITORY_OWNER_ID     27259197
2026-05-19T20:52:08.4075532Z GITHUB_RETENTION_DAYS          90
2026-05-19T20:52:08.4075705Z GITHUB_RUN_ATTEMPT             1
2026-05-19T20:52:08.4075893Z GITHUB_RUN_ID                  26124526000
2026-05-19T20:52:08.4076078Z GITHUB_RUN_NUMBER              6633
2026-05-19T20:52:08.4076271Z GITHUB_SERVER_URL              https://github.com
2026-05-19T20:52:08.4076538Z GITHUB_SHA                     f930df54d23cf0ab4263c5dd3cbcb6e415f6af66
2026-05-19T20:52:08.4076907Z GITHUB_STATE                   D:\a\_temp\_runner_file_commands\save_state_979cdb8b-b215-4672-baf9-33cef396ecbc
2026-05-19T20:52:08.4077369Z GITHUB_STEP_SUMMARY            D:\a\_temp\_runner_file_commands\step_summary_979cdb8b-b215-4672-baf9-33cef396ecbc
2026-05-19T20:52:08.4077698Z GITHUB_TRIGGERING_ACTOR        corhere
2026-05-19T20:52:08.4077891Z GITHUB_WORKFLOW                windows-2025
2026-05-19T20:52:08.4078191Z GITHUB_WORKFLOW_REF            moby/moby/.github/workflows/windows-2025.yml@refs/heads/25.0
2026-05-19T20:52:08.4078531Z GITHUB_WORKFLOW_SHA            f930df54d23cf0ab4263c5dd3cbcb6e415f6af66
2026-05-19T20:52:08.4078789Z GITHUB_WORKSPACE               D:\a\moby\moby
2026-05-19T20:52:08.4078971Z GO_VERSION                     1.26.3
2026-05-19T20:52:08.4079183Z GOBIN                          D:\a\moby\moby\go\bin
2026-05-19T20:52:08.4079569Z GOPATH                         D:\a\moby\moby\go
2026-05-19T20:52:08.4079817Z GOROOT_1_22_X64                C:\hostedtoolcache\windows\go\1.22.12\x64
2026-05-19T20:52:08.4080643Z GOROOT_1_23_X64                C:\hostedtoolcache\windows\go\1.23.12\x64
2026-05-19T20:52:08.4081225Z GOROOT_1_24_X64                C:\hostedtoolcache\windows\go\1.24.13\x64
2026-05-19T20:52:08.4081505Z GOROOT_1_25_X64                C:\hostedtoolcache\windows\go\1.25.10\x64
2026-05-19T20:52:08.4081728Z GOTESTLIST_VERSION             v0.3.1
2026-05-19T20:52:08.4081983Z GRADLE_HOME                    C:\ProgramData\chocolatey\lib\gradle\tools\gradle-9.5.0
2026-05-19T20:52:08.4082245Z HOMEDRIVE                      C:
2026-05-19T20:52:08.4082436Z HOMEPATH                       \Users\runneradmin
2026-05-19T20:52:08.4082673Z IEWebDriver                    C:\SeleniumWebDrivers\IEDriver
2026-05-19T20:52:08.4082899Z ImageOS                        win25
2026-05-19T20:52:08.4083087Z ImageVersion                   20260510.128.1
2026-05-19T20:52:08.4083271Z ITG_CLI_MATRIX_SIZE            6
2026-05-19T20:52:08.4083574Z JAVA_HOME                      C:\hostedtoolcache\windows\Java_Temurin-Hotspot_jdk\17.0.19-10\x64
2026-05-19T20:52:08.4083972Z JAVA_HOME_11_X64               C:\hostedtoolcache\windows\Java_Temurin-Hotspot_jdk\11.0.31-11\x64
2026-05-19T20:52:08.4084371Z JAVA_HOME_17_X64               C:\hostedtoolcache\windows\Java_Temurin-Hotspot_jdk\17.0.19-10\x64
2026-05-19T20:52:08.4084759Z JAVA_HOME_21_X64               C:\hostedtoolcache\windows\Java_Temurin-Hotspot_jdk\21.0.11-10.0\x64
2026-05-19T20:52:08.4085156Z JAVA_HOME_25_X64               C:\hostedtoolcache\windows\Java_Temurin-Hotspot_jdk\25.0.3-9.0\x64
2026-05-19T20:52:08.4085543Z JAVA_HOME_8_X64                C:\hostedtoolcache\windows\Java_Temurin-Hotspot_jdk\8.0.482-8\x64
2026-05-19T20:52:08.4085983Z LOCALAPPDATA                   C:\Users\runneradmin\AppData\Local
2026-05-19T20:52:08.4086307Z LOGONSERVER                    \\runnervmp4gaq
2026-05-19T20:52:08.4086569Z M2                             C:\ProgramData\chocolatey\lib\maven\apache-maven-3.9.15\bin
2026-05-19T20:52:08.4086860Z M2_REPO                        C:\ProgramData\m2
2026-05-19T20:52:08.4087087Z MAVEN_OPTS                     -Xms256m
2026-05-19T20:52:08.4087296Z npm_config_prefix              C:\npm\prefix
2026-05-19T20:52:08.4087504Z NUMBER_OF_PROCESSORS           4
2026-05-19T20:52:08.4087673Z OS                             Windows_NT
2026-05-19T20:52:08.4088107Z Path                           C:\Program Files\PowerShell\7;C:\Program Files\MongoDB\Server\7.0\bin;C:\vcpkg;C:\tools\…
2026-05-19T20:52:08.4088517Z PATHEXT                        .COM;.EXE;.BAT;.CMD;.VBS;.VBE;.JS;.JSE;.WSF;.WSH;.MSC;.CPL
2026-05-19T20:52:08.4088815Z PGBIN                          C:\Program Files\PostgreSQL\17\bin
2026-05-19T20:52:08.4089052Z PGDATA                         C:\PostgreSQL\17\data
2026-05-19T20:52:08.4089260Z PGPASSWORD                     root
2026-05-19T20:52:08.4089471Z PGROOT                         C:\Program Files\PostgreSQL\17
2026-05-19T20:52:08.4089680Z PGUSER                         postgres
2026-05-19T20:52:08.4089873Z PHPROOT                        c:\tools\php
2026-05-19T20:52:08.4090124Z PIPX_BIN_DIR                   C:\Program Files (x86)\pipx_bin
2026-05-19T20:52:08.4090375Z PIPX_HOME                      C:\Program Files (x86)\pipx
2026-05-19T20:52:08.4090675Z POWERSHELL_DISTRIBUTION_CHANN… GitHub-Actions-win25
2026-05-19T20:52:08.4090920Z POWERSHELL_UPDATECHECK         Off
2026-05-19T20:52:08.4091102Z PROCESSOR_ARCHITECTURE         AMD64
2026-05-19T20:52:08.4091359Z PROCESSOR_IDENTIFIER           AMD64 Family 25 Model 17 Stepping 1, AuthenticAMD
2026-05-19T20:52:08.4091636Z PROCESSOR_LEVEL                25
2026-05-19T20:52:08.4091802Z PROCESSOR_REVISION             1101
2026-05-19T20:52:08.4091989Z ProgramData                    C:\ProgramData
2026-05-19T20:52:08.4092193Z ProgramFiles                   C:\Program Files
2026-05-19T20:52:08.4092426Z ProgramFiles(x86)              C:\Program Files (x86)
2026-05-19T20:52:08.4092649Z ProgramW6432                   C:\Program Files
2026-05-19T20:52:08.4093054Z PSModuleAnalysisCachePath      C:\PSModuleAnalysisCachePath\ModuleAnalysisCache
2026-05-19T20:52:08.4093636Z PSModulePath                   C:\Users\runneradmin\Documents\PowerShell\Modules;C:\Program Files\PowerShell\Modules;c:…
2026-05-19T20:52:08.4094016Z PUBLIC                         C:\Users\Public
2026-05-19T20:52:08.4094217Z RTOOLS45_HOME                  C:\rtools45
2026-05-19T20:52:08.4094389Z RUNNER_ARCH                    X64
2026-05-19T20:52:08.4094573Z RUNNER_ENVIRONMENT             github-hosted
2026-05-19T20:52:08.4094784Z RUNNER_NAME                    GitHub Actions 1001434074
2026-05-19T20:52:08.4094994Z RUNNER_OS                      Windows
2026-05-19T20:52:08.4095173Z RUNNER_TEMP                    D:\a\_temp
2026-05-19T20:52:08.4095386Z RUNNER_TOOL_CACHE              C:\hostedtoolcache\windows
2026-05-19T20:52:08.4095666Z RUNNER_TRACKING_ID             github_36c12cc9-8932-4681-bccd-9daf7309508a
2026-05-19T20:52:08.4095915Z RUNNER_WORKSPACE               D:\a\moby
2026-05-19T20:52:08.4096131Z SBT_HOME                       C:\Program Files (x86)\sbt\
2026-05-19T20:52:08.4096385Z SELENIUM_JAR_PATH              C:\selenium\selenium-server.jar
2026-05-19T20:52:08.4096619Z SystemDrive                    C:
2026-05-19T20:52:08.4096785Z SystemRoot                     C:\Windows
2026-05-19T20:52:08.4096995Z TEMP                           C:\Users\RUNNER~1\AppData\Local\Temp
2026-05-19T20:52:08.4097216Z TEST_CTN_NAME                  moby
2026-05-19T20:52:08.4097382Z TEST_IMAGE_NAME                moby:test
2026-05-19T20:52:08.4097565Z TESTSTAT_VERSION               v0.1.25
2026-05-19T20:52:08.4097762Z TMP                            C:\Users\RUNNER~1\AppData\Local\Temp
2026-05-19T20:52:08.4097985Z USERDOMAIN                     runnervmp4gaq
2026-05-19T20:52:08.4098181Z USERDOMAIN_ROAMINGPROFILE      runnervmp4gaq
2026-05-19T20:52:08.4098380Z USERNAME                       runneradmin
2026-05-19T20:52:08.4098575Z USERPROFILE                    C:\Users\runneradmin
2026-05-19T20:52:08.4098793Z VCPKG_INSTALLATION_ROOT        C:\vcpkg
2026-05-19T20:52:08.4098975Z windir                         C:\Windows
2026-05-19T20:52:08.4099198Z WINDOWS_BASE_IMAGE             mcr.microsoft.com/windows/servercore
2026-05-19T20:52:08.4099581Z WINDOWS_BASE_TAG_2022          ltsc2022
2026-05-19T20:52:08.4099762Z WINDOWS_BASE_TAG_2025          ltsc2025
2026-05-19T20:52:08.4099974Z WIX                            C:\Program Files (x86)\WiX Toolset v3.14\
2026-05-19T20:52:08.4100137Z 
2026-05-19T20:52:08.4100141Z 
2026-05-19T20:52:08.7912805Z ##[group]Run New-Item -ItemType "directory" -Path "D:\a\moby\moby\go-build"
2026-05-19T20:52:08.7913283Z [36;1mNew-Item -ItemType "directory" -Path "D:\a\moby\moby\go-build"[0m
2026-05-19T20:52:08.7913645Z [36;1mNew-Item -ItemType "directory" -Path "D:\a\moby\moby\go\pkg\mod"[0m
2026-05-19T20:52:08.7913933Z [36;1mIf ("windows-2025" -eq "windows-2025") {[0m
2026-05-19T20:52:08.7914291Z [36;1m  echo "WINDOWS_BASE_IMAGE_TAG=ltsc2025" | Out-File -FilePath $Env:GITHUB_ENV -Encoding utf-8 -Append[0m
2026-05-19T20:52:08.7914686Z [36;1m} ElseIf ("windows-2025" -eq "windows-2022") {[0m
2026-05-19T20:52:08.7915036Z [36;1m  echo "WINDOWS_BASE_IMAGE_TAG=ltsc2022" | Out-File -FilePath $Env:GITHUB_ENV -Encoding utf-8 -Append[0m
2026-05-19T20:52:08.7915354Z [36;1m}[0m
2026-05-19T20:52:08.7963286Z shell: C:\Program Files\PowerShell\7\pwsh.EXE -command ". '{0}'"
2026-05-19T20:52:08.7963534Z env:
2026-05-19T20:52:08.7963670Z   GO_VERSION: 1.26.3
2026-05-19T20:52:08.7963873Z   GOTESTLIST_VERSION: v0.3.1
2026-05-19T20:52:08.7964045Z   TESTSTAT_VERSION: v0.1.25
2026-05-19T20:52:08.7964257Z   WINDOWS_BASE_IMAGE: mcr.microsoft.com/windows/servercore
2026-05-19T20:52:08.7964484Z   WINDOWS_BASE_TAG_2022: ltsc2022
2026-05-19T20:52:08.7964654Z   WINDOWS_BASE_TAG_2025: ltsc2025
2026-05-19T20:52:08.7964815Z   TEST_IMAGE_NAME: moby:test
2026-05-19T20:52:08.7964972Z   TEST_CTN_NAME: moby
2026-05-19T20:52:08.7965254Z   DOCKER_BUILDKIT: 0
2026-05-19T20:52:08.7965397Z   ITG_CLI_MATRIX_SIZE: 6
2026-05-19T20:52:08.7965564Z   GOPATH: D:\a\moby\moby\go
2026-05-19T20:52:08.7965729Z   GOBIN: D:\a\moby\moby\go\bin
2026-05-19T20:52:08.7965902Z   BIN_OUT: D:\a\moby\moby\out
2026-05-19T20:52:08.7966055Z ##[endgroup]
2026-05-19T20:52:09.3124013Z 
2026-05-19T20:52:09.3129319Z     Directory: D:\a\moby\moby
2026-05-19T20:52:09.3129623Z 
2026-05-19T20:52:09.3131033Z [32;1mMode   [0m[32;1m              LastWriteTime[0m [32;1;3m        Length[0m[32;1m Name[0m
2026-05-19T20:52:09.3131761Z [32;1m----   [0m [32;1m             -------------[0m [32;1m        ------[0m [32;1m----[0m
2026-05-19T20:52:09.3217583Z d----           5/19/2026  8:52 PM                [44;1mgo-build[0m
2026-05-19T20:52:09.3234020Z 
2026-05-19T20:52:09.3235964Z     Directory: D:\a\moby\moby\go\pkg
2026-05-19T20:52:09.3236198Z 
2026-05-19T20:52:09.3237095Z [32;1mMode   [0m[32;1m              LastWriteTime[0m [32;1;3m        Length[0m[32;1m Name[0m
2026-05-19T20:52:09.3237894Z [32;1m----   [0m [32;1m             -------------[0m [32;1m        ------[0m [32;1m----[0m
2026-05-19T20:52:09.3238483Z d----           5/19/2026  8:52 PM                [44;1mmod[0m
2026-05-19T20:52:09.3777742Z 
2026-05-19T20:52:10.6406011Z ##[group]Run actions/cache@v4
2026-05-19T20:52:10.6406363Z with:
2026-05-19T20:52:10.6406685Z   path: ~\AppData\Local\go-build
~\go\pkg\mod
D:\a\moby\moby\go-build
D:\a\moby\moby\go\pkg\mod

2026-05-19T20:52:10.6407165Z   key: windows-2025-build-49a95198bdd58b4f163dcb9d426ce087dd44b2ff0620457d87141fb602392031
2026-05-19T20:52:10.6407498Z   restore-keys: windows-2025-build-

2026-05-19T20:52:10.6407696Z   enableCrossOsArchive: false
2026-05-19T20:52:10.6407859Z   fail-on-cache-miss: false
2026-05-19T20:52:10.6408018Z   lookup-only: false
2026-05-19T20:52:10.6408156Z   save-always: false
2026-05-19T20:52:10.6408300Z env:
2026-05-19T20:52:10.6408422Z   GO_VERSION: 1.26.3
2026-05-19T20:52:10.6408559Z   GOTESTLIST_VERSION: v0.3.1
2026-05-19T20:52:10.6408747Z   TESTSTAT_VERSION: v0.1.25
2026-05-19T20:52:10.6408947Z   WINDOWS_BASE_IMAGE: mcr.microsoft.com/windows/servercore
2026-05-19T20:52:10.6409177Z   WINDOWS_BASE_TAG_2022: ltsc2022
2026-05-19T20:52:10.6409389Z   WINDOWS_BASE_TAG_2025: ltsc2025
2026-05-19T20:52:10.6409555Z   TEST_IMAGE_NAME: moby:test
2026-05-19T20:52:10.6409722Z   TEST_CTN_NAME: moby
2026-05-19T20:52:10.6409861Z   DOCKER_BUILDKIT: 0
2026-05-19T20:52:10.6410008Z   ITG_CLI_MATRIX_SIZE: 6
2026-05-19T20:52:10.6410157Z   GOPATH: D:\a\moby\moby\go
2026-05-19T20:52:10.6410317Z   GOBIN: D:\a\moby\moby\go\bin
2026-05-19T20:52:10.6410480Z   BIN_OUT: D:\a\moby\moby\out
2026-05-19T20:52:10.6410639Z   WINDOWS_BASE_IMAGE_TAG: ltsc2025
2026-05-19T20:52:10.6410808Z ##[endgroup]
2026-05-19T20:52:11.3318754Z Cache hit for: windows-2025-build-49a95198bdd58b4f163dcb9d426ce087dd44b2ff0620457d87141fb602392031
2026-05-19T20:52:12.5600438Z Received 67108864 of 191162939 (35.1%), 63.4 MBs/sec
2026-05-19T20:52:13.9308636Z Received 134217728 of 191162939 (70.2%), 53.8 MBs/sec
2026-05-19T20:52:15.1524512Z Received 191162939 of 191162939 (100.0%), 50.6 MBs/sec
2026-05-19T20:52:15.1579600Z Cache Size: ~182 MB (191162939 B)
2026-05-19T20:52:15.1584350Z [command]"C:\Program Files\Git\usr\bin\tar.exe" -xf D:/a/_temp/065cddcd-ef93-4d96-a09d-84af1097fe54/cache.tzst -P -C D:/a/moby/moby --force-local --use-compress-program "zstd -d"
2026-05-19T20:52:17.9975206Z Cache restored successfully
2026-05-19T20:52:18.0152113Z Cache restored from key: windows-2025-build-49a95198bdd58b4f163dcb9d426ce087dd44b2ff0620457d87141fb602392031
2026-05-19T20:52:18.0350825Z ##[group]Run docker info
2026-05-19T20:52:18.0351080Z [36;1mdocker info[0m
2026-05-19T20:52:18.0400138Z shell: C:\Program Files\PowerShell\7\pwsh.EXE -command ". '{0}'"
2026-05-19T20:52:18.0400389Z env:
2026-05-19T20:52:18.0400528Z   GO_VERSION: 1.26.3
2026-05-19T20:52:18.0400688Z   GOTESTLIST_VERSION: v0.3.1
2026-05-19T20:52:18.0400859Z   TESTSTAT_VERSION: v0.1.25
2026-05-19T20:52:18.0401240Z   WINDOWS_BASE_IMAGE: mcr.microsoft.com/windows/servercore
2026-05-19T20:52:18.0401474Z   WINDOWS_BASE_TAG_2022: ltsc2022
2026-05-19T20:52:18.0401643Z   WINDOWS_BASE_TAG_2025: ltsc2025
2026-05-19T20:52:18.0401805Z   TEST_IMAGE_NAME: moby:test
2026-05-19T20:52:18.0401964Z   TEST_CTN_NAME: moby
2026-05-19T20:52:18.0402107Z   DOCKER_BUILDKIT: 0
2026-05-19T20:52:18.0402249Z   ITG_CLI_MATRIX_SIZE: 6
2026-05-19T20:52:18.0402477Z   GOPATH: D:\a\moby\moby\go
2026-05-19T20:52:18.0402758Z   GOBIN: D:\a\moby\moby\go\bin
2026-05-19T20:52:18.0403067Z   BIN_OUT: D:\a\moby\moby\out
2026-05-19T20:52:18.0403277Z   WINDOWS_BASE_IMAGE_TAG: ltsc2025
2026-05-19T20:52:18.0403446Z ##[endgroup]
2026-05-19T20:52:32.5326268Z Client:
2026-05-19T20:52:32.5327839Z failed to connect to the docker API at npipe:////./pipe/docker_engine; check if the path is correct and if the daemon is running: open //./pipe/docker_engine: The system cannot find the file specified.
2026-05-19T20:52:32.5328755Z  Version:    29.1.5
2026-05-19T20:52:32.5328958Z  Context:    default
2026-05-19T20:52:32.5329149Z  Debug Mode: false
2026-05-19T20:52:32.5329329Z  Plugins:
2026-05-19T20:52:32.5329529Z   compose: Docker Compose (Docker Inc.)
2026-05-19T20:52:32.5329797Z     Version:  v2.40.3
2026-05-19T20:52:32.5330104Z     Path:     C:\ProgramData\Docker\cli-plugins\docker-compose.exe
2026-05-19T20:52:32.5330388Z 
2026-05-19T20:52:32.5330461Z Server:
2026-05-19T20:52:32.6144279Z ##[error]Process completed with exit code 1.
2026-05-19T20:52:32.6352188Z Post job cleanup.
2026-05-19T20:52:32.8041880Z [command]"C:\Program Files\Git\bin\git.exe" version
2026-05-19T20:52:32.8275721Z git version 2.54.0.windows.1
2026-05-19T20:52:32.8335768Z Temporarily overriding HOME='D:\a\_temp\225c40e5-54c8-4440-b5f9-837ae83dfc8d' before making global git config changes
2026-05-19T20:52:32.8336492Z Adding repository directory to the temporary git global config as a safe directory
2026-05-19T20:52:32.8345701Z [command]"C:\Program Files\Git\bin\git.exe" config --global --add safe.directory D:\a\moby\moby\go\src\github.com\docker\docker
2026-05-19T20:52:32.8652002Z [command]"C:\Program Files\Git\bin\git.exe" config --local --name-only --get-regexp core\.sshCommand
2026-05-19T20:52:32.8936928Z [command]"C:\Program Files\Git\bin\git.exe" submodule foreach --recursive "sh -c \"git config --local --name-only --get-regexp 'core\.sshCommand' && git config --local --unset-all 'core.sshCommand' || :\""
2026-05-19T20:52:33.3287173Z [command]"C:\Program Files\Git\bin\git.exe" config --local --name-only --get-regexp http\.https\:\/\/github\.com\/\.extraheader
2026-05-19T20:52:33.3497344Z http.https://github.com/.extraheader
2026-05-19T20:52:33.3537645Z [command]"C:\Program Files\Git\bin\git.exe" config --local --unset-all http.https://github.com/.extraheader
2026-05-19T20:52:33.3769558Z [command]"C:\Program Files\Git\bin\git.exe" submodule foreach --recursive "sh -c \"git config --local --name-only --get-regexp 'http\.https\:\/\/github\.com\/\.extraheader' && git config --local --unset-all 'http.https://github.com/.extraheader' || :\""
2026-05-19T20:52:33.7841224Z [command]"C:\Program Files\Git\bin\git.exe" config --local --name-only --get-regexp ^includeIf\.gitdir:
2026-05-19T20:52:33.8082434Z [command]"C:\Program Files\Git\bin\git.exe" submodule foreach --recursive "git config --local --show-origin --name-only --get-regexp remote.origin.url"
2026-05-19T20:52:34.2724944Z Cleaning up orphan processes
2026-05-19T20:52:34.2882563Z ##[warning]Node.js 20 actions are deprecated. The following actions are running on Node.js 20 and may not work as expected: actions/cache@v4, actions/checkout@v4. Actions will be forced to run with Node.js 24 by default starting June 2nd, 2026. Node.js 20 will be removed from the runner on September 16th, 2026. Please check if updated versions of these actions are available that support Node.js 24. To opt into Node.js 24 now, set the FORCE_JAVASCRIPT_ACTIONS_TO_NODE24=true environment variable on the runner or in your workflow file. Once Node.js 24 becomes the default, you can temporarily opt out by setting ACTIONS_ALLOW_USE_UNSECURE_NODE_VERSION=true. For more information see: https://github.blog/changelog/2025-09-19-deprecation-of-node-20-on-github-actions-runners/
